Archive member included to satisfy reference by file (symbol)

c:/program files (x86)/gnu arm embedded toolchain/10 2021.10/bin/../lib/gcc/arm-none-eabi/10.3.1/../../../../arm-none-eabi/lib/thumb/v7e-m+fp/hard\libc_nano.a(lib_a-errno.o)
                              syscalls.o (__errno)
c:/program files (x86)/gnu arm embedded toolchain/10 2021.10/bin/../lib/gcc/arm-none-eabi/10.3.1/../../../../arm-none-eabi/lib/thumb/v7e-m+fp/hard\libc_nano.a(lib_a-exit.o)
                              c:/program files (x86)/gnu arm embedded toolchain/10 2021.10/bin/../lib/gcc/arm-none-eabi/10.3.1/../../../../arm-none-eabi/lib/thumb/v7e-m+fp/hard/crt0.o (exit)
c:/program files (x86)/gnu arm embedded toolchain/10 2021.10/bin/../lib/gcc/arm-none-eabi/10.3.1/../../../../arm-none-eabi/lib/thumb/v7e-m+fp/hard\libc_nano.a(lib_a-ffs.o)
                              USB_bare/Core/Src/usbd_driver.o (ffs)
c:/program files (x86)/gnu arm embedded toolchain/10 2021.10/bin/../lib/gcc/arm-none-eabi/10.3.1/../../../../arm-none-eabi/lib/thumb/v7e-m+fp/hard\libc_nano.a(lib_a-impure.o)
                              c:/program files (x86)/gnu arm embedded toolchain/10 2021.10/bin/../lib/gcc/arm-none-eabi/10.3.1/../../../../arm-none-eabi/lib/thumb/v7e-m+fp/hard\libc_nano.a(lib_a-exit.o) (_global_impure_ptr)
c:/program files (x86)/gnu arm embedded toolchain/10 2021.10/bin/../lib/gcc/arm-none-eabi/10.3.1/../../../../arm-none-eabi/lib/thumb/v7e-m+fp/hard\libc_nano.a(lib_a-init.o)
                              c:/program files (x86)/gnu arm embedded toolchain/10 2021.10/bin/../lib/gcc/arm-none-eabi/10.3.1/../../../../arm-none-eabi/lib/thumb/v7e-m+fp/hard/crt0.o (__libc_init_array)
c:/program files (x86)/gnu arm embedded toolchain/10 2021.10/bin/../lib/gcc/arm-none-eabi/10.3.1/../../../../arm-none-eabi/lib/thumb/v7e-m+fp/hard\libc_nano.a(lib_a-malloc.o)
                              ble.o (malloc)
c:/program files (x86)/gnu arm embedded toolchain/10 2021.10/bin/../lib/gcc/arm-none-eabi/10.3.1/../../../../arm-none-eabi/lib/thumb/v7e-m+fp/hard\libc_nano.a(lib_a-memcmp.o)
                              ThirdParty/SEGGER/OS/SEGGER_SYSVIEW_FreeRTOS.o (memcmp)
c:/program files (x86)/gnu arm embedded toolchain/10 2021.10/bin/../lib/gcc/arm-none-eabi/10.3.1/../../../../arm-none-eabi/lib/thumb/v7e-m+fp/hard\libc_nano.a(lib_a-memcpy-stub.o)
                              ble.o (memcpy)
c:/program files (x86)/gnu arm embedded toolchain/10 2021.10/bin/../lib/gcc/arm-none-eabi/10.3.1/../../../../arm-none-eabi/lib/thumb/v7e-m+fp/hard\libc_nano.a(lib_a-memset.o)
                              c:/program files (x86)/gnu arm embedded toolchain/10 2021.10/bin/../lib/gcc/arm-none-eabi/10.3.1/../../../../arm-none-eabi/lib/thumb/v7e-m+fp/hard/crt0.o (memset)
c:/program files (x86)/gnu arm embedded toolchain/10 2021.10/bin/../lib/gcc/arm-none-eabi/10.3.1/../../../../arm-none-eabi/lib/thumb/v7e-m+fp/hard\libc_nano.a(lib_a-nano-freer.o)
                              c:/program files (x86)/gnu arm embedded toolchain/10 2021.10/bin/../lib/gcc/arm-none-eabi/10.3.1/../../../../arm-none-eabi/lib/thumb/v7e-m+fp/hard\libc_nano.a(lib_a-malloc.o) (_free_r)
c:/program files (x86)/gnu arm embedded toolchain/10 2021.10/bin/../lib/gcc/arm-none-eabi/10.3.1/../../../../arm-none-eabi/lib/thumb/v7e-m+fp/hard\libc_nano.a(lib_a-nano-mallocr.o)
                              c:/program files (x86)/gnu arm embedded toolchain/10 2021.10/bin/../lib/gcc/arm-none-eabi/10.3.1/../../../../arm-none-eabi/lib/thumb/v7e-m+fp/hard\libc_nano.a(lib_a-malloc.o) (_malloc_r)
c:/program files (x86)/gnu arm embedded toolchain/10 2021.10/bin/../lib/gcc/arm-none-eabi/10.3.1/../../../../arm-none-eabi/lib/thumb/v7e-m+fp/hard\libc_nano.a(lib_a-nano-vfprintf.o)
                              USB_bare/Core/Src/logger.o (vfprintf)
c:/program files (x86)/gnu arm embedded toolchain/10 2021.10/bin/../lib/gcc/arm-none-eabi/10.3.1/../../../../arm-none-eabi/lib/thumb/v7e-m+fp/hard\libc_nano.a(lib_a-nano-vfprintf_i.o)
                              c:/program files (x86)/gnu arm embedded toolchain/10 2021.10/bin/../lib/gcc/arm-none-eabi/10.3.1/../../../../arm-none-eabi/lib/thumb/v7e-m+fp/hard\libc_nano.a(lib_a-nano-vfprintf.o) (_printf_i)
c:/program files (x86)/gnu arm embedded toolchain/10 2021.10/bin/../lib/gcc/arm-none-eabi/10.3.1/../../../../arm-none-eabi/lib/thumb/v7e-m+fp/hard\libc_nano.a(lib_a-printf.o)
                              USB_bare/Core/Src/logger.o (printf)
c:/program files (x86)/gnu arm embedded toolchain/10 2021.10/bin/../lib/gcc/arm-none-eabi/10.3.1/../../../../arm-none-eabi/lib/thumb/v7e-m+fp/hard\libc_nano.a(lib_a-putchar.o)
                              USB_bare/Core/Src/logger.o (putchar)
c:/program files (x86)/gnu arm embedded toolchain/10 2021.10/bin/../lib/gcc/arm-none-eabi/10.3.1/../../../../arm-none-eabi/lib/thumb/v7e-m+fp/hard\libc_nano.a(lib_a-puts.o)
                              ble.o (puts)
[...]
Memory Configuration

Name             Origin             Length             Attributes
FLASH            0x08000000         0x00100000         xr
SRAM             0x20000000         0x00020000         xrw
*default*        0x00000000         0xffffffff

Linker script and memory map

LOAD c:/program files (x86)/gnu arm embedded toolchain/10 2021.10/bin/../lib/gcc/arm-none-eabi/10.3.1/thumb/v7e-m+fp/hard/crti.o
LOAD c:/program files (x86)/gnu arm embedded toolchain/10 2021.10/bin/../lib/gcc/arm-none-eabi/10.3.1/thumb/v7e-m+fp/hard/crtbegin.o
LOAD c:/program files (x86)/gnu arm embedded toolchain/10 2021.10/bin/../lib/gcc/arm-none-eabi/10.3.1/../../../../arm-none-eabi/lib/thumb/v7e-m+fp/hard/crt0.o
LOAD ble.o
LOAD led.o
LOAD LIS3DSH.o
LOAD main.o
LOAD stm32_startup.o
LOAD syscalls.o
LOAD drivers/Src/stm32f407xx_gpio_driver.o
LOAD drivers/Src/stm32f407xx_i2c_driver.o
LOAD drivers/Src/stm32f407xx_rcc_driver.o
LOAD drivers/Src/stm32f407xx_spi_driver.o
LOAD drivers/Src/stm32f407xx_tim_driver.o
LOAD drivers/Src/stm32f407xx_usart_driver.o
LOAD USB_bare/Class/CDC/Src/usbd_cdc.o
LOAD USB_bare/Class/CDC/Src/usbd_cdc_if.o
LOAD USB_bare/Core/Src/logger.o
LOAD USB_bare/Core/Src/system_init.o
LOAD USB_bare/Core/Src/usbd_driver.o
LOAD USB_bare/Core/Src/usbd_framework.o
LOAD ThirdParty/FreeRTOS/portable/GCC/ARM_CM4F/port.o
LOAD ThirdParty/FreeRTOS/portable/MemMang/heap_4.o
LOAD ThirdParty/FreeRTOS/croutine.o
LOAD ThirdParty/FreeRTOS/event_groups.o
LOAD ThirdParty/FreeRTOS/list.o
LOAD ThirdParty/FreeRTOS/queue.o
LOAD ThirdParty/FreeRTOS/stream_buffer.o
LOAD ThirdParty/FreeRTOS/tasks.o
LOAD ThirdParty/FreeRTOS/timers.o
LOAD ThirdParty/SEGGER/Config/SEGGER_SYSVIEW_Config_FreeRTOS.o
LOAD ThirdParty/SEGGER/OS/SEGGER_SYSVIEW_FreeRTOS.o
LOAD ThirdParty/SEGGER/SEGGER/SEGGER_RTT.o
LOAD ThirdParty/SEGGER/SEGGER/SEGGER_RTT_printf.o
LOAD ThirdParty/SEGGER/SEGGER/SEGGER_SYSVIEW.o
LOAD ThirdParty/SEGGER/SEGGER/Syscalls/SEGGER_RTT_Syscalls_GCC.o
LOAD ThirdParty/SEGGER/Rec/segger_uart.o
LOAD ThirdParty/SEGGER/SEGGER/SEGGER_RTT_ASM_ARMv7M.o
START GROUP
LOAD c:/program files (x86)/gnu arm embedded toolchain/10 2021.10/bin/../lib/gcc/arm-none-eabi/10.3.1/thumb/v7e-m+fp/hard\libgcc.a
LOAD c:/program files (x86)/gnu arm embedded toolchain/10 2021.10/bin/../lib/gcc/arm-none-eabi/10.3.1/../../../../arm-none-eabi/lib/thumb/v7e-m+fp/hard\libc_nano.a
END GROUP
START GROUP
LOAD c:/program files (x86)/gnu arm embedded toolchain/10 2021.10/bin/../lib/gcc/arm-none-eabi/10.3.1/thumb/v7e-m+fp/hard\libgcc.a
LOAD c:/program files (x86)/gnu arm embedded toolchain/10 2021.10/bin/../lib/gcc/arm-none-eabi/10.3.1/../../../../arm-none-eabi/lib/thumb/v7e-m+fp/hard\libc_nano.a
END GROUP
LOAD c:/program files (x86)/gnu arm embedded toolchain/10 2021.10/bin/../lib/gcc/arm-none-eabi/10.3.1/thumb/v7e-m+fp/hard/crtend.o
LOAD c:/program files (x86)/gnu arm embedded toolchain/10 2021.10/bin/../lib/gcc/arm-none-eabi/10.3.1/thumb/v7e-m+fp/hard/crtn.o

.text           0x08000000    0x141b4
 *(.isr_vector)
 .isr_vector    0x08000000      0x188 stm32_startup.o
                0x08000000                vectors
 *(.text)
 .text          0x08000188        0x0 c:/program files (x86)/gnu arm embedded toolchain/10 2021.10/bin/../lib/gcc/arm-none-eabi/10.3.1/thumb/v7e-m+fp/hard/crti.o
 .text          0x08000188       0x40 c:/program files (x86)/gnu arm embedded toolchain/10 2021.10/bin/../lib/gcc/arm-none-eabi/10.3.1/thumb/v7e-m+fp/hard/crtbegin.o
 .text          0x080001c8       0x7c c:/program files (x86)/gnu arm embedded toolchain/10 2021.10/bin/../lib/gcc/arm-none-eabi/10.3.1/../../../../arm-none-eabi/lib/thumb/v7e-m+fp/hard/crt0.o
                0x080001c8                _stack_init
                0x080001d0                _start
                0x080001d0                _mainCRTStartup
 .text          0x08000244      0xba0 ble.o
                0x08000244                ble_gpio_init
                0x080002c8                SPI2_GPIOInits
                0x08000318                SPI2_Inits
                0x08000360                xnucleo_init
                0x08000380                SoftwareReset
                0x080003a8                ble_init
                0x08000608                standbyBle
                0x0800063c                fetchBleEvent
                0x08000744                checkEventResp
                0x08000790                sendCommand
                0x08000824                catchBLE
                0x08000918                setConnectable
                0x080009f0                BLE_command
                0x08000a88                addService
                0x08000afc                addCharacteristic
                0x08000b9c                updateCharValue
                0x08000c38                reset_connection_state
                0x08000c8c                disconnectBLE
                0x08000d70                setDiscoverability
 .text          0x08000de4       0xf0 led.o
                0x08000de4                led_init
                0x08000e44                leds_set
                0x08000e8c                led_on
                0x08000eb0                led_off
 .text          0x08000ed4      0x2fc LIS3DSH.o
                0x08000ed4                SPI1_GPIOInits
                0x08000f4c                SPI1_Inits
                0x08000f88                spi_write_reg
                0x08000fe4                spi_read_reg
                0x0800109c                LIS3DSH_init
                0x080010d8                LIS3DSH_read_xyz
 .text          0x080011d0      0x5c0 main.o
                0x080011d0                TIM5_init
                0x0800121c                dwt_init
                0x08001254                dwt_delay_us
                0x08001290                dwt_delay_ms
                0x080012b6                twos_complement_to_signed
                0x080012f0                Read_movement
                0x08001364                USB_FS_GPIO_INIT
                0x080013d0                USART2_GPIOInit
                0x08001414                USART2_Init
                0x08001450                main
                0x0800152c                update_msg
                0x08001588                TIM5_IRQHandler
                0x080015bc                OTG_FS_IRQHandler
                0x080015d0                OTG_FS_WKUP_IRQHandler
                0x08001614                EXTI0_IRQHandler
                0x08001626                EXTI9_5_IRQHandler
                0x080016bc                I2C_ApplicationEventCallback
                0x080016d4                Check_USB_Bus_State
 .text          0x08001790       0x90 stm32_startup.o
                0x08001790                RTC_Alarm_IRQHandler
                0x08001790                HASH_RNG_IRQHandler
                0x08001790                EXTI2_IRQHandler
                0x08001790                TIM8_CC_IRQHandler
                0x08001790                DebugMon_Handler
                0x08001790                TIM1_CC_IRQHandler
                0x08001790                DMA2_Stream5_IRQHandler
                0x08001790                HardFault_Handler
                0x08001790                DMA1_Stream5_IRQHandler
                0x08001790                PVD_IRQHandler
                0x08001790                SDIO_IRQHandler
                0x08001790                TAMP_STAMP_IRQHandler
                0x08001790                NMI_Handler
                0x08001790                CAN2_RX1_IRQHandler
                0x08001790                EXTI3_IRQHandler
                0x08001790                TIM8_TRG_COM_TIM14_IRQHandler
                0x08001790                TIM1_UP_TIM10_IRQHandler
                0x08001790                TIM8_UP_TIM13_IRQHandler
                0x08001790                I2C3_ER_IRQHandler
                0x08001790                I2C2_EV_IRQHandler
                0x08001790                DMA1_Stream2_IRQHandler
                0x08001790                CAN1_RX0_IRQHandler
                0x08001790                FPU_IRQHandler
                0x08001790                OTG_HS_WKUP_IRQHandler
                0x08001790                UsageFault_Handler
                0x08001790                CAN2_SCE_IRQHandler
                0x08001790                DMA2_Stream2_IRQHandler
                0x08001790                SPI1_IRQHandler
                0x08001790                TIM6_DAC_IRQHandler
                0x08001790                TIM1_BRK_TIM9_IRQHandler
                0x08001790                DCMI_IRQHandler
                0x08001790                CAN2_RX0_IRQHandler
                0x08001790                DMA2_Stream3_IRQHandler
                0x08001790                USART6_IRQHandler
                0x08001790                USART3_IRQHandler
                0x08001790                CRYP_IRQHandler
                0x08001790                DMA2_Stream6_IRQHandler
                0x08001790                CAN1_RX1_IRQHandler
                0x08001790                UART5_IRQHandler
                0x08001790                DMA2_Stream0_IRQHandler
                0x08001790                TIM4_IRQHandler
                0x08001790                I2C1_EV_IRQHandler
                0x08001790                DMA1_Stream6_IRQHandler
                0x08001790                DMA1_Stream1_IRQHandler
                0x08001790                UART4_IRQHandler
                0x08001790                TIM3_IRQHandler
                0x08001790                RCC_IRQHandler
                0x08001790                TIM8_BRK_TIM12_IRQHandler
                0x08001790                Default_Handler
                0x08001790                EXTI15_10_IRQHandler
                0x08001790                ADC_IRQHandler
                0x08001790                DMA1_Stream7_IRQHandler
                0x08001790                TIM7_IRQHandler
                0x08001790                CAN2_TX_IRQHandler
                0x08001790                DMA2_Stream7_IRQHandler
                0x08001790                I2C3_EV_IRQHandler
                0x08001790                RTC_WKUP_IRQHandler
                0x08001790                ETH_WKUP_IRQHandler
                0x08001790                SPI2_IRQHandler
                0x08001790                OTG_HS_EP1_IN_IRQHandler
                0x08001790                MemManage_Handler
                0x08001790                DMA1_Stream0_IRQHandler
                0x08001790                CAN1_TX_IRQHandler
                0x08001790                EXTI4_IRQHandler
                0x08001790                FSMC_IRQHandler
                0x08001790                ETH_IRQHandler
                0x08001790                OTG_HS_EP1_OUT_IRQHandler
                0x08001790                WWDG_IRQHandler
                0x08001790                TIM2_IRQHandler
                0x08001790                TIM1_TRG_COM_TIM11_IRQHandler
                0x08001790                OTG_HS_IRQHandler
                0x08001790                EXTI1_IRQHandler
                0x08001790                I2C2_ER_IRQHandler
                0x08001790                DMA2_Stream1_IRQHandler
                0x08001790                CAN1_SCE_IRQHandler
                0x08001790                DMA2_Stream4_IRQHandler
                0x08001790                BusFault_Handler
                0x08001790                USART1_IRQHandler
                0x08001790                SPI3_IRQHandler
                0x08001790                DMA1_Stream4_IRQHandler
                0x08001790                I2C1_ER_IRQHandler
                0x08001790                DMA1_Stream3_IRQHandler
                0x08001796                Reset_Handler
 .text          0x08001820      0x26c syscalls.o
                0x08001820                initialise_monitor_handles
                0x0800182e                _getpid
                0x0800183e                _kill
                0x0800185e                _exit
                0x08001872                _read
                0x080018e4                _close
                0x080018fc                _fstat
                0x0800191c                _isatty
                0x08001932                _lseek
                0x0800194c                _open
                0x08001968                _wait
                0x08001986                _unlink
                0x080019a4                _times
                0x080019bc                _stat
                0x080019dc                _link
                0x080019fc                _fork
                0x08001a12                _execve
                0x08001a34                _sbrk
 .text          0x08001a8c      0x8ec drivers/Src/stm32f407xx_gpio_driver.o
                0x08001a8c                GPIO_PeriClockControl
                0x08001c5c                GPIO_Init
                0x08001f94                GPIO_DeInit
                0x08002100                GPIO_ReadFromInputPin
                0x0800212c                GPIO_ReadFromInputPort
                0x08002148                GPIO_WriteToOutputPin
                0x08002192                GPIO_WriteToOutputPort
                0x080021b0                GPIO_ToggleOutputPin
                0x080021da                GPIO_IRQInterruptConfig
                0x080022e4                GPIO_IRQPriorityConfig
                0x08002338                GPIO_IRQHandling
 .text          0x08002378      0xd88 drivers/Src/stm32f407xx_i2c_driver.o
                0x0800245e                I2C_GenerateStopCondition
                0x0800247e                I2C_SlaveEnableDisableCallbackEvents
                0x080024e6                I2C_PeripheralControl
                0x0800251e                I2C_Init
                0x0800266c                I2C_GetFlagStatus
                0x08002694                I2C_MasterSendData
                0x0800278e                I2C_MasterReceiveData
                0x0800289a                I2C_MasterSendDataIT
                0x0800292c                I2C_MasterReceiveDataIT
                0x080029c0                I2C_SlaveSendData
                0x080029de                I2C_SlaveReceiveData
                0x080029f8                I2C_ManageAcking
                0x08002a30                I2C_PeriClockControl
                0x08002ae0                I2C_IRQInterruptConfig
                0x08002bec                I2C_IRQPriorityConfig
                0x08002d14                I2C_EV_IRQHandling
                0x08002ecc                I2C_CloseReceiveData
                0x08002f28                I2C_CloseSendData
                0x08002f6e                I2C_ER_IRQHandling
                0x0800307a                I2C_MasterSendDataIT_one
 .text          0x08003100      0x160 drivers/Src/stm32f407xx_rcc_driver.o
                0x08003100                RCC_GetPCLK1Value
                0x080031b0                RCC_GetPCLK2Value
                0x08003250                RCC_GetPLLOutputClock
 .text          0x08003260      0x800 drivers/Src/stm32f407xx_spi_driver.o
                0x08003260                SPI_PeriClockControl
                0x080032d0                SPI_Init
                0x08003386                SPI_DeInit
                0x0800339a                SPI_GetFlagStatus
                0x080033c2                SPI_TransmitReceive
                0x08003458                SPI_SendData
                0x080034c6                SPI_ReceiveData
                0x0800353c                SPI_PeripheralControl
                0x08003574                SPI_SSIConfig
                0x080035ac                SPI_SSOEConfig
                0x080035e4                SPI_IRQInterruptConfig
                0x080036f0                SPI_IRQPriorityConfig
                0x08003744                SPI_SendDataIT
                0x0800378c                SPI_ReceiveDataIT
                0x080037dc                SPI_IRQHandling
                0x080039bc                SPI_CloseTransmisson
                0x080039f2                SPI_CloseReception
                0x08003a28                SPI_ClearOVRFlag
                0x08003a48                SPI_ApplicationEventCallback
 .text          0x08003a60      0x28c drivers/Src/stm32f407xx_tim_driver.o
                0x08003a60                TIM_PeriClockControl
                0x08003ab0                timer_init
                0x08003b20                timer_reset
                0x08003b3e                TIM_IRQInterruptConfig
                0x08003c48                timer_set_ms
                0x08003c66                TIM_IRQPriorityConfig
                0x08003cba                TIM_IRQHandling
 .text          0x08003cec      0x958 drivers/Src/stm32f407xx_usart_driver.o
                0x08003cec                USART_SetBaudRate
                0x08003dd0                USART_Init
                0x08003ece                USART_PeripheralControl
                0x08003f06                USART_SendData
                0x08003fa2                USART_ReceiveData
                0x0800404c                USART_SendDataIT
                0x080040a8                USART_ReceiveDataIT
                0x080040f4                USART_PeriClockControl
                0x0800417c                USART_GetFlagStatus
                0x080041a6                USART_IRQInterruptConfig
                0x080042b0                USART_IRQPriorityConfig
                0x08004304                USART_IRQHandling
                0x0800462c                USART_ApplicationEventCallback
 .text          0x08004644        0x0 USB_bare/Class/CDC/Src/usbd_cdc.o
 .text          0x08004644        0x0 USB_bare/Class/CDC/Src/usbd_cdc_if.o
 .text          0x08004644      0x194 USB_bare/Core/Src/logger.o
                0x08004644                _get_log_level_string
                0x080046e0                log_error
                0x08004706                log_info
                0x0800472c                log_debug
                0x08004752                log_debug_array
 .text          0x080047d8       0xd8 USB_bare/Core/Src/system_init.o
                0x080047d8                configure_clock
                0x08004894                configure_MCO1
                0x080048a2                SystemInit
 .text          0x080048b0      0xbf4 USB_bare/Core/Src/usbd_driver.o
                0x0800541c                set_sleep
 .text          0x080054a4      0x938 USB_bare/Core/Src/usbd_framework.o
                0x080054a4                usbd_initialize
                0x080054e4                usbd_poll
                0x080054f8                usbd_configure
                0x0800559c                usb_remote_wakeup
                0x08005bd8                write_mouse_report
                0x08005c18                cdc_transmit
 *fill*         0x08005ddc        0x4 
 .text          0x08005de0      0x5d4 ThirdParty/FreeRTOS/portable/GCC/ARM_CM4F/port.o
                0x08005de0                pxPortInitialiseStack
                0x08005ea0                SVC_Handler
                0x08005eee                xPortStartScheduler
                0x08006030                vInitPrioGroupValue
                0x0800612c                vPortEndScheduler
                0x08006164                vPortEnterCritical
                0x080061c4                vPortExitCritical
                0x08006218                PendSV_Handler
                0x08006286                SysTick_Handler
                0x080062d8                vPortSetupTimerInterrupt
                0x08006336                vPortValidateInterruptPriority
 .text          0x080063b4      0x4f8 ThirdParty/FreeRTOS/portable/MemMang/heap_4.o
                0x080063b4                pvPortMalloc
                0x08006574                vPortFree
                0x08006638                xPortGetFreeHeapSize
                0x08006650                xPortGetMinimumEverFreeHeapSize
                0x08006668                vPortInitialiseBlocks
                0x080067f0                vPortGetHeapStats
 .text          0x080068ac        0x0 ThirdParty/FreeRTOS/croutine.o
 .text          0x080068ac      0x618 ThirdParty/FreeRTOS/event_groups.o
                0x080068ac                xEventGroupCreate
                0x080068da                xEventGroupSync
                0x08006a38                xEventGroupWaitBits
                0x08006bd4                xEventGroupClearBits
                0x08006c44                xEventGroupGetBitsFromISR
                0x08006c8c                xEventGroupSetBits
                0x08006da2                vEventGroupDelete
                0x08006e04                vEventGroupSetBitsCallback
                0x08006e1e                vEventGroupClearBitsCallback
                0x08006e7c                uxEventGroupGetNumber
                0x08006ea8                vEventGroupSetNumber
 .text          0x08006ec4      0x168 ThirdParty/FreeRTOS/list.o
                0x08006ec4                vListInitialise
                0x08006f04                vListInitialiseItem
                0x08006f1e                vListInsertEnd
                0x08006f66                vListInsert
                0x08006fd8                uxListRemove
 .text          0x0800702c     0x1734 ThirdParty/FreeRTOS/queue.o
                0x0800702c                xQueueGenericReset
                0x080070fc                xQueueGenericCreate
                0x08007240                xQueueCreateMutex
                0x08007270                xQueueGiveMutexRecursive
                0x080072d8                xQueueTakeMutexRecursive
                0x08007344                xQueueCreateCountingSemaphore
                0x080073aa                xQueueGenericSend
                0x080075f4                xQueueGenericSendFromISR
                0x08007770                xQueueGiveFromISR
                0x080078d0                xQueueReceive
                0x08007af0                xQueueSemaphoreTake
                0x08007d68                xQueuePeek
                0x08007f50                xQueueReceiveFromISR
                0x080080aa                xQueuePeekFromISR
                0x080081b8                uxQueueMessagesWaiting
                0x080081f4                uxQueueSpacesAvailable
                0x0800823a                uxQueueMessagesWaitingFromISR
                0x08008276                vQueueDelete
                0x080082c4                uxQueueGetQueueNumber
                0x080082dc                vQueueSetQueueNumber
                0x080082f8                ucQueueGetQueueType
                0x08008532                xQueueIsQueueEmptyFromISR
                0x080085aa                xQueueIsQueueFullFromISR
                0x080085f6                vQueueAddToRegistry
                0x08008658                pcQueueGetName
                0x080086a4                vQueueUnregisterQueue
                0x080086f8                vQueueWaitForMessageRestricted
 .text          0x08008760      0xd96 ThirdParty/FreeRTOS/stream_buffer.o
                0x08008760                xStreamBufferGenericCreate
                0x0800883e                vStreamBufferDelete
                0x08008896                xStreamBufferReset
                0x08008918                xStreamBufferSetTriggerLevel
                0x08008974                xStreamBufferSpacesAvailable
                0x080089da                xStreamBufferBytesAvailable
                0x08008a14                xStreamBufferSend
                0x08008bc4                xStreamBufferSendFromISR
                0x08008d30                xStreamBufferReceive
                0x08008e7e                xStreamBufferNextMessageLengthBytes
                0x08008f10                xStreamBufferReceiveFromISR
                0x08009062                xStreamBufferIsEmpty
                0x080090b2                xStreamBufferIsFull
                0x08009112                xStreamBufferSendCompletedFromISR
                0x0800919c                xStreamBufferReceiveCompletedFromISR
                0x080094a4                uxStreamBufferGetStreamBufferNumber
                0x080094bc                vStreamBufferSetStreamBufferNumber
                0x080094d8                ucStreamBufferGetStreamBufferType
 *fill*         0x080094f6        0x2 
 .text          0x080094f8     0x27b0 ThirdParty/FreeRTOS/tasks.o
                0x080094f8                xTaskCreate
                0x080097c0                vTaskDelete
                0x08009914                xTaskDelayUntil
                0x08009a18                vTaskDelay
                0x08009a88                eTaskGetState
                0x08009b7c                uxTaskPriorityGet
                0x08009bb0                uxTaskPriorityGetFromISR
                0x08009c08                vTaskPrioritySet
                0x08009d88                vTaskSuspend
                0x08009f48                vTaskResume
                0x0800a01c                xTaskResumeFromISR
                0x0800a124                vTaskStartScheduler
                0x0800a1e8                vTaskEndScheduler
                0x0800a218                vTaskSuspendAll
                0x0800a234                xTaskResumeAll
                0x0800a374                xTaskGetTickCount
                0x0800a394                xTaskGetTickCountFromISR
                0x0800a3b8                uxTaskGetNumberOfTasks
                0x0800a3d0                pcTaskGetName
                0x0800a418                uxTaskGetSystemState
                0x0800a534                xTaskGetIdleTaskHandle
                0x0800a56c                xTaskCatchUpTicks
                0x0800a5bc                xTaskIncrementTick
                0x0800a734                vTaskSwitchContext
                0x0800a808                vTaskPlaceOnEventList
                0x0800a850                vTaskPlaceOnUnorderedEventList
                0x0800a8c8                vTaskPlaceOnEventListRestricted
                0x0800a924                xTaskRemoveFromEventList
                0x0800a9f0                vTaskRemoveFromUnorderedEventList
                0x0800aabc                vTaskSetTimeOutState
                0x0800ab08                vTaskInternalSetTimeOutState
                0x0800ab34                xTaskCheckForTimeOut
                0x0800ac00                vTaskMissedYield
                0x0800ac18                uxTaskGetTaskNumber
                0x0800ac44                vTaskSetTaskNumber
                0x0800ad74                vTaskGetInfo
                0x0800af1c                pxTaskGetStackStart
                0x0800afa0                xTaskGetCurrentTaskHandle
                0x0800afc0                xTaskGetSchedulerState
                0x0800affc                xTaskPriorityInherit
                0x0800b0f0                xTaskPriorityDisinherit
                0x0800b1f0                vTaskPriorityDisinheritAfterTimeout
                0x0800b320                uxTaskResetEventItemValue
                0x0800b350                pvTaskIncrementMutexHeldCount
                0x0800b378                ulTaskGenericNotifyTake
                0x0800b454                xTaskGenericNotifyWait
                0x0800b564                xTaskGenericNotify
                0x0800b748                xTaskGenericNotifyFromISR
                0x0800b974                vTaskGenericNotifyGiveFromISR
                0x0800bae8                xTaskGenericNotifyStateClear
                0x0800bb5c                ulTaskGenericNotifyValueClear
 .text          0x0800bca8      0x980 ThirdParty/FreeRTOS/timers.o
                0x0800bca8                xTimerCreateTimerTask
                0x0800bd0c                xTimerCreate
                0x0800bdc4                xTimerGenericCommand
                0x0800be60                xTimerGetTimerDaemonTaskHandle
                0x0800be98                xTimerGetPeriod
                0x0800bed0                vTimerSetReloadMode
                0x0800bf36                uxTimerGetReloadMode
                0x0800bf88                xTimerGetExpiryTime
                0x0800bfc4                pcTimerGetName
                0x0800c520                xTimerIsTimerActive
                0x0800c572                pvTimerGetTimerID
                0x0800c5b2                vTimerSetTimerID
                0x0800c5f2                uxTimerGetTimerNumber
                0x0800c60a                vTimerSetTimerNumber
 .text          0x0800c628       0x48 ThirdParty/SEGGER/Config/SEGGER_SYSVIEW_Config_FreeRTOS.o
                0x0800c644                SEGGER_SYSVIEW_Conf
 .text          0x0800c670      0x480 ThirdParty/SEGGER/OS/SEGGER_SYSVIEW_FreeRTOS.o
                0x0800c786                SYSVIEW_AddTask
                0x0800c854                SYSVIEW_UpdateTask
                0x0800c934                SYSVIEW_DeleteTask
                0x0800caac                SYSVIEW_SendTaskInfo
 .text          0x0800caf0     0x1258 ThirdParty/SEGGER/SEGGER/SEGGER_RTT.o
                0x0800cd66                SEGGER_RTT_ReadUpBufferNoLock
                0x0800ce74                SEGGER_RTT_ReadNoLock
                0x0800cf80                SEGGER_RTT_ReadUpBuffer
                0x0800cfb6                SEGGER_RTT_Read
                0x0800cfec                SEGGER_RTT_WriteWithOverwriteNoLock
                0x0800d110                SEGGER_RTT_WriteDownBufferNoLock
                0x0800d1b0                SEGGER_RTT_WriteNoLock
                0x0800d250                SEGGER_RTT_WriteDownBuffer
                0x0800d29c                SEGGER_RTT_Write
                0x0800d2e8                SEGGER_RTT_WriteString
                0x0800d30e                SEGGER_RTT_PutCharSkipNoLock
                0x0800d384                SEGGER_RTT_PutCharSkip
                0x0800d41c                SEGGER_RTT_PutChar
                0x0800d4c8                SEGGER_RTT_GetKey
                0x0800d4fa                SEGGER_RTT_WaitKey
                0x0800d516                SEGGER_RTT_HasKey
                0x0800d560                SEGGER_RTT_HasData
                0x0800d598                SEGGER_RTT_HasDataUp
                0x0800d5d0                SEGGER_RTT_AllocDownBuffer
                0x0800d6d4                SEGGER_RTT_AllocUpBuffer
                0x0800d7dc                SEGGER_RTT_ConfigUpBuffer
                0x0800d870                SEGGER_RTT_ConfigDownBuffer
                0x0800d908                SEGGER_RTT_SetNameUpBuffer
                0x0800d974                SEGGER_RTT_SetNameDownBuffer
                0x0800d9e0                SEGGER_RTT_SetFlagsUpBuffer
                0x0800da4c                SEGGER_RTT_SetFlagsDownBuffer
                0x0800dab8                SEGGER_RTT_Init
                0x0800dac4                SEGGER_RTT_SetTerminal
                0x0800db7c                SEGGER_RTT_TerminalOut
                0x0800dca4                SEGGER_RTT_GetAvailWriteSpace
                0x0800dcd4                SEGGER_RTT_GetBytesInBuffer
 .text          0x0800dd48      0x6fc ThirdParty/SEGGER/SEGGER/SEGGER_RTT_printf.o
                0x0800e06a                SEGGER_RTT_vprintf
                0x0800e412                SEGGER_RTT_printf
 .text          0x0800e444     0x35b4 ThirdParty/SEGGER/SEGGER/SEGGER_SYSVIEW.o
                0x0800f2c8                SEGGER_SYSVIEW_Init
                0x0800f350                SEGGER_SYSVIEW_SetRAMBase
                0x0800f370                SEGGER_SYSVIEW_RecordVoid
                0x0800f3ac                SEGGER_SYSVIEW_RecordU32
                0x0800f424                SEGGER_SYSVIEW_RecordU32x2
                0x0800f4d8                SEGGER_SYSVIEW_RecordU32x3
                0x0800f5c4                SEGGER_SYSVIEW_RecordU32x4
                0x0800f6e8                SEGGER_SYSVIEW_RecordU32x5
                0x0800f844                SEGGER_SYSVIEW_RecordU32x6
                0x0800f9d8                SEGGER_SYSVIEW_RecordU32x7
                0x0800fba4                SEGGER_SYSVIEW_RecordU32x8
                0x0800fda8                SEGGER_SYSVIEW_RecordU32x9
                0x0800ffe8                SEGGER_SYSVIEW_RecordU32x10
                0x08010266                SEGGER_SYSVIEW_RecordString
                0x080102b0                SEGGER_SYSVIEW_Start
                0x08010428                SEGGER_SYSVIEW_Stop
                0x08010474                SEGGER_SYSVIEW_GetChannelID
                0x0801048c                SEGGER_SYSVIEW_GetSysDesc
                0x080105c0                SEGGER_SYSVIEW_SendTaskInfo
                0x08010788                SEGGER_SYSVIEW_SendTaskList
                0x080107b0                SEGGER_SYSVIEW_SendSysDesc
                0x080107f8                SEGGER_SYSVIEW_RecordSystime
                0x0801085c                SEGGER_SYSVIEW_RecordEnterISR
                0x080108e0                SEGGER_SYSVIEW_RecordExitISR
                0x08010918                SEGGER_SYSVIEW_RecordExitISRToScheduler
                0x08010950                SEGGER_SYSVIEW_RecordEnterTimer
                0x080109d0                SEGGER_SYSVIEW_RecordExitTimer
                0x08010a08                SEGGER_SYSVIEW_RecordEndCall
                0x08010a80                SEGGER_SYSVIEW_RecordEndCallU32
                0x08010b30                SEGGER_SYSVIEW_OnIdle
                0x08010b68                SEGGER_SYSVIEW_OnTaskCreate
                0x08010bec                SEGGER_SYSVIEW_OnTaskTerminate
                0x08010c70                SEGGER_SYSVIEW_OnTaskStartExec
                0x08010cf4                SEGGER_SYSVIEW_OnTaskStopExec
                0x08010d2c                SEGGER_SYSVIEW_OnTaskStartReady
                0x08010db0                SEGGER_SYSVIEW_OnTaskStopReady
                0x08010e70                SEGGER_SYSVIEW_MarkStart
                0x08010ee8                SEGGER_SYSVIEW_MarkStop
                0x08010f60                SEGGER_SYSVIEW_Mark
                0x08011010                SEGGER_SYSVIEW_NameMarker
                0x080110cc                SEGGER_SYSVIEW_NameResource
                0x0801115c                SEGGER_SYSVIEW_SendPacket
                0x08011194                SEGGER_SYSVIEW_EncodeU32
                0x080111e4                SEGGER_SYSVIEW_EncodeString
                0x08011204                SEGGER_SYSVIEW_EncodeData
                0x08011224                SEGGER_SYSVIEW_EncodeId
                0x08011284                SEGGER_SYSVIEW_ShrinkId
                0x080112a4                SEGGER_SYSVIEW_RegisterModule
                0x08011334                SEGGER_SYSVIEW_RecordModuleDescription
                0x08011428                SEGGER_SYSVIEW_SendModule
                0x08011528                SEGGER_SYSVIEW_SendModuleDescription
                0x08011564                SEGGER_SYSVIEW_SendNumModules
                0x080115e0                SEGGER_SYSVIEW_PrintfHostEx
                0x0801160c                SEGGER_SYSVIEW_PrintfHost
                0x08011634                SEGGER_SYSVIEW_WarnfHost
                0x0801165c                SEGGER_SYSVIEW_ErrorfHost
                0x08011684                SEGGER_SYSVIEW_PrintfTargetEx
                0x080116b0                SEGGER_SYSVIEW_PrintfTarget
                0x080116d8                SEGGER_SYSVIEW_WarnfTarget
                0x08011700                SEGGER_SYSVIEW_ErrorfTarget
                0x08011728                SEGGER_SYSVIEW_Print
                0x080117e0                SEGGER_SYSVIEW_Warn
                0x08011898                SEGGER_SYSVIEW_Error
                0x08011950                SEGGER_SYSVIEW_EnableEvents
                0x08011978                SEGGER_SYSVIEW_DisableEvents
                0x0801199c                SEGGER_SYSVIEW_IsStarted
 .text          0x080119f8       0x42 ThirdParty/SEGGER/SEGGER/Syscalls/SEGGER_RTT_Syscalls_GCC.o
                0x080119f8                _write
                0x08011a18                _write_r
 *fill*         0x08011a3a        0x2 
 .text          0x08011a3c      0x350 ThirdParty/SEGGER/Rec/segger_uart.o
                0x08011b90                SEGGER_UART_init
                0x08011bb4                HIF_UART_WaitForTxEnd
                0x08011be4                USART2_IRQHandler
                0x08011c78                HIF_UART_EnableTXEInterrupt
                0x08011c98                HIF_UART_Init
 .text          0x08011d8c       0x94 ThirdParty/SEGGER/SEGGER/SEGGER_RTT_ASM_ARMv7M.o
                0x08011d8c                SEGGER_RTT_ASM_WriteSkipNoLock
 .text          0x08011e20        0x0 c:/program files (x86)/gnu arm embedded toolchain/10 2021.10/bin/../lib/gcc/arm-none-eabi/10.3.1/../../../../arm-none-eabi/lib/thumb/v7e-m+fp/hard\libc_nano.a(lib_a-errno.o)
 .text          0x08011e20        0x0 c:/program files (x86)/gnu arm embedded toolchain/10 2021.10/bin/../lib/gcc/arm-none-eabi/10.3.1/../../../../arm-none-eabi/lib/thumb/v7e-m+fp/hard\libc_nano.a(lib_a-exit.o)
 .text          0x08011e20        0x0 c:/program files (x86)/gnu arm embedded toolchain/10 2021.10/bin/../lib/gcc/arm-none-eabi/10.3.1/../../../../arm-none-eabi/lib/thumb/v7e-m+fp/hard\libc_nano.a(lib_a-ffs.o)
 .text          0x08011e20        0x0 c:/program files (x86)/gnu arm embedded toolchain/10 2021.10/bin/../lib/gcc/arm-none-eabi/10.3.1/../../../../arm-none-eabi/lib/thumb/v7e-m+fp/hard\libc_nano.a(lib_a-impure.o)
 .text          0x08011e20        0x0 c:/program files (x86)/gnu arm embedded toolchain/10 2021.10/bin/../lib/gcc/arm-none-eabi/10.3.1/../../../../arm-none-eabi/lib/thumb/v7e-m+fp/hard\libc_nano.a(lib_a-init.o)
 .text          0x08011e20        0x0 c:/program files (x86)/gnu arm embedded toolchain/10 2021.10/bin/../lib/gcc/arm-none-eabi/10.3.1/../../../../arm-none-eabi/lib/thumb/v7e-m+fp/hard\libc_nano.a(lib_a-malloc.o)
 .text          0x08011e20        0x0 c:/program files (x86)/gnu arm embedded toolchain/10 2021.10/bin/../lib/gcc/arm-none-eabi/10.3.1/../../../../arm-none-eabi/lib/thumb/v7e-m+fp/hard\libc_nano.a(lib_a-memcmp.o)
 .text          0x08011e20        0x0 c:/program files (x86)/gnu arm embedded toolchain/10 2021.10/bin/../lib/gcc/arm-none-eabi/10.3.1/../../../../arm-none-eabi/lib/thumb/v7e-m+fp/hard\libc_nano.a(lib_a-memcpy-stub.o)
 .text          0x08011e20        0x0 c:/program files (x86)/gnu arm embedded toolchain/10 2021.10/bin/../lib/gcc/arm-none-eabi/10.3.1/../../../../arm-none-eabi/lib/thumb/v7e-m+fp/hard\libc_nano.a(lib_a-memset.o)
 .text          0x08011e20        0x0 c:/program files (x86)/gnu arm embedded toolchain/10 2021.10/bin/../lib/gcc/arm-none-eabi/10.3.1/../../../../arm-none-eabi/lib/thumb/v7e-m+fp/hard\libc_nano.a(lib_a-nano-freer.o)
 .text          0x08011e20        0x0 c:/program files (x86)/gnu arm embedded toolchain/10 2021.10/bin/../lib/gcc/arm-none-eabi/10.3.1/../../../../arm-none-eabi/lib/thumb/v7e-m+fp/hard\libc_nano.a(lib_a-nano-mallocr.o)
 .text          0x08011e20        0x0 c:/program files (x86)/gnu arm embedded toolchain/10 2021.10/bin/../lib/gcc/arm-none-eabi/10.3.1/../../../../arm-none-eabi/lib/thumb/v7e-m+fp/hard\libc_nano.a(lib_a-nano-vfprintf.o)
 .text          0x08011e20        0x0 c:/program files (x86)/gnu arm embedded toolchain/10 2021.10/bin/../lib/gcc/arm-none-eabi/10.3.1/../../../../arm-none-eabi/lib/thumb/v7e-m+fp/hard\libc_nano.a(lib_a-nano-vfprintf_i.o)
 .text          0x08011e20        0x0 c:/program files (x86)/gnu arm embedded toolchain/10 2021.10/bin/../lib/gcc/arm-none-eabi/10.3.1/../../../../arm-none-eabi/lib/thumb/v7e-m+fp/hard\libc_nano.a(lib_a-printf.o)
 .text          0x08011e20        0x0 c:/program files (x86)/gnu arm embedded toolchain/10 2021.10/bin/../lib/gcc/arm-none-eabi/10.3.1/../../../../arm-none-eabi/lib/thumb/v7e-m+fp/hard\libc_nano.a(lib_a-putchar.o)
 .text          0x08011e20        0x0 c:/program files (x86)/gnu arm embedded toolchain/10 2021.10/bin/../lib/gcc/arm-none-eabi/10.3.1/../../../../arm-none-eabi/lib/thumb/v7e-m+fp/hard\libc_nano.a(lib_a-puts.o)
 .text          0x08011e20        0x0 c:/program files (x86)/gnu arm embedded toolchain/10 2021.10/bin/../lib/gcc/arm-none-eabi/10.3.1/../../../../arm-none-eabi/lib/thumb/v7e-m+fp/hard\libc_nano.a(lib_a-sbrkr.o)
 .text          0x08011e20        0x0 c:/program files (x86)/gnu arm embedded toolchain/10 2021.10/bin/../lib/gcc/arm-none-eabi/10.3.1/../../../../arm-none-eabi/lib/thumb/v7e-m+fp/hard\libc_nano.a(lib_a-snprintf.o)
 .text          0x08011e20        0x0 c:/program files (x86)/gnu arm embedded toolchain/10 2021.10/bin/../lib/gcc/arm-none-eabi/10.3.1/../../../../arm-none-eabi/lib/thumb/v7e-m+fp/hard\libc_nano.a(lib_a-strcat.o)
 .text          0x08011e20       0x10 c:/program files (x86)/gnu arm embedded toolchain/10 2021.10/bin/../lib/gcc/arm-none-eabi/10.3.1/../../../../arm-none-eabi/lib/thumb/v7e-m+fp/hard\libc_nano.a(lib_a-strlen.o)
                0x08011e20                strlen
 .text          0x08011e30        0x0 c:/program files (x86)/gnu arm embedded toolchain/10 2021.10/bin/../lib/gcc/arm-none-eabi/10.3.1/../../../../arm-none-eabi/lib/thumb/v7e-m+fp/hard\libc_nano.a(lib_a-wbuf.o)
 .text          0x08011e30        0x0 c:/program files (x86)/gnu arm embedded toolchain/10 2021.10/bin/../lib/gcc/arm-none-eabi/10.3.1/../../../../arm-none-eabi/lib/thumb/v7e-m+fp/hard\libc_nano.a(lib_a-wsetup.o)
 .text          0x08011e30        0x0 c:/program files (x86)/gnu arm embedded toolchain/10 2021.10/bin/../lib/gcc/arm-none-eabi/10.3.1/../../../../arm-none-eabi/lib/thumb/v7e-m+fp/hard\libc_nano.a(lib_a-fflush.o)
 .text          0x08011e30        0x0 c:/program files (x86)/gnu arm embedded toolchain/10 2021.10/bin/../lib/gcc/arm-none-eabi/10.3.1/../../../../arm-none-eabi/lib/thumb/v7e-m+fp/hard\libc_nano.a(lib_a-findfp.o)
 .text          0x08011e30        0x0 c:/program files (x86)/gnu arm embedded toolchain/10 2021.10/bin/../lib/gcc/arm-none-eabi/10.3.1/../../../../arm-none-eabi/lib/thumb/v7e-m+fp/hard\libc_nano.a(lib_a-fvwrite.o)
 .text          0x08011e30        0x0 c:/program files (x86)/gnu arm embedded toolchain/10 2021.10/bin/../lib/gcc/arm-none-eabi/10.3.1/../../../../arm-none-eabi/lib/thumb/v7e-m+fp/hard\libc_nano.a(lib_a-fwalk.o)
 .text          0x08011e30        0x0 c:/program files (x86)/gnu arm embedded toolchain/10 2021.10/bin/../lib/gcc/arm-none-eabi/10.3.1/../../../../arm-none-eabi/lib/thumb/v7e-m+fp/hard\libc_nano.a(lib_a-lock.o)
 .text          0x08011e30        0x0 c:/program files (x86)/gnu arm embedded toolchain/10 2021.10/bin/../lib/gcc/arm-none-eabi/10.3.1/../../../../arm-none-eabi/lib/thumb/v7e-m+fp/hard\libc_nano.a(lib_a-makebuf.o)
 .text          0x08011e30       0xa0 c:/program files (x86)/gnu arm embedded toolchain/10 2021.10/bin/../lib/gcc/arm-none-eabi/10.3.1/../../../../arm-none-eabi/lib/thumb/v7e-m+fp/hard\libc_nano.a(lib_a-memchr.o)
                0x08011e30                memchr
 .text          0x08011ed0        0x0 c:/program files (x86)/gnu arm embedded toolchain/10 2021.10/bin/../lib/gcc/arm-none-eabi/10.3.1/../../../../arm-none-eabi/lib/thumb/v7e-m+fp/hard\libc_nano.a(lib_a-memmove.o)
 .text          0x08011ed0        0x0 c:/program files (x86)/gnu arm embedded toolchain/10 2021.10/bin/../lib/gcc/arm-none-eabi/10.3.1/../../../../arm-none-eabi/lib/thumb/v7e-m+fp/hard\libc_nano.a(lib_a-mlock.o)
 .text          0x08011ed0        0x0 c:/program files (x86)/gnu arm embedded toolchain/10 2021.10/bin/../lib/gcc/arm-none-eabi/10.3.1/../../../../arm-none-eabi/lib/thumb/v7e-m+fp/hard\libc_nano.a(lib_a-nano-reallocr.o)
 .text          0x08011ed0        0x0 c:/program files (x86)/gnu arm embedded toolchain/10 2021.10/bin/../lib/gcc/arm-none-eabi/10.3.1/../../../../arm-none-eabi/lib/thumb/v7e-m+fp/hard\libc_nano.a(lib_a-nano-svfprintf.o)
 .text          0x08011ed0        0x0 c:/program files (x86)/gnu arm embedded toolchain/10 2021.10/bin/../lib/gcc/arm-none-eabi/10.3.1/../../../../arm-none-eabi/lib/thumb/v7e-m+fp/hard\libc_nano.a(lib_a-putc.o)
 .text          0x08011ed0        0x0 c:/program files (x86)/gnu arm embedded toolchain/10 2021.10/bin/../lib/gcc/arm-none-eabi/10.3.1/../../../../arm-none-eabi/lib/thumb/v7e-m+fp/hard\libc_nano.a(lib_a-reent.o)
 .text          0x08011ed0        0x0 c:/program files (x86)/gnu arm embedded toolchain/10 2021.10/bin/../lib/gcc/arm-none-eabi/10.3.1/../../../../arm-none-eabi/lib/thumb/v7e-m+fp/hard\libc_nano.a(lib_a-stdio.o)
 .text          0x08011ed0        0x0 c:/program files (x86)/gnu arm embedded toolchain/10 2021.10/bin/../lib/gcc/arm-none-eabi/10.3.1/../../../../arm-none-eabi/lib/thumb/v7e-m+fp/hard\libc_nano.a(lib_a-closer.o)
 .text          0x08011ed0        0x0 c:/program files (x86)/gnu arm embedded toolchain/10 2021.10/bin/../lib/gcc/arm-none-eabi/10.3.1/../../../../arm-none-eabi/lib/thumb/v7e-m+fp/hard\libc_nano.a(lib_a-fstatr.o)
 .text          0x08011ed0        0x0 c:/program files (x86)/gnu arm embedded toolchain/10 2021.10/bin/../lib/gcc/arm-none-eabi/10.3.1/../../../../arm-none-eabi/lib/thumb/v7e-m+fp/hard\libc_nano.a(lib_a-isattyr.o)
 .text          0x08011ed0        0x0 c:/program files (x86)/gnu arm embedded toolchain/10 2021.10/bin/../lib/gcc/arm-none-eabi/10.3.1/../../../../arm-none-eabi/lib/thumb/v7e-m+fp/hard\libc_nano.a(lib_a-lseekr.o)
 .text          0x08011ed0        0x0 c:/program files (x86)/gnu arm embedded toolchain/10 2021.10/bin/../lib/gcc/arm-none-eabi/10.3.1/../../../../arm-none-eabi/lib/thumb/v7e-m+fp/hard\libc_nano.a(lib_a-nano-msizer.o)
 .text          0x08011ed0        0x0 c:/program files (x86)/gnu arm embedded toolchain/10 2021.10/bin/../lib/gcc/arm-none-eabi/10.3.1/../../../../arm-none-eabi/lib/thumb/v7e-m+fp/hard\libc_nano.a(lib_a-readr.o)
 .text          0x08011ed0        0x0 c:/program files (x86)/gnu arm embedded toolchain/10 2021.10/bin/../lib/gcc/arm-none-eabi/10.3.1/thumb/v7e-m+fp/hard/crtend.o
 .text          0x08011ed0        0x0 c:/program files (x86)/gnu arm embedded toolchain/10 2021.10/bin/../lib/gcc/arm-none-eabi/10.3.1/thumb/v7e-m+fp/hard/crtn.o
 *(.text.*)
 .text.__errno  0x08011ed0        0xc c:/program files (x86)/gnu arm embedded toolchain/10 2021.10/bin/../lib/gcc/arm-none-eabi/10.3.1/../../../../arm-none-eabi/lib/thumb/v7e-m+fp/hard\libc_nano.a(lib_a-errno.o)
                0x08011ed0                __errno
 .text.exit     0x08011edc       0x28 c:/program files (x86)/gnu arm embedded toolchain/10 2021.10/bin/../lib/gcc/arm-none-eabi/10.3.1/../../../../arm-none-eabi/lib/thumb/v7e-m+fp/hard\libc_nano.a(lib_a-exit.o)
                0x08011edc                exit
 .text.ffs      0x08011f04       0x14 c:/program files (x86)/gnu arm embedded toolchain/10 2021.10/bin/../lib/gcc/arm-none-eabi/10.3.1/../../../../arm-none-eabi/lib/thumb/v7e-m+fp/hard\libc_nano.a(lib_a-ffs.o)
                0x08011f04                ffs
 .text.__libc_init_array
                0x08011f18       0x48 c:/program files (x86)/gnu arm embedded toolchain/10 2021.10/bin/../lib/gcc/arm-none-eabi/10.3.1/../../../../arm-none-eabi/lib/thumb/v7e-m+fp/hard\libc_nano.a(lib_a-init.o)
                0x08011f18                __libc_init_array
 .text.malloc   0x08011f60       0x10 c:/program files (x86)/gnu arm embedded toolchain/10 2021.10/bin/../lib/gcc/arm-none-eabi/10.3.1/../../../../arm-none-eabi/lib/thumb/v7e-m+fp/hard\libc_nano.a(lib_a-malloc.o)
                0x08011f60                malloc
 .text.free     0x08011f70       0x10 c:/program files (x86)/gnu arm embedded toolchain/10 2021.10/bin/../lib/gcc/arm-none-eabi/10.3.1/../../../../arm-none-eabi/lib/thumb/v7e-m+fp/hard\libc_nano.a(lib_a-malloc.o)
                0x08011f70                free
 .text.memcmp   0x08011f80       0x20 c:/program files (x86)/gnu arm embedded toolchain/10 2021.10/bin/../lib/gcc/arm-none-eabi/10.3.1/../../../../arm-none-eabi/lib/thumb/v7e-m+fp/hard\libc_nano.a(lib_a-memcmp.o)
                0x08011f80                memcmp
 .text.memcpy   0x08011fa0       0x1c c:/program files (x86)/gnu arm embedded toolchain/10 2021.10/bin/../lib/gcc/arm-none-eabi/10.3.1/../../../../arm-none-eabi/lib/thumb/v7e-m+fp/hard\libc_nano.a(lib_a-memcpy-stub.o)
                0x08011fa0                memcpy
 .text.memset   0x08011fbc       0x10 c:/program files (x86)/gnu arm embedded toolchain/10 2021.10/bin/../lib/gcc/arm-none-eabi/10.3.1/../../../../arm-none-eabi/lib/thumb/v7e-m+fp/hard\libc_nano.a(lib_a-memset.o)
                0x08011fbc                memset
 .text._free_r  0x08011fcc       0x98 c:/program files (x86)/gnu arm embedded toolchain/10 2021.10/bin/../lib/gcc/arm-none-eabi/10.3.1/../../../../arm-none-eabi/lib/thumb/v7e-m+fp/hard\libc_nano.a(lib_a-nano-freer.o)
                0x08011fcc                _free_r
 .text.sbrk_aligned
                0x08012064       0x40 c:/program files (x86)/gnu arm embedded toolchain/10 2021.10/bin/../lib/gcc/arm-none-eabi/10.3.1/../../../../arm-none-eabi/lib/thumb/v7e-m+fp/hard\libc_nano.a(lib_a-nano-mallocr.o)
 .text._malloc_r
                0x080120a4       0xe8 c:/program files (x86)/gnu arm embedded toolchain/10 2021.10/bin/../lib/gcc/arm-none-eabi/10.3.1/../../../../arm-none-eabi/lib/thumb/v7e-m+fp/hard\libc_nano.a(lib_a-nano-mallocr.o)
                0x080120a4                _malloc_r
 .text.__sfputc_r
                0x0801218c       0x2e c:/program files (x86)/gnu arm embedded toolchain/10 2021.10/bin/../lib/gcc/arm-none-eabi/10.3.1/../../../../arm-none-eabi/lib/thumb/v7e-m+fp/hard\libc_nano.a(lib_a-nano-vfprintf.o)
 .text.__sfputs_r
                0x080121ba       0x24 c:/program files (x86)/gnu arm embedded toolchain/10 2021.10/bin/../lib/gcc/arm-none-eabi/10.3.1/../../../../arm-none-eabi/lib/thumb/v7e-m+fp/hard\libc_nano.a(lib_a-nano-vfprintf.o)
                0x080121ba                __sfputs_r
 .text.__sprint_r
                0x080121de       0x1a c:/program files (x86)/gnu arm embedded toolchain/10 2021.10/bin/../lib/gcc/arm-none-eabi/10.3.1/../../../../arm-none-eabi/lib/thumb/v7e-m+fp/hard\libc_nano.a(lib_a-nano-vfprintf.o)
                0x080121de                __sprint_r
 .text._vfprintf_r
                0x080121f8      0x260 c:/program files (x86)/gnu arm embedded toolchain/10 2021.10/bin/../lib/gcc/arm-none-eabi/10.3.1/../../../../arm-none-eabi/lib/thumb/v7e-m+fp/hard\libc_nano.a(lib_a-nano-vfprintf.o)
                0x080121f8                _vfprintf_r
                0x080121f8                _vfiprintf_r
 .text.vfprintf
                0x08012458       0x14 c:/program files (x86)/gnu arm embedded toolchain/10 2021.10/bin/../lib/gcc/arm-none-eabi/10.3.1/../../../../arm-none-eabi/lib/thumb/v7e-m+fp/hard\libc_nano.a(lib_a-nano-vfprintf.o)
                0x08012458                vfprintf
                0x08012458                vfiprintf
 .text._printf_common
                0x0801246c       0xda c:/program files (x86)/gnu arm embedded toolchain/10 2021.10/bin/../lib/gcc/arm-none-eabi/10.3.1/../../../../arm-none-eabi/lib/thumb/v7e-m+fp/hard\libc_nano.a(lib_a-nano-vfprintf_i.o)
                0x0801246c                _printf_common
 *fill*         0x08012546        0x2 
 .text._printf_i
                0x08012548      0x24c c:/program files (x86)/gnu arm embedded toolchain/10 2021.10/bin/../lib/gcc/arm-none-eabi/10.3.1/../../../../arm-none-eabi/lib/thumb/v7e-m+fp/hard\libc_nano.a(lib_a-nano-vfprintf_i.o)
                0x08012548                _printf_i
 .text._printf_r
                0x08012794       0x28 c:/program files (x86)/gnu arm embedded toolchain/10 2021.10/bin/../lib/gcc/arm-none-eabi/10.3.1/../../../../arm-none-eabi/lib/thumb/v7e-m+fp/hard\libc_nano.a(lib_a-printf.o)
                0x08012794                _iprintf_r
                0x08012794                _printf_r
 .text.printf   0x080127bc       0x30 c:/program files (x86)/gnu arm embedded toolchain/10 2021.10/bin/../lib/gcc/arm-none-eabi/10.3.1/../../../../arm-none-eabi/lib/thumb/v7e-m+fp/hard\libc_nano.a(lib_a-printf.o)
                0x080127bc                iprintf
                0x080127bc                printf
 .text._putchar_r
                0x080127ec       0x20 c:/program files (x86)/gnu arm embedded toolchain/10 2021.10/bin/../lib/gcc/arm-none-eabi/10.3.1/../../../../arm-none-eabi/lib/thumb/v7e-m+fp/hard\libc_nano.a(lib_a-putchar.o)
                0x080127ec                _putchar_r
 .text.putchar  0x0801280c       0x2c c:/program files (x86)/gnu arm embedded toolchain/10 2021.10/bin/../lib/gcc/arm-none-eabi/10.3.1/../../../../arm-none-eabi/lib/thumb/v7e-m+fp/hard\libc_nano.a(lib_a-putchar.o)
                0x0801280c                putchar
 .text._puts_r  0x08012838       0xdc c:/program files (x86)/gnu arm embedded toolchain/10 2021.10/bin/../lib/gcc/arm-none-eabi/10.3.1/../../../../arm-none-eabi/lib/thumb/v7e-m+fp/hard\libc_nano.a(lib_a-puts.o)
                0x08012838                _puts_r
 .text.puts     0x08012914       0x10 c:/program files (x86)/gnu arm embedded toolchain/10 2021.10/bin/../lib/gcc/arm-none-eabi/10.3.1/../../../../arm-none-eabi/lib/thumb/v7e-m+fp/hard\libc_nano.a(lib_a-puts.o)
                0x08012914                puts
 .text._sbrk_r  0x08012924       0x20 c:/program files (x86)/gnu arm embedded toolchain/10 2021.10/bin/../lib/gcc/arm-none-eabi/10.3.1/../../../../arm-none-eabi/lib/thumb/v7e-m+fp/hard\libc_nano.a(lib_a-sbrkr.o)
                0x08012924                _sbrk_r
 .text._snprintf_r
                0x08012944       0x5e c:/program files (x86)/gnu arm embedded toolchain/10 2021.10/bin/../lib/gcc/arm-none-eabi/10.3.1/../../../../arm-none-eabi/lib/thumb/v7e-m+fp/hard\libc_nano.a(lib_a-snprintf.o)
                0x08012944                _snprintf_r
                0x08012944                _sniprintf_r
 *fill*         0x080129a2        0x2 
 .text.snprintf
                0x080129a4       0x68 c:/program files (x86)/gnu arm embedded toolchain/10 2021.10/bin/../lib/gcc/arm-none-eabi/10.3.1/../../../../arm-none-eabi/lib/thumb/v7e-m+fp/hard\libc_nano.a(lib_a-snprintf.o)
                0x080129a4                sniprintf
                0x080129a4                snprintf
 .text.strcat   0x08012a0c       0x1e c:/program files (x86)/gnu arm embedded toolchain/10 2021.10/bin/../lib/gcc/arm-none-eabi/10.3.1/../../../../arm-none-eabi/lib/thumb/v7e-m+fp/hard\libc_nano.a(lib_a-strcat.o)
                0x08012a0c                strcat
 *fill*         0x08012a2a        0x2 
 .text.__swbuf_r
                0x08012a2c       0xa4 c:/program files (x86)/gnu arm embedded toolchain/10 2021.10/bin/../lib/gcc/arm-none-eabi/10.3.1/../../../../arm-none-eabi/lib/thumb/v7e-m+fp/hard\libc_nano.a(lib_a-wbuf.o)
                0x08012a2c                __swbuf_r
 .text.__swbuf  0x08012ad0       0x10 c:/program files (x86)/gnu arm embedded toolchain/10 2021.10/bin/../lib/gcc/arm-none-eabi/10.3.1/../../../../arm-none-eabi/lib/thumb/v7e-m+fp/hard\libc_nano.a(lib_a-wbuf.o)
                0x08012ad0                __swbuf
 .text.__swsetup_r
                0x08012ae0       0xdc c:/program files (x86)/gnu arm embedded toolchain/10 2021.10/bin/../lib/gcc/arm-none-eabi/10.3.1/../../../../arm-none-eabi/lib/thumb/v7e-m+fp/hard\libc_nano.a(lib_a-wsetup.o)
                0x08012ae0                __swsetup_r
 .text.__sflush_r
                0x08012bbc      0x10c c:/program files (x86)/gnu arm embedded toolchain/10 2021.10/bin/../lib/gcc/arm-none-eabi/10.3.1/../../../../arm-none-eabi/lib/thumb/v7e-m+fp/hard\libc_nano.a(lib_a-fflush.o)
                0x08012bbc                __sflush_r
 .text._fflush_r
                0x08012cc8       0x78 c:/program files (x86)/gnu arm embedded toolchain/10 2021.10/bin/../lib/gcc/arm-none-eabi/10.3.1/../../../../arm-none-eabi/lib/thumb/v7e-m+fp/hard\libc_nano.a(lib_a-fflush.o)
                0x08012cc8                _fflush_r
 .text.fflush   0x08012d40       0x24 c:/program files (x86)/gnu arm embedded toolchain/10 2021.10/bin/../lib/gcc/arm-none-eabi/10.3.1/../../../../arm-none-eabi/lib/thumb/v7e-m+fp/hard\libc_nano.a(lib_a-fflush.o)
                0x08012d40                fflush
 .text.std      0x08012d64       0x48 c:/program files (x86)/gnu arm embedded toolchain/10 2021.10/bin/../lib/gcc/arm-none-eabi/10.3.1/../../../../arm-none-eabi/lib/thumb/v7e-m+fp/hard\libc_nano.a(lib_a-findfp.o)
 .text._cleanup_r
                0x08012dac        0xc c:/program files (x86)/gnu arm embedded toolchain/10 2021.10/bin/../lib/gcc/arm-none-eabi/10.3.1/../../../../arm-none-eabi/lib/thumb/v7e-m+fp/hard\libc_nano.a(lib_a-findfp.o)
                0x08012dac                _cleanup_r
 .text.__fp_lock
                0x08012db8       0x18 c:/program files (x86)/gnu arm embedded toolchain/10 2021.10/bin/../lib/gcc/arm-none-eabi/10.3.1/../../../../arm-none-eabi/lib/thumb/v7e-m+fp/hard\libc_nano.a(lib_a-findfp.o)
 .text.__fp_unlock
                0x08012dd0       0x18 c:/program files (x86)/gnu arm embedded toolchain/10 2021.10/bin/../lib/gcc/arm-none-eabi/10.3.1/../../../../arm-none-eabi/lib/thumb/v7e-m+fp/hard\libc_nano.a(lib_a-findfp.o)
 .text.__sfmoreglue
                0x08012de8       0x2c c:/program files (x86)/gnu arm embedded toolchain/10 2021.10/bin/../lib/gcc/arm-none-eabi/10.3.1/../../../../arm-none-eabi/lib/thumb/v7e-m+fp/hard\libc_nano.a(lib_a-findfp.o)
                0x08012de8                __sfmoreglue
 .text._cleanup
                0x08012e14        0xc c:/program files (x86)/gnu arm embedded toolchain/10 2021.10/bin/../lib/gcc/arm-none-eabi/10.3.1/../../../../arm-none-eabi/lib/thumb/v7e-m+fp/hard\libc_nano.a(lib_a-findfp.o)
                0x08012e14                _cleanup
 .text.__sfp_lock_acquire
                0x08012e20        0xc c:/program files (x86)/gnu arm embedded toolchain/10 2021.10/bin/../lib/gcc/arm-none-eabi/10.3.1/../../../../arm-none-eabi/lib/thumb/v7e-m+fp/hard\libc_nano.a(lib_a-findfp.o)
                0x08012e20                __sfp_lock_acquire
 .text.__sfp_lock_release
                0x08012e2c        0xc c:/program files (x86)/gnu arm embedded toolchain/10 2021.10/bin/../lib/gcc/arm-none-eabi/10.3.1/../../../../arm-none-eabi/lib/thumb/v7e-m+fp/hard\libc_nano.a(lib_a-findfp.o)
                0x08012e2c                __sfp_lock_release
 .text.__sinit_lock_acquire
                0x08012e38        0xc c:/program files (x86)/gnu arm embedded toolchain/10 2021.10/bin/../lib/gcc/arm-none-eabi/10.3.1/../../../../arm-none-eabi/lib/thumb/v7e-m+fp/hard\libc_nano.a(lib_a-findfp.o)
                0x08012e38                __sinit_lock_acquire
 .text.__sinit_lock_release
                0x08012e44        0xc c:/program files (x86)/gnu arm embedded toolchain/10 2021.10/bin/../lib/gcc/arm-none-eabi/10.3.1/../../../../arm-none-eabi/lib/thumb/v7e-m+fp/hard\libc_nano.a(lib_a-findfp.o)
                0x08012e44                __sinit_lock_release
 .text.__sinit  0x08012e50       0x70 c:/program files (x86)/gnu arm embedded toolchain/10 2021.10/bin/../lib/gcc/arm-none-eabi/10.3.1/../../../../arm-none-eabi/lib/thumb/v7e-m+fp/hard\libc_nano.a(lib_a-findfp.o)
                0x08012e50                __sinit
 .text.__sfp    0x08012ec0       0x8c c:/program files (x86)/gnu arm embedded toolchain/10 2021.10/bin/../lib/gcc/arm-none-eabi/10.3.1/../../../../arm-none-eabi/lib/thumb/v7e-m+fp/hard\libc_nano.a(lib_a-findfp.o)
                0x08012ec0                __sfp
 .text.__fp_lock_all
                0x08012f4c       0x1c c:/program files (x86)/gnu arm embedded toolchain/10 2021.10/bin/../lib/gcc/arm-none-eabi/10.3.1/../../../../arm-none-eabi/lib/thumb/v7e-m+fp/hard\libc_nano.a(lib_a-findfp.o)
                0x08012f4c                __fp_lock_all
 .text.__fp_unlock_all
                0x08012f68       0x1c c:/program files (x86)/gnu arm embedded toolchain/10 2021.10/bin/../lib/gcc/arm-none-eabi/10.3.1/../../../../arm-none-eabi/lib/thumb/v7e-m+fp/hard\libc_nano.a(lib_a-findfp.o)
                0x08012f68                __fp_unlock_all
 .text.__sfvwrite_r
                0x08012f84      0x294 c:/program files (x86)/gnu arm embedded toolchain/10 2021.10/bin/../lib/gcc/arm-none-eabi/10.3.1/../../../../arm-none-eabi/lib/thumb/v7e-m+fp/hard\libc_nano.a(lib_a-fvwrite.o)
                0x08012f84                __sfvwrite_r
 .text._fwalk   0x08013218       0x3a c:/program files (x86)/gnu arm embedded toolchain/10 2021.10/bin/../lib/gcc/arm-none-eabi/10.3.1/../../../../arm-none-eabi/lib/thumb/v7e-m+fp/hard\libc_nano.a(lib_a-fwalk.o)
                0x08013218                _fwalk
 .text._fwalk_reent
                0x08013252       0x3e c:/program files (x86)/gnu arm embedded toolchain/10 2021.10/bin/../lib/gcc/arm-none-eabi/10.3.1/../../../../arm-none-eabi/lib/thumb/v7e-m+fp/hard\libc_nano.a(lib_a-fwalk.o)
                0x08013252                _fwalk_reent
 .text.__retarget_lock_init
                0x08013290        0x2 c:/program files (x86)/gnu arm embedded toolchain/10 2021.10/bin/../lib/gcc/arm-none-eabi/10.3.1/../../../../arm-none-eabi/lib/thumb/v7e-m+fp/hard\libc_nano.a(lib_a-lock.o)
                0x08013290                __retarget_lock_init
 .text.__retarget_lock_init_recursive
                0x08013292        0x2 c:/program files (x86)/gnu arm embedded toolchain/10 2021.10/bin/../lib/gcc/arm-none-eabi/10.3.1/../../../../arm-none-eabi/lib/thumb/v7e-m+fp/hard\libc_nano.a(lib_a-lock.o)
                0x08013292                __retarget_lock_init_recursive
 .text.__retarget_lock_close
                0x08013294        0x2 c:/program files (x86)/gnu arm embedded toolchain/10 2021.10/bin/../lib/gcc/arm-none-eabi/10.3.1/../../../../arm-none-eabi/lib/thumb/v7e-m+fp/hard\libc_nano.a(lib_a-lock.o)
                0x08013294                __retarget_lock_close
 .text.__retarget_lock_close_recursive
                0x08013296        0x2 c:/program files (x86)/gnu arm embedded toolchain/10 2021.10/bin/../lib/gcc/arm-none-eabi/10.3.1/../../../../arm-none-eabi/lib/thumb/v7e-m+fp/hard\libc_nano.a(lib_a-lock.o)
                0x08013296                __retarget_lock_close_recursive
 .text.__retarget_lock_acquire
                0x08013298        0x2 c:/program files (x86)/gnu arm embedded toolchain/10 2021.10/bin/../lib/gcc/arm-none-eabi/10.3.1/../../../../arm-none-eabi/lib/thumb/v7e-m+fp/hard\libc_nano.a(lib_a-lock.o)
                0x08013298                __retarget_lock_acquire
 .text.__retarget_lock_acquire_recursive
                0x0801329a        0x2 c:/program files (x86)/gnu arm embedded toolchain/10 2021.10/bin/../lib/gcc/arm-none-eabi/10.3.1/../../../../arm-none-eabi/lib/thumb/v7e-m+fp/hard\libc_nano.a(lib_a-lock.o)
                0x0801329a                __retarget_lock_acquire_recursive
 .text.__retarget_lock_try_acquire
                0x0801329c        0x4 c:/program files (x86)/gnu arm embedded toolchain/10 2021.10/bin/../lib/gcc/arm-none-eabi/10.3.1/../../../../arm-none-eabi/lib/thumb/v7e-m+fp/hard\libc_nano.a(lib_a-lock.o)
                0x0801329c                __retarget_lock_try_acquire
 .text.__retarget_lock_try_acquire_recursive
                0x080132a0        0x4 c:/program files (x86)/gnu arm embedded toolchain/10 2021.10/bin/../lib/gcc/arm-none-eabi/10.3.1/../../../../arm-none-eabi/lib/thumb/v7e-m+fp/hard\libc_nano.a(lib_a-lock.o)
                0x080132a0                __retarget_lock_try_acquire_recursive
 .text.__retarget_lock_release
                0x080132a4        0x2 c:/program files (x86)/gnu arm embedded toolchain/10 2021.10/bin/../lib/gcc/arm-none-eabi/10.3.1/../../../../arm-none-eabi/lib/thumb/v7e-m+fp/hard\libc_nano.a(lib_a-lock.o)
                0x080132a4                __retarget_lock_release
 .text.__retarget_lock_release_recursive
                0x080132a6        0x2 c:/program files (x86)/gnu arm embedded toolchain/10 2021.10/bin/../lib/gcc/arm-none-eabi/10.3.1/../../../../arm-none-eabi/lib/thumb/v7e-m+fp/hard\libc_nano.a(lib_a-lock.o)
                0x080132a6                __retarget_lock_release_recursive
 .text.__swhatbuf_r
                0x080132a8       0x4a c:/program files (x86)/gnu arm embedded toolchain/10 2021.10/bin/../lib/gcc/arm-none-eabi/10.3.1/../../../../arm-none-eabi/lib/thumb/v7e-m+fp/hard\libc_nano.a(lib_a-makebuf.o)
                0x080132a8                __swhatbuf_r
 *fill*         0x080132f2        0x2 
 .text.__smakebuf_r
                0x080132f4       0x80 c:/program files (x86)/gnu arm embedded toolchain/10 2021.10/bin/../lib/gcc/arm-none-eabi/10.3.1/../../../../arm-none-eabi/lib/thumb/v7e-m+fp/hard\libc_nano.a(lib_a-makebuf.o)
                0x080132f4                __smakebuf_r
 .text.memmove  0x08013374       0x34 c:/program files (x86)/gnu arm embedded toolchain/10 2021.10/bin/../lib/gcc/arm-none-eabi/10.3.1/../../../../arm-none-eabi/lib/thumb/v7e-m+fp/hard\libc_nano.a(lib_a-memmove.o)
                0x08013374                memmove
 .text.__malloc_lock
                0x080133a8        0xc c:/program files (x86)/gnu arm embedded toolchain/10 2021.10/bin/../lib/gcc/arm-none-eabi/10.3.1/../../../../arm-none-eabi/lib/thumb/v7e-m+fp/hard\libc_nano.a(lib_a-mlock.o)
                0x080133a8                __malloc_lock
 .text.__malloc_unlock
                0x080133b4        0xc c:/program files (x86)/gnu arm embedded toolchain/10 2021.10/bin/../lib/gcc/arm-none-eabi/10.3.1/../../../../arm-none-eabi/lib/thumb/v7e-m+fp/hard\libc_nano.a(lib_a-mlock.o)
                0x080133b4                __malloc_unlock
 .text._realloc_r
                0x080133c0       0x5e c:/program files (x86)/gnu arm embedded toolchain/10 2021.10/bin/../lib/gcc/arm-none-eabi/10.3.1/../../../../arm-none-eabi/lib/thumb/v7e-m+fp/hard\libc_nano.a(lib_a-nano-reallocr.o)
                0x080133c0                _realloc_r
 .text.__ssputs_r
                0x0801341e       0xb6 c:/program files (x86)/gnu arm embedded toolchain/10 2021.10/bin/../lib/gcc/arm-none-eabi/10.3.1/../../../../arm-none-eabi/lib/thumb/v7e-m+fp/hard\libc_nano.a(lib_a-nano-svfprintf.o)
                0x0801341e                __ssputs_r
 .text.__ssprint_r
                0x080134d4       0xf6 c:/program files (x86)/gnu arm embedded toolchain/10 2021.10/bin/../lib/gcc/arm-none-eabi/10.3.1/../../../../arm-none-eabi/lib/thumb/v7e-m+fp/hard\libc_nano.a(lib_a-nano-svfprintf.o)
                0x080134d4                __ssprint_r
 *fill*         0x080135ca        0x2 
 .text._svfprintf_r
                0x080135cc      0x200 c:/program files (x86)/gnu arm embedded toolchain/10 2021.10/bin/../lib/gcc/arm-none-eabi/10.3.1/../../../../arm-none-eabi/lib/thumb/v7e-m+fp/hard\libc_nano.a(lib_a-nano-svfprintf.o)
                0x080135cc                _svfiprintf_r
                0x080135cc                _svfprintf_r
 .text._putc_r  0x080137cc       0x90 c:/program files (x86)/gnu arm embedded toolchain/10 2021.10/bin/../lib/gcc/arm-none-eabi/10.3.1/../../../../arm-none-eabi/lib/thumb/v7e-m+fp/hard\libc_nano.a(lib_a-putc.o)
                0x080137cc                _putc_r
 .text.putc     0x0801385c       0x10 c:/program files (x86)/gnu arm embedded toolchain/10 2021.10/bin/../lib/gcc/arm-none-eabi/10.3.1/../../../../arm-none-eabi/lib/thumb/v7e-m+fp/hard\libc_nano.a(lib_a-putc.o)
                0x0801385c                putc
 .text.cleanup_glue
                0x0801386c       0x1a c:/program files (x86)/gnu arm embedded toolchain/10 2021.10/bin/../lib/gcc/arm-none-eabi/10.3.1/../../../../arm-none-eabi/lib/thumb/v7e-m+fp/hard\libc_nano.a(lib_a-reent.o)
                0x0801386c                cleanup_glue
 *fill*         0x08013886        0x2 
 .text._reclaim_reent
                0x08013888       0xb8 c:/program files (x86)/gnu arm embedded toolchain/10 2021.10/bin/../lib/gcc/arm-none-eabi/10.3.1/../../../../arm-none-eabi/lib/thumb/v7e-m+fp/hard\libc_nano.a(lib_a-reent.o)
                0x08013888                _reclaim_reent
 .text.__sread  0x08013940       0x22 c:/program files (x86)/gnu arm embedded toolchain/10 2021.10/bin/../lib/gcc/arm-none-eabi/10.3.1/../../../../arm-none-eabi/lib/thumb/v7e-m+fp/hard\libc_nano.a(lib_a-stdio.o)
                0x08013940                __sread
 .text.__seofread
                0x08013962        0x4 c:/program files (x86)/gnu arm embedded toolchain/10 2021.10/bin/../lib/gcc/arm-none-eabi/10.3.1/../../../../arm-none-eabi/lib/thumb/v7e-m+fp/hard\libc_nano.a(lib_a-stdio.o)
                0x08013962                __seofread
 .text.__swrite
                0x08013966       0x38 c:/program files (x86)/gnu arm embedded toolchain/10 2021.10/bin/../lib/gcc/arm-none-eabi/10.3.1/../../../../arm-none-eabi/lib/thumb/v7e-m+fp/hard\libc_nano.a(lib_a-stdio.o)
                0x08013966                __swrite
 .text.__sseek  0x0801399e       0x24 c:/program files (x86)/gnu arm embedded toolchain/10 2021.10/bin/../lib/gcc/arm-none-eabi/10.3.1/../../../../arm-none-eabi/lib/thumb/v7e-m+fp/hard\libc_nano.a(lib_a-stdio.o)
                0x0801399e                __sseek
 .text.__sclose
                0x080139c2        0x8 c:/program files (x86)/gnu arm embedded toolchain/10 2021.10/bin/../lib/gcc/arm-none-eabi/10.3.1/../../../../arm-none-eabi/lib/thumb/v7e-m+fp/hard\libc_nano.a(lib_a-stdio.o)
                0x080139c2                __sclose
 *fill*         0x080139ca        0x2 
 .text._close_r
                0x080139cc       0x20 c:/program files (x86)/gnu arm embedded toolchain/10 2021.10/bin/../lib/gcc/arm-none-eabi/10.3.1/../../../../arm-none-eabi/lib/thumb/v7e-m+fp/hard\libc_nano.a(lib_a-closer.o)
                0x080139cc                _close_r
 .text._fstat_r
                0x080139ec       0x24 c:/program files (x86)/gnu arm embedded toolchain/10 2021.10/bin/../lib/gcc/arm-none-eabi/10.3.1/../../../../arm-none-eabi/lib/thumb/v7e-m+fp/hard\libc_nano.a(lib_a-fstatr.o)
                0x080139ec                _fstat_r
 .text._isatty_r
                0x08013a10       0x20 c:/program files (x86)/gnu arm embedded toolchain/10 2021.10/bin/../lib/gcc/arm-none-eabi/10.3.1/../../../../arm-none-eabi/lib/thumb/v7e-m+fp/hard\libc_nano.a(lib_a-isattyr.o)
                0x08013a10                _isatty_r
 .text._lseek_r
                0x08013a30       0x24 c:/program files (x86)/gnu arm embedded toolchain/10 2021.10/bin/../lib/gcc/arm-none-eabi/10.3.1/../../../../arm-none-eabi/lib/thumb/v7e-m+fp/hard\libc_nano.a(lib_a-lseekr.o)
                0x08013a30                _lseek_r
 .text._malloc_usable_size_r
                0x08013a54       0x10 c:/program files (x86)/gnu arm embedded toolchain/10 2021.10/bin/../lib/gcc/arm-none-eabi/10.3.1/../../../../arm-none-eabi/lib/thumb/v7e-m+fp/hard\libc_nano.a(lib_a-nano-msizer.o)
                0x08013a54                _malloc_usable_size_r
 .text._read_r  0x08013a64       0x24 c:/program files (x86)/gnu arm embedded toolchain/10 2021.10/bin/../lib/gcc/arm-none-eabi/10.3.1/../../../../arm-none-eabi/lib/thumb/v7e-m+fp/hard\libc_nano.a(lib_a-readr.o)
                0x08013a64                _read_r
 *(.init)
 .init          0x08013a88        0x4 c:/program files (x86)/gnu arm embedded toolchain/10 2021.10/bin/../lib/gcc/arm-none-eabi/10.3.1/thumb/v7e-m+fp/hard/crti.o
                0x08013a88                _init
 .init          0x08013a8c        0x8 c:/program files (x86)/gnu arm embedded toolchain/10 2021.10/bin/../lib/gcc/arm-none-eabi/10.3.1/thumb/v7e-m+fp/hard/crtn.o
 *(.fini)
 .fini          0x08013a94        0x4 c:/program files (x86)/gnu arm embedded toolchain/10 2021.10/bin/../lib/gcc/arm-none-eabi/10.3.1/thumb/v7e-m+fp/hard/crti.o
                0x08013a94                _fini
 .fini          0x08013a98        0x8 c:/program files (x86)/gnu arm embedded toolchain/10 2021.10/bin/../lib/gcc/arm-none-eabi/10.3.1/thumb/v7e-m+fp/hard/crtn.o
 *(.rodata)
 .rodata        0x08013aa0       0x24 c:/program files (x86)/gnu arm embedded toolchain/10 2021.10/bin/../lib/gcc/arm-none-eabi/10.3.1/thumb/v7e-m+fp/hard/crtbegin.o
 .rodata        0x08013ac4       0x19 ble.o
 *fill*         0x08013add        0x3 
 .rodata        0x08013ae0       0x62 main.o
 *fill*         0x08013b42        0x2 
 .rodata        0x08013b44       0x13 drivers/Src/stm32f407xx_spi_driver.o
 *fill*         0x08013b57        0x1 
 .rodata        0x08013b58       0x3e USB_bare/Core/Src/logger.o
 *fill*         0x08013b96        0x2 
 .rodata        0x08013b98       0x38 USB_bare/Core/Src/usbd_driver.o
                0x08013b98                usb_driver
 .rodata        0x08013bd0      0x3f9 USB_bare/Core/Src/usbd_framework.o
                0x08013bd0                device_descriptor
                0x08013be4                hid_report_descriptor
                0x08013c30                configuration_descriptor_combination
 *fill*         0x08013fc9        0x3 
 .rodata        0x08013fcc        0x4 ThirdParty/FreeRTOS/portable/GCC/ARM_CM4F/port.o
 .rodata        0x08013fd0        0x4 ThirdParty/FreeRTOS/portable/MemMang/heap_4.o
 .rodata        0x08013fd4        0x5 ThirdParty/FreeRTOS/tasks.o
 *fill*         0x08013fd9        0x3 
 .rodata        0x08013fdc        0xd ThirdParty/FreeRTOS/timers.o
 *fill*         0x08013fe9        0x3 
 .rodata        0x08013fec       0x51 ThirdParty/SEGGER/Config/SEGGER_SYSVIEW_Config_FreeRTOS.o
 *fill*         0x0801403d        0x3 
 .rodata        0x08014040       0x60 ThirdParty/SEGGER/OS/SEGGER_SYSVIEW_FreeRTOS.o
                0x08014098                SYSVIEW_X_OS_TraceAPI
 .rodata        0x080140a0       0x1d ThirdParty/SEGGER/SEGGER/SEGGER_RTT.o
 *fill*         0x080140bd        0x3 
 .rodata        0x080140c0       0x10 ThirdParty/SEGGER/SEGGER/SEGGER_RTT_printf.o
 .rodata        0x080140d0       0x24 ThirdParty/SEGGER/SEGGER/SEGGER_SYSVIEW.o
 .rodata        0x080140f4        0x4 ThirdParty/SEGGER/Rec/segger_uart.o
 .rodata        0x080140f8       0x24 c:/program files (x86)/gnu arm embedded toolchain/10 2021.10/bin/../lib/gcc/arm-none-eabi/10.3.1/thumb/v7e-m+fp/hard/crtend.o
 *(.rodata.*)
 .rodata._global_impure_ptr
                0x0801411c        0x4 c:/program files (x86)/gnu arm embedded toolchain/10 2021.10/bin/../lib/gcc/arm-none-eabi/10.3.1/../../../../arm-none-eabi/lib/thumb/v7e-m+fp/hard\libc_nano.a(lib_a-impure.o)
                0x0801411c                _global_impure_ptr
 .rodata._vfprintf_r.str1.1
                0x08014120       0x11 c:/program files (x86)/gnu arm embedded toolchain/10 2021.10/bin/../lib/gcc/arm-none-eabi/10.3.1/../../../../arm-none-eabi/lib/thumb/v7e-m+fp/hard\libc_nano.a(lib_a-nano-vfprintf.o)
 .rodata._printf_i.str1.1
                0x08014131       0x22 c:/program files (x86)/gnu arm embedded toolchain/10 2021.10/bin/../lib/gcc/arm-none-eabi/10.3.1/../../../../arm-none-eabi/lib/thumb/v7e-m+fp/hard\libc_nano.a(lib_a-nano-vfprintf_i.o)
 *fill*         0x08014153        0x1 
 .rodata.__sf_fake_stderr
                0x08014154       0x20 c:/program files (x86)/gnu arm embedded toolchain/10 2021.10/bin/../lib/gcc/arm-none-eabi/10.3.1/../../../../arm-none-eabi/lib/thumb/v7e-m+fp/hard\libc_nano.a(lib_a-findfp.o)
                0x08014154                __sf_fake_stderr
 .rodata.__sf_fake_stdin
                0x08014174       0x20 c:/program files (x86)/gnu arm embedded toolchain/10 2021.10/bin/../lib/gcc/arm-none-eabi/10.3.1/../../../../arm-none-eabi/lib/thumb/v7e-m+fp/hard\libc_nano.a(lib_a-findfp.o)
                0x08014174                __sf_fake_stdin
 .rodata.__sf_fake_stdout
                0x08014194       0x20 c:/program files (x86)/gnu arm embedded toolchain/10 2021.10/bin/../lib/gcc/arm-none-eabi/10.3.1/../../../../arm-none-eabi/lib/thumb/v7e-m+fp/hard\libc_nano.a(lib_a-findfp.o)
                0x08014194                __sf_fake_stdout
 .rodata._svfprintf_r.str1.1
                0x080141b4       0x11 c:/program files (x86)/gnu arm embedded toolchain/10 2021.10/bin/../lib/gcc/arm-none-eabi/10.3.1/../../../../arm-none-eabi/lib/thumb/v7e-m+fp/hard\libc_nano.a(lib_a-nano-svfprintf.o)
                0x080141c8                . = ALIGN (0x4)
                0x080141b4                _etext = .
                0x080141c0                _la_data = LOADADDR (.data)

.glue_7         0x080141b4        0x0
 .glue_7        0x080141b4        0x0 linker stubs

.glue_7t        0x080141b4        0x0
 .glue_7t       0x080141b4        0x0 linker stubs

.vfp11_veneer   0x080141b4        0x0
 .vfp11_veneer  0x080141b4        0x0 linker stubs

.v4_bx          0x080141b4        0x0
 .v4_bx         0x080141b4        0x0 linker stubs

.iplt           0x080141b4        0x0
 .iplt          0x080141b4        0x0 c:/program files (x86)/gnu arm embedded toolchain/10 2021.10/bin/../lib/gcc/arm-none-eabi/10.3.1/thumb/v7e-m+fp/hard/crtbegin.o

.eh_frame       0x080141b4        0x4
 .eh_frame      0x080141b4        0x0 c:/program files (x86)/gnu arm embedded toolchain/10 2021.10/bin/../lib/gcc/arm-none-eabi/10.3.1/thumb/v7e-m+fp/hard/crtbegin.o
 .eh_frame      0x080141b4        0x4 c:/program files (x86)/gnu arm embedded toolchain/10 2021.10/bin/../lib/gcc/arm-none-eabi/10.3.1/thumb/v7e-m+fp/hard/crtend.o

.ARM.extab      0x080141b8        0x0
 .ARM.extab     0x080141b8        0x0 c:/program files (x86)/gnu arm embedded toolchain/10 2021.10/bin/../lib/gcc/arm-none-eabi/10.3.1/../../../../arm-none-eabi/lib/thumb/v7e-m+fp/hard/crt0.o

.ARM.exidx      0x080141b8        0x8
 .ARM.exidx     0x080141b8        0x8 c:/program files (x86)/gnu arm embedded toolchain/10 2021.10/bin/../lib/gcc/arm-none-eabi/10.3.1/../../../../arm-none-eabi/lib/thumb/v7e-m+fp/hard/crt0.o
                                 0x10 (size before relaxing)

.rel.dyn        0x080141c0        0x0
 .rel.iplt      0x080141c0        0x0 c:/program files (x86)/gnu arm embedded toolchain/10 2021.10/bin/../lib/gcc/arm-none-eabi/10.3.1/thumb/v7e-m+fp/hard/crtbegin.o

.data           0x20000000      0x250 load address 0x080141c0
                0x20000000                _sdata = .
 *(.data)
 .data          0x20000000        0x0 c:/program files (x86)/gnu arm embedded toolchain/10 2021.10/bin/../lib/gcc/arm-none-eabi/10.3.1/thumb/v7e-m+fp/hard/crti.o
 .data          0x20000000        0x4 c:/program files (x86)/gnu arm embedded toolchain/10 2021.10/bin/../lib/gcc/arm-none-eabi/10.3.1/thumb/v7e-m+fp/hard/crtbegin.o
                0x20000000                __dso_handle
 .data          0x20000004        0x0 c:/program files (x86)/gnu arm embedded toolchain/10 2021.10/bin/../lib/gcc/arm-none-eabi/10.3.1/../../../../arm-none-eabi/lib/thumb/v7e-m+fp/hard/crt0.o
 .data          0x20000004      0x184 ble.o
                0x20000004                EVENT_STATUP_DATA
                0x2000000c                ACI_GATT_INIT
                0x20000010                ACI_GATT_INIT_COMPLETE
                0x20000018                ACI_GAP_INIT
                0x20000020                ACI_GAP_INIT_COMPLETE
                0x20000028                ACI_GATT_UPDATE_CHAR_VALUE
                0x20000034                ACI_GATT_UPDATE_CHAR_COMPLETE
                0x2000003c                ACI_GAP_SET_AUTH
                0x2000005c                ACI_GAP_SET_AUTH_RESP
                0x20000064                ACI_HAL_SET_TX_POWER_LEVEL
                0x2000006c                ACI_HAL_SET_TX_POWER_LEVEL_COMPLETE
                0x20000074                ACI_HAL_SET_STANDBY
                0x20000078                ACI_HAL_SET_STANDBY_COMPLETE
                0x20000080                HCI_LE_SET_SCAN_RESPONSE_DATA
                0x200000a4                HCI_LE_SET_SCAN_RESPONSE_DATA_COMPLETE
                0x200000ac                ACI_GAP_SET_DISCOVERABLE
                0x200000bc                ACI_GAP_SET_DISCOVERABLE_COMPLETE
                0x200000c4                ADD_PRIMARY_SERVICE
                0x200000dc                ADD_PRIMARY_SERVICE_COMPLETE
                0x200000e4                ADD_CUSTOM_CHAR
                0x20000104                ADD_CUSTOM_CHAR_COMPLETE
                0x2000010c                UPDATE_CHAR
                0x2000011c                DISCONNECT
                0x20000120                EVENT_DISCONNECTED
                0x20000124                EVENT_DISCONNECT_PENDING
                0x2000012c                EVENT_CONNECTED
                0x20000134                EVENT_GATT_CHANGED
                0x2000013c                ACI_GAP_SET_NON_DISCOVERABLE
                0x20000140                ACI_GAP_SET_NON_DISCOVERABLE_COMPLETE
                0x20000148                pNVIC_ISPR0
                0x2000014c                deviceName
                0x20000154                UUID_NORDIC_UART_SERVICE
                0x20000164                UUID_CHAR_WRITE
                0x20000174                UUID_CHAR_READ
                0x20000184                connectionHandler
 .data          0x20000188        0x0 led.o
 .data          0x20000188        0x2 LIS3DSH.o
                0x20000188                dummy
 *fill*         0x2000018a        0x2 
 .data          0x2000018c        0x8 main.o
                0x2000018c                pNVIC_ISPR1
                0x20000190                moving_cnt
 .data          0x20000194        0x0 stm32_startup.o
 .data          0x20000194        0x4 syscalls.o
                0x20000194                environ
 .data          0x20000198        0x0 drivers/Src/stm32f407xx_gpio_driver.o
 .data          0x20000198        0x0 drivers/Src/stm32f407xx_i2c_driver.o
 .data          0x20000198       0x14 drivers/Src/stm32f407xx_rcc_driver.o
                0x20000198                AHB_PreScaler
                0x200001a8                APB1_PreScaler
 .data          0x200001ac        0x0 drivers/Src/stm32f407xx_spi_driver.o
 .data          0x200001ac        0x0 drivers/Src/stm32f407xx_tim_driver.o
 .data          0x200001ac        0x0 drivers/Src/stm32f407xx_usart_driver.o
 .data          0x200001ac        0x0 USB_bare/Class/CDC/Src/usbd_cdc.o
 .data          0x200001ac        0x0 USB_bare/Class/CDC/Src/usbd_cdc_if.o
 .data          0x200001ac        0x0 USB_bare/Core/Src/logger.o
 .data          0x200001ac        0x8 USB_bare/Core/Src/system_init.o
                0x200001ac                system_log_level
                0x200001b0                SystemCoreClock
 .data          0x200001b4        0x0 USB_bare/Core/Src/usbd_driver.o
 .data          0x200001b4       0x18 USB_bare/Core/Src/usbd_framework.o
                0x200001b4                usb_events
 .data          0x200001cc        0x4 ThirdParty/FreeRTOS/portable/GCC/ARM_CM4F/port.o
 .data          0x200001d0        0x0 ThirdParty/FreeRTOS/portable/MemMang/heap_4.o
 .data          0x200001d0        0x0 ThirdParty/FreeRTOS/croutine.o
 .data          0x200001d0        0x0 ThirdParty/FreeRTOS/event_groups.o
 .data          0x200001d0        0x0 ThirdParty/FreeRTOS/list.o
 .data          0x200001d0        0x0 ThirdParty/FreeRTOS/queue.o
 .data          0x200001d0        0x0 ThirdParty/FreeRTOS/stream_buffer.o
 .data          0x200001d0        0x4 ThirdParty/FreeRTOS/tasks.o
                0x200001d0                uxTopUsedPriority
 .data          0x200001d4        0x0 ThirdParty/FreeRTOS/timers.o
 .data          0x200001d4        0x0 ThirdParty/SEGGER/Config/SEGGER_SYSVIEW_Config_FreeRTOS.o
 .data          0x200001d4        0x0 ThirdParty/SEGGER/OS/SEGGER_SYSVIEW_FreeRTOS.o
 .data          0x200001d4       0x10 ThirdParty/SEGGER/SEGGER/SEGGER_RTT.o
 .data          0x200001e4        0x0 ThirdParty/SEGGER/SEGGER/SEGGER_RTT_printf.o
 .data          0x200001e4        0x0 ThirdParty/SEGGER/SEGGER/SEGGER_SYSVIEW.o
 .data          0x200001e4        0x0 ThirdParty/SEGGER/SEGGER/Syscalls/SEGGER_RTT_Syscalls_GCC.o
 .data          0x200001e4        0x8 ThirdParty/SEGGER/Rec/segger_uart.o
 .data          0x200001ec        0x0 ThirdParty/SEGGER/SEGGER/SEGGER_RTT_ASM_ARMv7M.o
 .data          0x200001ec        0x0 c:/program files (x86)/gnu arm embedded toolchain/10 2021.10/bin/../lib/gcc/arm-none-eabi/10.3.1/../../../../arm-none-eabi/lib/thumb/v7e-m+fp/hard\libc_nano.a(lib_a-errno.o)
 .data          0x200001ec        0x0 c:/program files (x86)/gnu arm embedded toolchain/10 2021.10/bin/../lib/gcc/arm-none-eabi/10.3.1/../../../../arm-none-eabi/lib/thumb/v7e-m+fp/hard\libc_nano.a(lib_a-exit.o)
 .data          0x200001ec        0x0 c:/program files (x86)/gnu arm embedded toolchain/10 2021.10/bin/../lib/gcc/arm-none-eabi/10.3.1/../../../../arm-none-eabi/lib/thumb/v7e-m+fp/hard\libc_nano.a(lib_a-ffs.o)
 .data          0x200001ec        0x0 c:/program files (x86)/gnu arm embedded toolchain/10 2021.10/bin/../lib/gcc/arm-none-eabi/10.3.1/../../../../arm-none-eabi/lib/thumb/v7e-m+fp/hard\libc_nano.a(lib_a-impure.o)
 .data          0x200001ec        0x0 c:/program files (x86)/gnu arm embedded toolchain/10 2021.10/bin/../lib/gcc/arm-none-eabi/10.3.1/../../../../arm-none-eabi/lib/thumb/v7e-m+fp/hard\libc_nano.a(lib_a-init.o)
 .data          0x200001ec        0x0 c:/program files (x86)/gnu arm embedded toolchain/10 2021.10/bin/../lib/gcc/arm-none-eabi/10.3.1/../../../../arm-none-eabi/lib/thumb/v7e-m+fp/hard\libc_nano.a(lib_a-malloc.o)
 .data          0x200001ec        0x0 c:/program files (x86)/gnu arm embedded toolchain/10 2021.10/bin/../lib/gcc/arm-none-eabi/10.3.1/../../../../arm-none-eabi/lib/thumb/v7e-m+fp/hard\libc_nano.a(lib_a-memcmp.o)
 .data          0x200001ec        0x0 c:/program files (x86)/gnu arm embedded toolchain/10 2021.10/bin/../lib/gcc/arm-none-eabi/10.3.1/../../../../arm-none-eabi/lib/thumb/v7e-m+fp/hard\libc_nano.a(lib_a-memcpy-stub.o)
 .data          0x200001ec        0x0 c:/program files (x86)/gnu arm embedded toolchain/10 2021.10/bin/../lib/gcc/arm-none-eabi/10.3.1/../../../../arm-none-eabi/lib/thumb/v7e-m+fp/hard\libc_nano.a(lib_a-memset.o)
 .data          0x200001ec        0x0 c:/program files (x86)/gnu arm embedded toolchain/10 2021.10/bin/../lib/gcc/arm-none-eabi/10.3.1/../../../../arm-none-eabi/lib/thumb/v7e-m+fp/hard\libc_nano.a(lib_a-nano-freer.o)
 .data          0x200001ec        0x0 c:/program files (x86)/gnu arm embedded toolchain/10 2021.10/bin/../lib/gcc/arm-none-eabi/10.3.1/../../../../arm-none-eabi/lib/thumb/v7e-m+fp/hard\libc_nano.a(lib_a-nano-mallocr.o)
 .data          0x200001ec        0x0 c:/program files (x86)/gnu arm embedded toolchain/10 2021.10/bin/../lib/gcc/arm-none-eabi/10.3.1/../../../../arm-none-eabi/lib/thumb/v7e-m+fp/hard\libc_nano.a(lib_a-nano-vfprintf.o)
 .data          0x200001ec        0x0 c:/program files (x86)/gnu arm embedded toolchain/10 2021.10/bin/../lib/gcc/arm-none-eabi/10.3.1/../../../../arm-none-eabi/lib/thumb/v7e-m+fp/hard\libc_nano.a(lib_a-nano-vfprintf_i.o)
 .data          0x200001ec        0x0 c:/program files (x86)/gnu arm embedded toolchain/10 2021.10/bin/../lib/gcc/arm-none-eabi/10.3.1/../../../../arm-none-eabi/lib/thumb/v7e-m+fp/hard\libc_nano.a(lib_a-printf.o)
 .data          0x200001ec        0x0 c:/program files (x86)/gnu arm embedded toolchain/10 2021.10/bin/../lib/gcc/arm-none-eabi/10.3.1/../../../../arm-none-eabi/lib/thumb/v7e-m+fp/hard\libc_nano.a(lib_a-putchar.o)
 .data          0x200001ec        0x0 c:/program files (x86)/gnu arm embedded toolchain/10 2021.10/bin/../lib/gcc/arm-none-eabi/10.3.1/../../../../arm-none-eabi/lib/thumb/v7e-m+fp/hard\libc_nano.a(lib_a-puts.o)
 .data          0x200001ec        0x0 c:/program files (x86)/gnu arm embedded toolchain/10 2021.10/bin/../lib/gcc/arm-none-eabi/10.3.1/../../../../arm-none-eabi/lib/thumb/v7e-m+fp/hard\libc_nano.a(lib_a-sbrkr.o)
 .data          0x200001ec        0x0 c:/program files (x86)/gnu arm embedded toolchain/10 2021.10/bin/../lib/gcc/arm-none-eabi/10.3.1/../../../../arm-none-eabi/lib/thumb/v7e-m+fp/hard\libc_nano.a(lib_a-snprintf.o)
 .data          0x200001ec        0x0 c:/program files (x86)/gnu arm embedded toolchain/10 2021.10/bin/../lib/gcc/arm-none-eabi/10.3.1/../../../../arm-none-eabi/lib/thumb/v7e-m+fp/hard\libc_nano.a(lib_a-strcat.o)
 .data          0x200001ec        0x0 c:/program files (x86)/gnu arm embedded toolchain/10 2021.10/bin/../lib/gcc/arm-none-eabi/10.3.1/../../../../arm-none-eabi/lib/thumb/v7e-m+fp/hard\libc_nano.a(lib_a-strlen.o)
 .data          0x200001ec        0x0 c:/program files (x86)/gnu arm embedded toolchain/10 2021.10/bin/../lib/gcc/arm-none-eabi/10.3.1/../../../../arm-none-eabi/lib/thumb/v7e-m+fp/hard\libc_nano.a(lib_a-wbuf.o)
 .data          0x200001ec        0x0 c:/program files (x86)/gnu arm embedded toolchain/10 2021.10/bin/../lib/gcc/arm-none-eabi/10.3.1/../../../../arm-none-eabi/lib/thumb/v7e-m+fp/hard\libc_nano.a(lib_a-wsetup.o)
 .data          0x200001ec        0x0 c:/program files (x86)/gnu arm embedded toolchain/10 2021.10/bin/../lib/gcc/arm-none-eabi/10.3.1/../../../../arm-none-eabi/lib/thumb/v7e-m+fp/hard\libc_nano.a(lib_a-fflush.o)
 .data          0x200001ec        0x0 c:/program files (x86)/gnu arm embedded toolchain/10 2021.10/bin/../lib/gcc/arm-none-eabi/10.3.1/../../../../arm-none-eabi/lib/thumb/v7e-m+fp/hard\libc_nano.a(lib_a-findfp.o)
 .data          0x200001ec        0x0 c:/program files (x86)/gnu arm embedded toolchain/10 2021.10/bin/../lib/gcc/arm-none-eabi/10.3.1/../../../../arm-none-eabi/lib/thumb/v7e-m+fp/hard\libc_nano.a(lib_a-fvwrite.o)
 .data          0x200001ec        0x0 c:/program files (x86)/gnu arm embedded toolchain/10 2021.10/bin/../lib/gcc/arm-none-eabi/10.3.1/../../../../arm-none-eabi/lib/thumb/v7e-m+fp/hard\libc_nano.a(lib_a-fwalk.o)
 .data          0x200001ec        0x0 c:/program files (x86)/gnu arm embedded toolchain/10 2021.10/bin/../lib/gcc/arm-none-eabi/10.3.1/../../../../arm-none-eabi/lib/thumb/v7e-m+fp/hard\libc_nano.a(lib_a-lock.o)
 .data          0x200001ec        0x0 c:/program files (x86)/gnu arm embedded toolchain/10 2021.10/bin/../lib/gcc/arm-none-eabi/10.3.1/../../../../arm-none-eabi/lib/thumb/v7e-m+fp/hard\libc_nano.a(lib_a-makebuf.o)
 .data          0x200001ec        0x0 c:/program files (x86)/gnu arm embedded toolchain/10 2021.10/bin/../lib/gcc/arm-none-eabi/10.3.1/../../../../arm-none-eabi/lib/thumb/v7e-m+fp/hard\libc_nano.a(lib_a-memchr.o)
 .data          0x200001ec        0x0 c:/program files (x86)/gnu arm embedded toolchain/10 2021.10/bin/../lib/gcc/arm-none-eabi/10.3.1/../../../../arm-none-eabi/lib/thumb/v7e-m+fp/hard\libc_nano.a(lib_a-memmove.o)
 .data          0x200001ec        0x0 c:/program files (x86)/gnu arm embedded toolchain/10 2021.10/bin/../lib/gcc/arm-none-eabi/10.3.1/../../../../arm-none-eabi/lib/thumb/v7e-m+fp/hard\libc_nano.a(lib_a-mlock.o)
 .data          0x200001ec        0x0 c:/program files (x86)/gnu arm embedded toolchain/10 2021.10/bin/../lib/gcc/arm-none-eabi/10.3.1/../../../../arm-none-eabi/lib/thumb/v7e-m+fp/hard\libc_nano.a(lib_a-nano-reallocr.o)
 .data          0x200001ec        0x0 c:/program files (x86)/gnu arm embedded toolchain/10 2021.10/bin/../lib/gcc/arm-none-eabi/10.3.1/../../../../arm-none-eabi/lib/thumb/v7e-m+fp/hard\libc_nano.a(lib_a-nano-svfprintf.o)
 .data          0x200001ec        0x0 c:/program files (x86)/gnu arm embedded toolchain/10 2021.10/bin/../lib/gcc/arm-none-eabi/10.3.1/../../../../arm-none-eabi/lib/thumb/v7e-m+fp/hard\libc_nano.a(lib_a-putc.o)
 .data          0x200001ec        0x0 c:/program files (x86)/gnu arm embedded toolchain/10 2021.10/bin/../lib/gcc/arm-none-eabi/10.3.1/../../../../arm-none-eabi/lib/thumb/v7e-m+fp/hard\libc_nano.a(lib_a-reent.o)
 .data          0x200001ec        0x0 c:/program files (x86)/gnu arm embedded toolchain/10 2021.10/bin/../lib/gcc/arm-none-eabi/10.3.1/../../../../arm-none-eabi/lib/thumb/v7e-m+fp/hard\libc_nano.a(lib_a-stdio.o)
 .data          0x200001ec        0x0 c:/program files (x86)/gnu arm embedded toolchain/10 2021.10/bin/../lib/gcc/arm-none-eabi/10.3.1/../../../../arm-none-eabi/lib/thumb/v7e-m+fp/hard\libc_nano.a(lib_a-closer.o)
 .data          0x200001ec        0x0 c:/program files (x86)/gnu arm embedded toolchain/10 2021.10/bin/../lib/gcc/arm-none-eabi/10.3.1/../../../../arm-none-eabi/lib/thumb/v7e-m+fp/hard\libc_nano.a(lib_a-fstatr.o)
 .data          0x200001ec        0x0 c:/program files (x86)/gnu arm embedded toolchain/10 2021.10/bin/../lib/gcc/arm-none-eabi/10.3.1/../../../../arm-none-eabi/lib/thumb/v7e-m+fp/hard\libc_nano.a(lib_a-isattyr.o)
 .data          0x200001ec        0x0 c:/program files (x86)/gnu arm embedded toolchain/10 2021.10/bin/../lib/gcc/arm-none-eabi/10.3.1/../../../../arm-none-eabi/lib/thumb/v7e-m+fp/hard\libc_nano.a(lib_a-lseekr.o)
 .data          0x200001ec        0x0 c:/program files (x86)/gnu arm embedded toolchain/10 2021.10/bin/../lib/gcc/arm-none-eabi/10.3.1/../../../../arm-none-eabi/lib/thumb/v7e-m+fp/hard\libc_nano.a(lib_a-nano-msizer.o)
 .data          0x200001ec        0x0 c:/program files (x86)/gnu arm embedded toolchain/10 2021.10/bin/../lib/gcc/arm-none-eabi/10.3.1/../../../../arm-none-eabi/lib/thumb/v7e-m+fp/hard\libc_nano.a(lib_a-readr.o)
 .data          0x200001ec        0x0 c:/program files (x86)/gnu arm embedded toolchain/10 2021.10/bin/../lib/gcc/arm-none-eabi/10.3.1/thumb/v7e-m+fp/hard/crtend.o
 .data          0x200001ec        0x0 c:/program files (x86)/gnu arm embedded toolchain/10 2021.10/bin/../lib/gcc/arm-none-eabi/10.3.1/thumb/v7e-m+fp/hard/crtn.o
 *(.data.*)
 .data._impure_ptr
                0x200001ec        0x4 c:/program files (x86)/gnu arm embedded toolchain/10 2021.10/bin/../lib/gcc/arm-none-eabi/10.3.1/../../../../arm-none-eabi/lib/thumb/v7e-m+fp/hard\libc_nano.a(lib_a-impure.o)
                0x200001ec                _impure_ptr
 .data.impure_data
                0x200001f0       0x60 c:/program files (x86)/gnu arm embedded toolchain/10 2021.10/bin/../lib/gcc/arm-none-eabi/10.3.1/../../../../arm-none-eabi/lib/thumb/v7e-m+fp/hard\libc_nano.a(lib_a-impure.o)