Archive member included to satisfy reference by file (symbol)

c:/program files (x86)/gnu arm embedded toolchain/10 2021.10/bin/../lib/gcc/arm-none-eabi/10.3.1/thumb/v7e-m/nofp\libgcc.a(_aeabi_uldivmod.o)
                              drivers/Src/stm32f407xx_rcc_driver.o (__aeabi_uldivmod)
c:/program files (x86)/gnu arm embedded toolchain/10 2021.10/bin/../lib/gcc/arm-none-eabi/10.3.1/thumb/v7e-m/nofp\libgcc.a(_udivmoddi4.o)
                              c:/program files (x86)/gnu arm embedded toolchain/10 2021.10/bin/../lib/gcc/arm-none-eabi/10.3.1/thumb/v7e-m/nofp\libgcc.a(_aeabi_uldivmod.o) (__udivmoddi4)
c:/program files (x86)/gnu arm embedded toolchain/10 2021.10/bin/../lib/gcc/arm-none-eabi/10.3.1/thumb/v7e-m/nofp\libgcc.a(_dvmd_tls.o)
                              c:/program files (x86)/gnu arm embedded toolchain/10 2021.10/bin/../lib/gcc/arm-none-eabi/10.3.1/thumb/v7e-m/nofp\libgcc.a(_aeabi_uldivmod.o) (__aeabi_ldiv0)
c:/program files (x86)/gnu arm embedded toolchain/10 2021.10/bin/../lib/gcc/arm-none-eabi/10.3.1/../../../../arm-none-eabi/lib/thumb/v7e-m/nofp\libc.a(lib_a-exit.o)
                              c:/program files (x86)/gnu arm embedded toolchain/10 2021.10/bin/../lib/gcc/arm-none-eabi/10.3.1/../../../../arm-none-eabi/lib/thumb/v7e-m/nofp/rdimon-crt0.o (exit)
c:/program files (x86)/gnu arm embedded toolchain/10 2021.10/bin/../lib/gcc/arm-none-eabi/10.3.1/../../../../arm-none-eabi/lib/thumb/v7e-m/nofp\libc.a(lib_a-impure.o)
                              c:/program files (x86)/gnu arm embedded toolchain/10 2021.10/bin/../lib/gcc/arm-none-eabi/10.3.1/../../../../arm-none-eabi/lib/thumb/v7e-m/nofp\libc.a(lib_a-exit.o) (_global_impure_ptr)
c:/program files (x86)/gnu arm embedded toolchain/10 2021.10/bin/../lib/gcc/arm-none-eabi/10.3.1/../../../../arm-none-eabi/lib/thumb/v7e-m/nofp\libc.a(lib_a-init.o)
                              c:/program files (x86)/gnu arm embedded toolchain/10 2021.10/bin/../lib/gcc/arm-none-eabi/10.3.1/../../../../arm-none-eabi/lib/thumb/v7e-m/nofp/rdimon-crt0.o (__libc_init_array)
c:/program files (x86)/gnu arm embedded toolchain/10 2021.10/bin/../lib/gcc/arm-none-eabi/10.3.1/../../../../arm-none-eabi/lib/thumb/v7e-m/nofp\libc.a(lib_a-malloc.o)
                              ble.o (malloc)
c:/program files (x86)/gnu arm embedded toolchain/10 2021.10/bin/../lib/gcc/arm-none-eabi/10.3.1/../../../../arm-none-eabi/lib/thumb/v7e-m/nofp\libc.a(lib_a-mallocr.o)
                              c:/program files (x86)/gnu arm embedded toolchain/10 2021.10/bin/../lib/gcc/arm-none-eabi/10.3.1/../../../../arm-none-eabi/lib/thumb/v7e-m/nofp\libc.a(lib_a-malloc.o) (_malloc_r)
c:/program files (x86)/gnu arm embedded toolchain/10 2021.10/bin/../lib/gcc/arm-none-eabi/10.3.1/../../../../arm-none-eabi/lib/thumb/v7e-m/nofp\libc.a(lib_a-memcpy.o)
                              ble.o (memcpy)
c:/program files (x86)/gnu arm embedded toolchain/10 2021.10/bin/../lib/gcc/arm-none-eabi/10.3.1/../../../../arm-none-eabi/lib/thumb/v7e-m/nofp\libc.a(lib_a-memset.o)
                              c:/program files (x86)/gnu arm embedded toolchain/10 2021.10/bin/../lib/gcc/arm-none-eabi/10.3.1/../../../../arm-none-eabi/lib/thumb/v7e-m/nofp/rdimon-crt0.o (memset)
c:/program files (x86)/gnu arm embedded toolchain/10 2021.10/bin/../lib/gcc/arm-none-eabi/10.3.1/../../../../arm-none-eabi/lib/thumb/v7e-m/nofp\libc.a(lib_a-mlock.o)
                              c:/program files (x86)/gnu arm embedded toolchain/10 2021.10/bin/../lib/gcc/arm-none-eabi/10.3.1/../../../../arm-none-eabi/lib/thumb/v7e-m/nofp\libc.a(lib_a-mallocr.o) (__malloc_lock)
c:/program files (x86)/gnu arm embedded toolchain/10 2021.10/bin/../lib/gcc/arm-none-eabi/10.3.1/../../../../arm-none-eabi/lib/thumb/v7e-m/nofp\libc.a(lib_a-puts.o)
                              ble.o (puts)
c:/program files (x86)/gnu arm embedded toolchain/10 2021.10/bin/../lib/gcc/arm-none-eabi/10.3.1/../../../../arm-none-eabi/lib/thumb/v7e-m/nofp\libc.a(lib_a-sbrkr.o)
                              c:/program files (x86)/gnu arm embedded toolchain/10 2021.10/bin/../lib/gcc/arm-none-eabi/10.3.1/../../../../arm-none-eabi/lib/thumb/v7e-m/nofp\libc.a(lib_a-mallocr.o) (_sbrk_r)
c:/program files (x86)/gnu arm embedded toolchain/10 2021.10/bin/../lib/gcc/arm-none-eabi/10.3.1/../../../../arm-none-eabi/lib/thumb/v7e-m/nofp\libc.a(lib_a-strlen.o)
                              c:/program files (x86)/gnu arm embedded toolchain/10 2021.10/bin/../lib/gcc/arm-none-eabi/10.3.1/../../../../arm-none-eabi/lib/thumb/v7e-m/nofp\libc.a(lib_a-puts.o) (strlen)
c:/program files (x86)/gnu arm embedded toolchain/10 2021.10/bin/../lib/gcc/arm-none-eabi/10.3.1/../../../../arm-none-eabi/lib/thumb/v7e-m/nofp\libc.a(lib_a-__call_atexit.o)
                              c:/program files (x86)/gnu arm embedded toolchain/10 2021.10/bin/../lib/gcc/arm-none-eabi/10.3.1/../../../../arm-none-eabi/lib/thumb/v7e-m/nofp\libc.a(lib_a-exit.o) (__call_exitprocs)
[...]
Memory Configuration

Name             Origin             Length             Attributes
FLASH            0x08000000         0x00100000         xr
SRAM             0x20000000         0x00020000         xrw
*default*        0x00000000         0xffffffff

Linker script and memory map

LOAD c:/program files (x86)/gnu arm embedded toolchain/10 2021.10/bin/../lib/gcc/arm-none-eabi/10.3.1/thumb/v7e-m/nofp/crti.o
LOAD c:/program files (x86)/gnu arm embedded toolchain/10 2021.10/bin/../lib/gcc/arm-none-eabi/10.3.1/thumb/v7e-m/nofp/crtbegin.o
LOAD c:/program files (x86)/gnu arm embedded toolchain/10 2021.10/bin/../lib/gcc/arm-none-eabi/10.3.1/../../../../arm-none-eabi/lib/thumb/v7e-m/nofp/rdimon-crt0.o
LOAD ble.o
LOAD led.o
LOAD LIS3DSH.o
LOAD main.o
LOAD stm32_startup.o
LOAD drivers/Src/stm32f407xx_gpio_driver.o
LOAD drivers/Src/stm32f407xx_i2c_driver.o
LOAD drivers/Src/stm32f407xx_rcc_driver.o
LOAD drivers/Src/stm32f407xx_spi_driver.o
LOAD drivers/Src/stm32f407xx_tim_driver.o
LOAD drivers/Src/stm32f407xx_usart_driver.o
LOAD USB/Class/CDC/Src/usbd_cdc.o
LOAD USB/Class/CDC/Src/usbd_cdc_if.o
LOAD USB/Core/Src/stm32f4xx_hal.o
LOAD USB/Core/Src/stm32f4xx_hal_pcd.o
LOAD USB/Core/Src/stm32f4xx_hal_pcd_ex.o
LOAD USB/Core/Src/stm32f4xx_ll_usb.o
LOAD USB/Core/Src/usbd_conf.o
LOAD USB/Core/Src/usbd_core.o
LOAD USB/Core/Src/usbd_ctlreq.o
LOAD USB/Core/Src/usbd_desc.o
LOAD USB/Core/Src/usbd_ioreq.o
START GROUP
LOAD c:/program files (x86)/gnu arm embedded toolchain/10 2021.10/bin/../lib/gcc/arm-none-eabi/10.3.1/thumb/v7e-m/nofp\libgcc.a
LOAD c:/program files (x86)/gnu arm embedded toolchain/10 2021.10/bin/../lib/gcc/arm-none-eabi/10.3.1/../../../../arm-none-eabi/lib/thumb/v7e-m/nofp\libc.a
END GROUP
START GROUP
LOAD c:/program files (x86)/gnu arm embedded toolchain/10 2021.10/bin/../lib/gcc/arm-none-eabi/10.3.1/thumb/v7e-m/nofp\libgcc.a
LOAD c:/program files (x86)/gnu arm embedded toolchain/10 2021.10/bin/../lib/gcc/arm-none-eabi/10.3.1/../../../../arm-none-eabi/lib/thumb/v7e-m/nofp\libc.a
LOAD c:/program files (x86)/gnu arm embedded toolchain/10 2021.10/bin/../lib/gcc/arm-none-eabi/10.3.1/../../../../arm-none-eabi/lib/thumb/v7e-m/nofp\librdimon.a
END GROUP
LOAD c:/program files (x86)/gnu arm embedded toolchain/10 2021.10/bin/../lib/gcc/arm-none-eabi/10.3.1/thumb/v7e-m/nofp/crtend.o
LOAD c:/program files (x86)/gnu arm embedded toolchain/10 2021.10/bin/../lib/gcc/arm-none-eabi/10.3.1/thumb/v7e-m/nofp/crtn.o

.text           0x08000000     0xf50c
 *(.isr_vector)
 .isr_vector    0x08000000      0x188 stm32_startup.o
                0x08000000                vectors
 *(.text)
 .text          0x08000188        0x0 c:/program files (x86)/gnu arm embedded toolchain/10 2021.10/bin/../lib/gcc/arm-none-eabi/10.3.1/thumb/v7e-m/nofp/crti.o
 .text          0x08000188       0x40 c:/program files (x86)/gnu arm embedded toolchain/10 2021.10/bin/../lib/gcc/arm-none-eabi/10.3.1/thumb/v7e-m/nofp/crtbegin.o
 .text          0x080001c8       0xf8 c:/program files (x86)/gnu arm embedded toolchain/10 2021.10/bin/../lib/gcc/arm-none-eabi/10.3.1/../../../../arm-none-eabi/lib/thumb/v7e-m/nofp/rdimon-crt0.o
                0x080001c8                _stack_init
                0x080001d4                _start
                0x080001d4                _mainCRTStartup
 .text          0x080002c0      0xbb0 ble.o
                0x080002c0                ble_gpio_init
                0x08000344                SPI2_GPIOInits
                0x08000394                SPI2_Inits
                0x080003dc                xnucleo_init
                0x080003fc                SoftwareReset
                0x08000420                ble_init
                0x08000698                standbyBle
                0x080006cc                fetchBleEvent
                0x080007d4                checkEventResp
                0x0800081e                sendCommand
                0x080008b0                catchBLE
                0x08000980                setConnectable
                0x08000aa0                BLE_command
                0x08000b38                addService
                0x08000bac                addCharacteristic
                0x08000c4c                updateCharValue
                0x08000cf4                disconnectBLE
                0x08000df8                setDiscoverability
 .text          0x08000e70       0xf0 led.o
                0x08000e70                led_init
                0x08000ed0                leds_set
                0x08000f18                led_on
                0x08000f3c                led_off
 .text          0x08000f60      0x2fc LIS3DSH.o
                0x08000f60                SPI1_GPIOInits
                0x08000fd8                SPI1_Inits
                0x08001014                spi_write_reg
                0x08001070                spi_read_reg
                0x08001128                LIS3DSH_init
                0x08001164                LIS3DSH_read_xyz
 .text          0x0800125c      0x848 main.o
                0x0800125c                TIM5_init
                0x080012a8                dwt_init
                0x080012f8                dwt_delay_us
                0x08001338                dwt_delay_ms
                0x0800135e                twos_complement_to_signed
                0x08001396                Read_movement
                0x08001408                USB_FS_GPIO_INIT
                0x08001474                main
                0x08001714                update_msg
                0x08001870                TIM5_IRQHandler
                0x080018a4                TIM6_DAC_IRQHandler
                0x080018b8                OTG_FS_IRQHandler
                0x080018cc                EXTI9_5_IRQHandler
                0x080018e4                I2C_ApplicationEventCallback
                0x080018fa                SystemClock_Config
                0x080019d4                HAL_EnableCompensationCell
                0x080019ec                HAL_NVIC_SetPriorityGrouping
                0x08001a34                HAL_MspInit
                0x08001a80                HAL_TIM_PeriodElapsedCallback
 .text          0x08001aa4       0x90 stm32_startup.o
                0x08001aa4                RTC_Alarm_IRQHandler
                0x08001aa4                HASH_RNG_IRQHandler
                0x08001aa4                EXTI2_IRQHandler
                0x08001aa4                TIM8_CC_IRQHandler
                0x08001aa4                DebugMon_Handler
                0x08001aa4                TIM1_CC_IRQHandler
                0x08001aa4                DMA2_Stream5_IRQHandler
                0x08001aa4                HardFault_Handler
                0x08001aa4                DMA1_Stream5_IRQHandler
                0x08001aa4                SysTick_Handler
                0x08001aa4                PVD_IRQHandler
                0x08001aa4                SDIO_IRQHandler
                0x08001aa4                TAMP_STAMP_IRQHandler
                0x08001aa4                PendSV_Handler
                0x08001aa4                NMI_Handler
                0x08001aa4                CAN2_RX1_IRQHandler
                0x08001aa4                EXTI3_IRQHandler
                0x08001aa4                TIM8_TRG_COM_TIM14_IRQHandler
                0x08001aa4                TIM1_UP_TIM10_IRQHandler
                0x08001aa4                TIM8_UP_TIM13_IRQHandler
                0x08001aa4                I2C3_ER_IRQHandler
                0x08001aa4                EXTI0_IRQHandler
                0x08001aa4                I2C2_EV_IRQHandler
                0x08001aa4                DMA1_Stream2_IRQHandler
                0x08001aa4                CAN1_RX0_IRQHandler
                0x08001aa4                FPU_IRQHandler
                0x08001aa4                OTG_HS_WKUP_IRQHandler
                0x08001aa4                UsageFault_Handler
                0x08001aa4                CAN2_SCE_IRQHandler
                0x08001aa4                DMA2_Stream2_IRQHandler
                0x08001aa4                SPI1_IRQHandler
                0x08001aa4                TIM1_BRK_TIM9_IRQHandler
                0x08001aa4                DCMI_IRQHandler
                0x08001aa4                CAN2_RX0_IRQHandler
                0x08001aa4                DMA2_Stream3_IRQHandler
                0x08001aa4                USART6_IRQHandler
                0x08001aa4                USART3_IRQHandler
                0x08001aa4                CRYP_IRQHandler
                0x08001aa4                DMA2_Stream6_IRQHandler
                0x08001aa4                CAN1_RX1_IRQHandler
                0x08001aa4                UART5_IRQHandler
                0x08001aa4                DMA2_Stream0_IRQHandler
                0x08001aa4                TIM4_IRQHandler
                0x08001aa4                I2C1_EV_IRQHandler
                0x08001aa4                DMA1_Stream6_IRQHandler
                0x08001aa4                DMA1_Stream1_IRQHandler
                0x08001aa4                UART4_IRQHandler
                0x08001aa4                TIM3_IRQHandler
                0x08001aa4                RCC_IRQHandler
                0x08001aa4                TIM8_BRK_TIM12_IRQHandler
                0x08001aa4                Default_Handler
                0x08001aa4                EXTI15_10_IRQHandler
                0x08001aa4                ADC_IRQHandler
                0x08001aa4                DMA1_Stream7_IRQHandler
                0x08001aa4                TIM7_IRQHandler
                0x08001aa4                CAN2_TX_IRQHandler
                0x08001aa4                DMA2_Stream7_IRQHandler
                0x08001aa4                I2C3_EV_IRQHandler
                0x08001aa4                RTC_WKUP_IRQHandler
                0x08001aa4                ETH_WKUP_IRQHandler
                0x08001aa4                SPI2_IRQHandler
                0x08001aa4                OTG_HS_EP1_IN_IRQHandler
                0x08001aa4                MemManage_Handler
                0x08001aa4                DMA1_Stream0_IRQHandler
                0x08001aa4                CAN1_TX_IRQHandler
                0x08001aa4                SVC_Handler
                0x08001aa4                EXTI4_IRQHandler
                0x08001aa4                FSMC_IRQHandler
                0x08001aa4                ETH_IRQHandler
                0x08001aa4                OTG_HS_EP1_OUT_IRQHandler
                0x08001aa4                WWDG_IRQHandler
                0x08001aa4                TIM2_IRQHandler
                0x08001aa4                OTG_FS_WKUP_IRQHandler
                0x08001aa4                TIM1_TRG_COM_TIM11_IRQHandler
                0x08001aa4                OTG_HS_IRQHandler
                0x08001aa4                EXTI1_IRQHandler
                0x08001aa4                USART2_IRQHandler
                0x08001aa4                I2C2_ER_IRQHandler
                0x08001aa4                DMA2_Stream1_IRQHandler
                0x08001aa4                CAN1_SCE_IRQHandler
                0x08001aa4                DMA2_Stream4_IRQHandler
                0x08001aa4                BusFault_Handler
                0x08001aa4                USART1_IRQHandler
                0x08001aa4                SPI3_IRQHandler
                0x08001aa4                DMA1_Stream4_IRQHandler
                0x08001aa4                I2C1_ER_IRQHandler
                0x08001aa4                DMA1_Stream3_IRQHandler
                0x08001aaa                Reset_Handler
 .text          0x08001b34      0x8dc drivers/Src/stm32f407xx_gpio_driver.o
                0x08001b34                GPIO_PeriClockControl
                0x08001d04                GPIO_Init
                0x0800203c                GPIO_DeInit
                0x080021a8                GPIO_ReadFromInputPin
                0x080021d2                GPIO_ReadFromInputPort
                0x080021ec                GPIO_WriteToOutputPin
                0x08002234                GPIO_WriteToOutputPort
                0x08002250                GPIO_ToggleOutputPin
                0x08002278                GPIO_IRQInterruptConfig
                0x08002380                GPIO_IRQPriorityConfig
                0x080023d2                GPIO_IRQHandling
 .text          0x08002410      0xd6c drivers/Src/stm32f407xx_i2c_driver.o
                0x080024f0                I2C_GenerateStopCondition
                0x0800250e                I2C_SlaveEnableDisableCallbackEvents
                0x08002574                I2C_PeripheralControl
                0x080025aa                I2C_Init
                0x080026f8                I2C_GetFlagStatus
                0x0800271e                I2C_MasterSendData
                0x08002818                I2C_MasterReceiveData
                0x08002924                I2C_MasterSendDataIT
                0x080029b8                I2C_MasterReceiveDataIT
                0x08002a4c                I2C_SlaveSendData
                0x08002a68                I2C_SlaveReceiveData
                0x08002a80                I2C_ManageAcking
                0x08002ab6                I2C_PeriClockControl
                0x08002b64                I2C_IRQInterruptConfig
                0x08002c6c                I2C_IRQPriorityConfig
                0x08002d90                I2C_EV_IRQHandling
                0x08002f48                I2C_CloseReceiveData
                0x08002fa4                I2C_CloseSendData
                0x08002fe8                I2C_ER_IRQHandling
                0x080030f4                I2C_MasterSendDataIT_one
 .text          0x0800317c      0x990 drivers/Src/stm32f407xx_rcc_driver.o
                0x0800317c                RCC_GetPCLK1Value
                0x0800322c                RCC_GetPCLK2Value
                0x080032cc                RCC_GetPLLOutputClock
                0x080032da                Set_PLL_Clock
                0x08003328                HAL_RCC_GetSysClockFreq
                0x08003540                HAL_RCC_GetHCLKFreq
                0x08003554                HAL_RCC_OscConfig
                0x080037b0                HAL_RCC_ClockConfig
                0x080039b8                HAL_RCC_GetClockConfig
                0x08003a18                HAL_RCC_GetPCLK1Freq
                0x08003a40                NVIC_GetPriorityGrouping
                0x08003a5c                NVIC_SetPriority
                0x08003aa8                NVIC_EncodePriority
 .text          0x08003b0c      0x7e4 drivers/Src/stm32f407xx_spi_driver.o
                0x08003b0c                SPI_PeriClockControl
                0x08003b78                SPI_Init
                0x08003c2e                SPI_DeInit
                0x08003c40                SPI_GetFlagStatus
                0x08003c66                SPI_TransmitReceive
                0x08003cfc                SPI_SendData
                0x08003d6a                SPI_ReceiveData
                0x08003de0                SPI_PeripheralControl
                0x08003e16                SPI_SSIConfig
                0x08003e4c                SPI_SSOEConfig
                0x08003e82                SPI_IRQInterruptConfig
                0x08003f8c                SPI_IRQPriorityConfig
                0x08003fde                SPI_SendDataIT
                0x08004024                SPI_ReceiveDataIT
                0x08004074                SPI_IRQHandling
                0x08004254                SPI_CloseTransmisson
                0x08004288                SPI_CloseReception
                0x080042bc                SPI_ClearOVRFlag
                0x080042da                SPI_ApplicationEventCallback
 .text          0x080042f0      0x77c drivers/Src/stm32f407xx_tim_driver.o
                0x080042f0                TIM_PeriClockControl
                0x08004340                timer_init
                0x080043b0                timer_reset
                0x080043cc                TIM_IRQInterruptConfig
                0x080044d4                timer_set_ms
                0x080044f0                TIM_IRQPriorityConfig
                0x08004542                TIM_IRQHandling
                0x08004572                TIM_Base_SetConfig
                0x080045b6                HAL_TIM_Base_MspInit
                0x080045c8                HAL_TIM_Base_Init
                0x08004666                HAL_TIM_Base_Start_IT
                0x080046b2                NVIC_EnableIRQ
                0x080046e4                HAL_InitTick
                0x080047dc                HAL_TIM_IC_CaptureCallback
                0x080047ee                HAL_TIM_OC_DelayElapsedCallback
                0x08004800                HAL_TIM_PWM_PulseFinishedCallback
                0x08004812                HAL_TIMEx_BreakCallback
                0x08004836                HAL_TIM_TriggerCallback
                0x08004848                HAL_TIMEx_CommutCallback
                0x0800485a                HAL_TIM_IRQHandler
 .text          0x08004a6c      0x948 drivers/Src/stm32f407xx_usart_driver.o
                0x08004a6c                USART_SetBaudRate
                0x08004b50                USART_Init
                0x08004c4e                USART_PeripheralControl
                0x08004c84                USART_SendData
                0x08004d20                USART_ReceiveData
                0x08004dca                USART_SendDataIT
                0x08004e24                USART_ReceiveDataIT
                0x08004e6e                USART_PeriClockControl
                0x08004ef4                USART_GetFlagStatus
                0x08004f1c                USART_IRQInterruptConfig
                0x08005024                USART_IRQPriorityConfig
                0x08005076                USART_IRQHandling
                0x0800539e                USART_ApplicationEventCallback
 .text          0x080053b4      0x9a4 USB/Class/CDC/Src/usbd_cdc.o
                0x08005b94                USBD_CDC_GetDeviceQualifierDescriptor
                0x08005bb4                USBD_CDC_RegisterInterface
                0x08005be6                USBD_CDC_SetTxBuffer
                0x08005c28                USBD_CDC_SetRxBuffer
                0x08005c60                USBD_CDC_TransmitPacket
                0x08005cec                USBD_CDC_ReceivePacket
 .text          0x08005d58      0x184 USB/Class/CDC/Src/usbd_cdc_if.o
                0x08005e4a                CDC_Receive_FS
                0x08005e70                CDC_Transmit_FS
 .text          0x08005edc      0x268 USB/Core/Src/stm32f4xx_hal.o
                0x08005edc                HAL_Init
                0x08005ef6                HAL_DeInit
                0x08005f10                HAL_MspDeInit
                0x08005f1c                init_systick_timer
                0x08005fc4                HAL_IncTick
                0x08005fe8                HAL_GetTick
                0x08005ffc                HAL_GetTickPrio
                0x08006010                HAL_SetTickFreq
                0x08006060                HAL_GetTickFreq
                0x08006074                HAL_Delay
                0x080060bc                HAL_SuspendTick
                0x080060d8                HAL_ResumeTick
                0x080060f4                HAL_GetHalVersion
                0x08006108                HAL_GetUIDw0
                0x0800611c                HAL_GetUIDw1
                0x08006130                HAL_GetUIDw2
 .text          0x08006144     0x1af8 USB/Core/Src/stm32f4xx_hal_pcd.o
                0x08006144                HAL_PCD_Init
                0x0800637e                HAL_PCD_DeInit
                0x080063e8                HAL_PCD_Start
                0x0800644e                HAL_PCD_Stop
                0x080064c0                HAL_PCD_IRQHandler
                0x08006dfe                HAL_PCD_WKUP_IRQHandler
                0x08006f0e                HAL_PCD_DevConnect
                0x08006f6a                HAL_PCD_DevDisconnect
                0x08006fc6                HAL_PCD_SetAddress
                0x08007010                HAL_PCD_EP_Open
                0x080070e0                HAL_PCD_EP_Close
                0x08007174                HAL_PCD_EP_Receive
                0x0800720a                HAL_PCD_EP_GetRxCount
                0x08007238                HAL_PCD_EP_Transmit
                0x080072cc                HAL_PCD_EP_SetStall
                0x08007394                HAL_PCD_EP_ClrStall
                0x08007440                HAL_PCD_EP_Abort
                0x080074a2                HAL_PCD_EP_Flush
                0x080074fc                HAL_PCD_ActivateRemoteWakeup
                0x08007518                HAL_PCD_DeActivateRemoteWakeup
                0x08007534                HAL_PCD_GetState
                0x0800754e                HAL_PCD_SetTestMode
                0x08007908                HAL_GPIO_Init
 .text          0x08007c3c       0xd8 USB/Core/Src/stm32f4xx_hal_pcd_ex.o
                0x08007c3c                HAL_PCDEx_SetTxFiFo
                0x08007cc8                HAL_PCDEx_SetRxFiFo
                0x08007ce8                HAL_PCDEx_LPM_Callback
                0x08007cfe                HAL_PCDEx_BCD_Callback
 .text          0x08007d14     0x2774 USB/Core/Src/stm32f4xx_ll_usb.o
                0x08007d14                USB_CoreInit
                0x08007dd6                USB_SetTurnaroundTime
                0x08007f18                USB_EnableGlobalInt
                0x08007f38                USB_DisableGlobalInt
                0x08007f58                USB_SetCurrentMode
                0x08007ff0                USB_DevInit
                0x080082b8                USB_FlushTxFifo
                0x08008320                USB_FlushRxFifo
                0x08008380                USB_SetDevSpeed
                0x080083b0                USB_GetDevSpeed
                0x080083f8                USB_ActivateEndpoint
                0x08008504                USB_ActivateDedicatedEndpoint
                0x08008612                USB_DeactivateEndpoint
                0x080087c8                USB_DeactivateDedicatedEndpoint
                0x0800892a                USB_EPStartXfer
                0x08008db8                USB_EP0StartXfer
                0x08009066                USB_EPStopXfer
                0x080091b8                USB_WritePacket
                0x08009232                USB_ReadPacket
                0x080092e0                USB_EPSetStall
                0x080093ba                USB_EPClearStall
                0x08009484                USB_StopDevice
                0x08009522                USB_SetDevAddress
                0x0800956c                USB_DevConnect
                0x080095ac                USB_DevDisconnect
                0x080095ec                USB_ReadInterrupts
                0x08009610                USB_ReadDevAllOutEpInterrupt
                0x08009642                USB_ReadDevAllInEpInterrupt
                0x08009674                USB_ReadDevOutEPInterrupt
                0x080096ae                USB_ReadDevInEPInterrupt
                0x08009708                USB_ClearInterrupts
                0x08009728                USB_GetMode
                0x08009742                USB_ActivateSetup
                0x08009786                USB_EP0_OutStart
                0x080098a4                USB_HostInit
                0x08009a24                USB_InitFSLSPClkSel
                0x08009a96                USB_ResetPort
                0x08009aea                USB_DriveVbus
                0x08009b5a                USB_GetHostSpeed
                0x08009b86                USB_GetCurrentFrame
                0x08009ba6                USB_HC_Init
                0x08009dec                USB_HC_StartXfer
                0x0800a070                USB_HC_ReadInterrupt
                0x0800a090                USB_HC_Halt
                0x0800a286                USB_DoPing
                0x0800a2fc                USB_StopHost
                0x0800a420                USB_ActivateRemoteWakeup
                0x0800a45c                USB_DeActivateRemoteWakeup
 .text          0x0800a488      0x768 USB/Core/Src/usbd_conf.o
                0x0800a488                Error_Handler
                0x0800a494                HAL_NVIC_SetPriority
                0x0800a4c6                HAL_PCD_MspInit
                0x0800a5a8                HAL_PCD_MspDeInit
                0x0800a5ba                HAL_PCD_SetupStageCallback
                0x0800a5de                HAL_PCD_DataOutStageCallback
                0x0800a614                HAL_PCD_DataInStageCallback
                0x0800a648                HAL_PCD_SOFCallback
                0x0800a664                HAL_PCD_ResetCallback
                0x0800a6b4                HAL_PCD_SuspendCallback
                0x0800a700                HAL_PCD_ResumeCallback
                0x0800a71c                HAL_PCD_ISOOUTIncompleteCallback
                0x0800a740                HAL_PCD_ISOINIncompleteCallback
                0x0800a764                HAL_PCD_ConnectCallback
                0x0800a780                HAL_PCD_DisconnectCallback
                0x0800a79c                USBD_LL_Init
                0x0800a834                USBD_LL_DeInit
                0x0800a86a                USBD_LL_Start
                0x0800a8a0                USBD_LL_Stop
                0x0800a8d6                USBD_LL_OpenEP
                0x0800a922                USBD_LL_CloseEP
                0x0800a960                USBD_LL_FlushEP
                0x0800a99e                USBD_LL_StallEP
                0x0800a9dc                USBD_LL_ClearStallEP
                0x0800aa1a                USBD_LL_IsStallEP
                0x0800aa70                USBD_LL_SetUSBAddress
                0x0800aaae                USBD_LL_Transmit
                0x0800aaf0                USBD_LL_PrepareReceive
                0x0800ab32                USBD_LL_GetRxDataSize
                0x0800ab58                USBD_static_malloc
                0x0800ab70                USBD_static_free
                0x0800ab82                USBD_LL_Delay
                0x0800ab98                USBD_Get_USB_Status
 .text          0x0800abf0      0x8cc USB/Core/Src/usbd_core.o
                0x0800abf0                USBD_Init
                0x0800ac50                USBD_DeInit
                0x0800acb0                USBD_RegisterClass
                0x0800ad1c                USBD_Start
                0x0800ad34                USBD_Stop
                0x0800ad6a                USBD_RunTestMode
                0x0800ad7e                USBD_SetClassConfig
                0x0800adb6                USBD_ClrClassConfig
                0x0800adea                USBD_LL_SetupStage
                0x0800ae94                USBD_LL_DataOutStage
                0x0800affc                USBD_LL_DataInStage
                0x0800b162                USBD_LL_Reset
                0x0800b208                USBD_LL_SetSpeed
                0x0800b226                USBD_LL_Suspend
                0x0800b250                USBD_LL_Resume
                0x0800b27e                USBD_LL_SOF
                0x0800b2be                USBD_LL_IsoINIncomplete
                0x0800b322                USBD_LL_IsoOUTIncomplete
                0x0800b386                USBD_LL_DevConnected
                0x0800b39a                USBD_LL_DevDisconnected
                0x0800b3e0                USBD_CoreFindIF
                0x0800b3f8                USBD_CoreFindEP
                0x0800b410                USBD_GetEpDesc
                0x0800b484                USBD_GetNextDesc
 .text          0x0800b4bc      0xca0 USB/Core/Src/usbd_ctlreq.o
                0x0800b4f6                USBD_StdDevReq
                0x0800b5da                USBD_StdItfReq
                0x0800b6b2                USBD_StdEPReq
                0x0800c006                USBD_ParseSetupRequest
                0x0800c07a                USBD_CtlError
                0x0800c09c                USBD_GetString
 .text          0x0800c15c      0x21c USB/Core/Src/usbd_desc.o
                0x0800c15c                USBD_FS_DeviceDescriptor
                0x0800c180                USBD_FS_LangIDStrDescriptor
                0x0800c1a4                USBD_FS_ProductStrDescriptor
                0x0800c1e0                USBD_FS_ManufacturerStrDescriptor
                0x0800c208                USBD_FS_SerialStrDescriptor
                0x0800c22c                USBD_FS_ConfigStrDescriptor
                0x0800c268                USBD_FS_InterfaceStrDescriptor
 .text          0x0800c378      0x120 USB/Core/Src/usbd_ioreq.o
                0x0800c378                USBD_CtlSendData
                0x0800c3ae                USBD_CtlContinueSendData
                0x0800c3d0                USBD_CtlPrepareRx
                0x0800c40a                USBD_CtlContinueRx
                0x0800c42c                USBD_CtlSendStatus
                0x0800c452                USBD_CtlReceiveStatus
                0x0800c478                USBD_GetRxCount
 .text          0x0800c498       0x30 c:/program files (x86)/gnu arm embedded toolchain/10 2021.10/bin/../lib/gcc/arm-none-eabi/10.3.1/thumb/v7e-m/nofp\libgcc.a(_aeabi_uldivmod.o)
                0x0800c498                __aeabi_uldivmod
 .text          0x0800c4c8      0x2d0 c:/program files (x86)/gnu arm embedded toolchain/10 2021.10/bin/../lib/gcc/arm-none-eabi/10.3.1/thumb/v7e-m/nofp\libgcc.a(_udivmoddi4.o)
                0x0800c4c8                __udivmoddi4
 .text          0x0800c798        0x4 c:/program files (x86)/gnu arm embedded toolchain/10 2021.10/bin/../lib/gcc/arm-none-eabi/10.3.1/thumb/v7e-m/nofp\libgcc.a(_dvmd_tls.o)
                0x0800c798                __aeabi_idiv0
                0x0800c798                __aeabi_ldiv0
 .text          0x0800c79c        0x0 c:/program files (x86)/gnu arm embedded toolchain/10 2021.10/bin/../lib/gcc/arm-none-eabi/10.3.1/../../../../arm-none-eabi/lib/thumb/v7e-m/nofp\libc.a(lib_a-exit.o)
 .text          0x0800c79c        0x0 c:/program files (x86)/gnu arm embedded toolchain/10 2021.10/bin/../lib/gcc/arm-none-eabi/10.3.1/../../../../arm-none-eabi/lib/thumb/v7e-m/nofp\libc.a(lib_a-impure.o)
 .text          0x0800c79c        0x0 c:/program files (x86)/gnu arm embedded toolchain/10 2021.10/bin/../lib/gcc/arm-none-eabi/10.3.1/../../../../arm-none-eabi/lib/thumb/v7e-m/nofp\libc.a(lib_a-init.o)
 .text          0x0800c79c        0x0 c:/program files (x86)/gnu arm embedded toolchain/10 2021.10/bin/../lib/gcc/arm-none-eabi/10.3.1/../../../../arm-none-eabi/lib/thumb/v7e-m/nofp\libc.a(lib_a-malloc.o)
 .text          0x0800c79c        0x0 c:/program files (x86)/gnu arm embedded toolchain/10 2021.10/bin/../lib/gcc/arm-none-eabi/10.3.1/../../../../arm-none-eabi/lib/thumb/v7e-m/nofp\libc.a(lib_a-mallocr.o)
 .text          0x0800c79c      0x134 c:/program files (x86)/gnu arm embedded toolchain/10 2021.10/bin/../lib/gcc/arm-none-eabi/10.3.1/../../../../arm-none-eabi/lib/thumb/v7e-m/nofp\libc.a(lib_a-memcpy.o)
                0x0800c79c                memcpy
 .text          0x0800c8d0        0x0 c:/program files (x86)/gnu arm embedded toolchain/10 2021.10/bin/../lib/gcc/arm-none-eabi/10.3.1/../../../../arm-none-eabi/lib/thumb/v7e-m/nofp\libc.a(lib_a-memset.o)
 .text          0x0800c8d0        0x0 c:/program files (x86)/gnu arm embedded toolchain/10 2021.10/bin/../lib/gcc/arm-none-eabi/10.3.1/../../../../arm-none-eabi/lib/thumb/v7e-m/nofp\libc.a(lib_a-mlock.o)
 .text          0x0800c8d0        0x0 c:/program files (x86)/gnu arm embedded toolchain/10 2021.10/bin/../lib/gcc/arm-none-eabi/10.3.1/../../../../arm-none-eabi/lib/thumb/v7e-m/nofp\libc.a(lib_a-puts.o)
 .text          0x0800c8d0        0x0 c:/program files (x86)/gnu arm embedded toolchain/10 2021.10/bin/../lib/gcc/arm-none-eabi/10.3.1/../../../../arm-none-eabi/lib/thumb/v7e-m/nofp\libc.a(lib_a-sbrkr.o)
 *fill*         0x0800c8d0       0x30 
 .text          0x0800c900       0xdc c:/program files (x86)/gnu arm embedded toolchain/10 2021.10/bin/../lib/gcc/arm-none-eabi/10.3.1/../../../../arm-none-eabi/lib/thumb/v7e-m/nofp\libc.a(lib_a-strlen.o)
                0x0800c900                strlen
 .text          0x0800c9dc        0x0 c:/program files (x86)/gnu arm embedded toolchain/10 2021.10/bin/../lib/gcc/arm-none-eabi/10.3.1/../../../../arm-none-eabi/lib/thumb/v7e-m/nofp\libc.a(lib_a-__call_atexit.o)
 .text          0x0800c9dc        0x0 c:/program files (x86)/gnu arm embedded toolchain/10 2021.10/bin/../lib/gcc/arm-none-eabi/10.3.1/../../../../arm-none-eabi/lib/thumb/v7e-m/nofp\libc.a(lib_a-atexit.o)
 .text          0x0800c9dc        0x0 c:/program files (x86)/gnu arm embedded toolchain/10 2021.10/bin/../lib/gcc/arm-none-eabi/10.3.1/../../../../arm-none-eabi/lib/thumb/v7e-m/nofp\libc.a(lib_a-findfp.o)
 .text          0x0800c9dc        0x0 c:/program files (x86)/gnu arm embedded toolchain/10 2021.10/bin/../lib/gcc/arm-none-eabi/10.3.1/../../../../arm-none-eabi/lib/thumb/v7e-m/nofp\libc.a(lib_a-fini.o)
 .text          0x0800c9dc        0x0 c:/program files (x86)/gnu arm embedded toolchain/10 2021.10/bin/../lib/gcc/arm-none-eabi/10.3.1/../../../../arm-none-eabi/lib/thumb/v7e-m/nofp\libc.a(lib_a-freer.o)
 .text          0x0800c9dc        0x0 c:/program files (x86)/gnu arm embedded toolchain/10 2021.10/bin/../lib/gcc/arm-none-eabi/10.3.1/../../../../arm-none-eabi/lib/thumb/v7e-m/nofp\libc.a(lib_a-fvwrite.o)
 .text          0x0800c9dc        0x0 c:/program files (x86)/gnu arm embedded toolchain/10 2021.10/bin/../lib/gcc/arm-none-eabi/10.3.1/../../../../arm-none-eabi/lib/thumb/v7e-m/nofp\libc.a(lib_a-fwalk.o)
 .text          0x0800c9dc        0x0 c:/program files (x86)/gnu arm embedded toolchain/10 2021.10/bin/../lib/gcc/arm-none-eabi/10.3.1/../../../../arm-none-eabi/lib/thumb/v7e-m/nofp\libc.a(lib_a-lock.o)
 *fill*         0x0800c9dc        0x4 
 .text          0x0800c9e0       0xa0 c:/program files (x86)/gnu arm embedded toolchain/10 2021.10/bin/../lib/gcc/arm-none-eabi/10.3.1/../../../../arm-none-eabi/lib/thumb/v7e-m/nofp\libc.a(lib_a-memchr.o)
                0x0800c9e0                memchr
 .text          0x0800ca80        0x0 c:/program files (x86)/gnu arm embedded toolchain/10 2021.10/bin/../lib/gcc/arm-none-eabi/10.3.1/../../../../arm-none-eabi/lib/thumb/v7e-m/nofp\libc.a(lib_a-memmove.o)
 .text          0x0800ca80        0x0 c:/program files (x86)/gnu arm embedded toolchain/10 2021.10/bin/../lib/gcc/arm-none-eabi/10.3.1/../../../../arm-none-eabi/lib/thumb/v7e-m/nofp\libc.a(lib_a-reallocr.o)
 .text          0x0800ca80        0x0 c:/program files (x86)/gnu arm embedded toolchain/10 2021.10/bin/../lib/gcc/arm-none-eabi/10.3.1/../../../../arm-none-eabi/lib/thumb/v7e-m/nofp\libc.a(lib_a-reent.o)
 .text          0x0800ca80        0x0 c:/program files (x86)/gnu arm embedded toolchain/10 2021.10/bin/../lib/gcc/arm-none-eabi/10.3.1/../../../../arm-none-eabi/lib/thumb/v7e-m/nofp\libc.a(lib_a-stdio.o)
 .text          0x0800ca80        0x0 c:/program files (x86)/gnu arm embedded toolchain/10 2021.10/bin/../lib/gcc/arm-none-eabi/10.3.1/../../../../arm-none-eabi/lib/thumb/v7e-m/nofp\libc.a(lib_a-writer.o)
 .text          0x0800ca80        0x0 c:/program files (x86)/gnu arm embedded toolchain/10 2021.10/bin/../lib/gcc/arm-none-eabi/10.3.1/../../../../arm-none-eabi/lib/thumb/v7e-m/nofp\libc.a(lib_a-wsetup.o)
 .text          0x0800ca80        0x0 c:/program files (x86)/gnu arm embedded toolchain/10 2021.10/bin/../lib/gcc/arm-none-eabi/10.3.1/../../../../arm-none-eabi/lib/thumb/v7e-m/nofp\libc.a(lib_a-__atexit.o)
 .text          0x0800ca80        0x0 c:/program files (x86)/gnu arm embedded toolchain/10 2021.10/bin/../lib/gcc/arm-none-eabi/10.3.1/../../../../arm-none-eabi/lib/thumb/v7e-m/nofp\libc.a(lib_a-closer.o)
 .text          0x0800ca80        0x0 c:/program files (x86)/gnu arm embedded toolchain/10 2021.10/bin/../lib/gcc/arm-none-eabi/10.3.1/../../../../arm-none-eabi/lib/thumb/v7e-m/nofp\libc.a(lib_a-fclose.o)
 .text          0x0800ca80        0x0 c:/program files (x86)/gnu arm embedded toolchain/10 2021.10/bin/../lib/gcc/arm-none-eabi/10.3.1/../../../../arm-none-eabi/lib/thumb/v7e-m/nofp\libc.a(lib_a-fflush.o)
 .text          0x0800ca80        0x0 c:/program files (x86)/gnu arm embedded toolchain/10 2021.10/bin/../lib/gcc/arm-none-eabi/10.3.1/../../../../arm-none-eabi/lib/thumb/v7e-m/nofp\libc.a(lib_a-lseekr.o)
 .text          0x0800ca80        0x0 c:/program files (x86)/gnu arm embedded toolchain/10 2021.10/bin/../lib/gcc/arm-none-eabi/10.3.1/../../../../arm-none-eabi/lib/thumb/v7e-m/nofp\libc.a(lib_a-makebuf.o)
 .text          0x0800ca80        0x0 c:/program files (x86)/gnu arm embedded toolchain/10 2021.10/bin/../lib/gcc/arm-none-eabi/10.3.1/../../../../arm-none-eabi/lib/thumb/v7e-m/nofp\libc.a(lib_a-readr.o)
 .text          0x0800ca80        0x0 c:/program files (x86)/gnu arm embedded toolchain/10 2021.10/bin/../lib/gcc/arm-none-eabi/10.3.1/../../../../arm-none-eabi/lib/thumb/v7e-m/nofp\libc.a(lib_a-fstatr.o)
 .text          0x0800ca80        0x0 c:/program files (x86)/gnu arm embedded toolchain/10 2021.10/bin/../lib/gcc/arm-none-eabi/10.3.1/../../../../arm-none-eabi/lib/thumb/v7e-m/nofp\libc.a(lib_a-isattyr.o)
 .text          0x0800ca80        0x0 c:/program files (x86)/gnu arm embedded toolchain/10 2021.10/bin/../lib/gcc/arm-none-eabi/10.3.1/../../../../arm-none-eabi/lib/thumb/v7e-m/nofp\librdimon.a(rdimon-syscalls.o)
 .text          0x0800ca80        0x0 c:/program files (x86)/gnu arm embedded toolchain/10 2021.10/bin/../lib/gcc/arm-none-eabi/10.3.1/../../../../arm-none-eabi/lib/thumb/v7e-m/nofp\librdimon.a(rdimon-_exit.o)
 .text          0x0800ca80        0x0 c:/program files (x86)/gnu arm embedded toolchain/10 2021.10/bin/../lib/gcc/arm-none-eabi/10.3.1/../../../../arm-none-eabi/lib/thumb/v7e-m/nofp\librdimon.a(rdimon-_kill.o)
 .text          0x0800ca80        0x0 c:/program files (x86)/gnu arm embedded toolchain/10 2021.10/bin/../lib/gcc/arm-none-eabi/10.3.1/../../../../arm-none-eabi/lib/thumb/v7e-m/nofp\libc.a(lib_a-errno.o)
 .text          0x0800ca80        0x0 c:/program files (x86)/gnu arm embedded toolchain/10 2021.10/bin/../lib/gcc/arm-none-eabi/10.3.1/thumb/v7e-m/nofp/crtend.o
 .text          0x0800ca80        0x0 c:/program files (x86)/gnu arm embedded toolchain/10 2021.10/bin/../lib/gcc/arm-none-eabi/10.3.1/thumb/v7e-m/nofp/crtn.o
 *(.text.*)
 .text.exit     0x0800ca80       0x20 c:/program files (x86)/gnu arm embedded toolchain/10 2021.10/bin/../lib/gcc/arm-none-eabi/10.3.1/../../../../arm-none-eabi/lib/thumb/v7e-m/nofp\libc.a(lib_a-exit.o)
                0x0800ca80                exit
 .text.__libc_init_array
                0x0800caa0       0x48 c:/program files (x86)/gnu arm embedded toolchain/10 2021.10/bin/../lib/gcc/arm-none-eabi/10.3.1/../../../../arm-none-eabi/lib/thumb/v7e-m/nofp\libc.a(lib_a-init.o)
                0x0800caa0                __libc_init_array
 .text.malloc   0x0800cae8       0x10 c:/program files (x86)/gnu arm embedded toolchain/10 2021.10/bin/../lib/gcc/arm-none-eabi/10.3.1/../../../../arm-none-eabi/lib/thumb/v7e-m/nofp\libc.a(lib_a-malloc.o)
                0x0800cae8                malloc
 .text.free     0x0800caf8       0x10 c:/program files (x86)/gnu arm embedded toolchain/10 2021.10/bin/../lib/gcc/arm-none-eabi/10.3.1/../../../../arm-none-eabi/lib/thumb/v7e-m/nofp\libc.a(lib_a-malloc.o)
                0x0800caf8                free
 .text._malloc_r
                0x0800cb08      0x560 c:/program files (x86)/gnu arm embedded toolchain/10 2021.10/bin/../lib/gcc/arm-none-eabi/10.3.1/../../../../arm-none-eabi/lib/thumb/v7e-m/nofp\libc.a(lib_a-mallocr.o)
                0x0800cb08                _malloc_r
 .text.memset   0x0800d068       0xa4 c:/program files (x86)/gnu arm embedded toolchain/10 2021.10/bin/../lib/gcc/arm-none-eabi/10.3.1/../../../../arm-none-eabi/lib/thumb/v7e-m/nofp\libc.a(lib_a-memset.o)
                0x0800d068                memset
 .text.__malloc_lock
                0x0800d10c        0xc c:/program files (x86)/gnu arm embedded toolchain/10 2021.10/bin/../lib/gcc/arm-none-eabi/10.3.1/../../../../arm-none-eabi/lib/thumb/v7e-m/nofp\libc.a(lib_a-mlock.o)
                0x0800d10c                __malloc_lock
 .text.__malloc_unlock
                0x0800d118        0xc c:/program files (x86)/gnu arm embedded toolchain/10 2021.10/bin/../lib/gcc/arm-none-eabi/10.3.1/../../../../arm-none-eabi/lib/thumb/v7e-m/nofp\libc.a(lib_a-mlock.o)
                0x0800d118                __malloc_unlock
 .text._puts_r  0x0800d124       0x9c c:/program files (x86)/gnu arm embedded toolchain/10 2021.10/bin/../lib/gcc/arm-none-eabi/10.3.1/../../../../arm-none-eabi/lib/thumb/v7e-m/nofp\libc.a(lib_a-puts.o)
                0x0800d124                _puts_r
 .text.puts     0x0800d1c0       0x10 c:/program files (x86)/gnu arm embedded toolchain/10 2021.10/bin/../lib/gcc/arm-none-eabi/10.3.1/../../../../arm-none-eabi/lib/thumb/v7e-m/nofp\libc.a(lib_a-puts.o)
                0x0800d1c0                puts
 .text._sbrk_r  0x0800d1d0       0x24 c:/program files (x86)/gnu arm embedded toolchain/10 2021.10/bin/../lib/gcc/arm-none-eabi/10.3.1/../../../../arm-none-eabi/lib/thumb/v7e-m/nofp\libc.a(lib_a-sbrkr.o)
                0x0800d1d0                _sbrk_r
 .text.startup.register_fini
                0x0800d1f4       0x14 c:/program files (x86)/gnu arm embedded toolchain/10 2021.10/bin/../lib/gcc/arm-none-eabi/10.3.1/../../../../arm-none-eabi/lib/thumb/v7e-m/nofp\libc.a(lib_a-__call_atexit.o)
 .text.__call_exitprocs
                0x0800d208       0xc4 c:/program files (x86)/gnu arm embedded toolchain/10 2021.10/bin/../lib/gcc/arm-none-eabi/10.3.1/../../../../arm-none-eabi/lib/thumb/v7e-m/nofp\libc.a(lib_a-__call_atexit.o)
                0x0800d208                __call_exitprocs
 .text.atexit   0x0800d2cc        0xc c:/program files (x86)/gnu arm embedded toolchain/10 2021.10/bin/../lib/gcc/arm-none-eabi/10.3.1/../../../../arm-none-eabi/lib/thumb/v7e-m/nofp\libc.a(lib_a-atexit.o)
                0x0800d2cc                atexit
 .text._cleanup_r
                0x0800d2d8        0xc c:/program files (x86)/gnu arm embedded toolchain/10 2021.10/bin/../lib/gcc/arm-none-eabi/10.3.1/../../../../arm-none-eabi/lib/thumb/v7e-m/nofp\libc.a(lib_a-findfp.o)
                0x0800d2d8                _cleanup_r
 .text.__fp_lock
                0x0800d2e4       0x1c c:/program files (x86)/gnu arm embedded toolchain/10 2021.10/bin/../lib/gcc/arm-none-eabi/10.3.1/../../../../arm-none-eabi/lib/thumb/v7e-m/nofp\libc.a(lib_a-findfp.o)
 .text.__fp_unlock
                0x0800d300       0x1c c:/program files (x86)/gnu arm embedded toolchain/10 2021.10/bin/../lib/gcc/arm-none-eabi/10.3.1/../../../../arm-none-eabi/lib/thumb/v7e-m/nofp\libc.a(lib_a-findfp.o)
 .text.__sfmoreglue
                0x0800d31c       0x30 c:/program files (x86)/gnu arm embedded toolchain/10 2021.10/bin/../lib/gcc/arm-none-eabi/10.3.1/../../../../arm-none-eabi/lib/thumb/v7e-m/nofp\libc.a(lib_a-findfp.o)
                0x0800d31c                __sfmoreglue
 .text._cleanup
                0x0800d34c       0x14 c:/program files (x86)/gnu arm embedded toolchain/10 2021.10/bin/../lib/gcc/arm-none-eabi/10.3.1/../../../../arm-none-eabi/lib/thumb/v7e-m/nofp\libc.a(lib_a-findfp.o)
                0x0800d34c                _cleanup
 .text.__sinit  0x0800d360      0x10c c:/program files (x86)/gnu arm embedded toolchain/10 2021.10/bin/../lib/gcc/arm-none-eabi/10.3.1/../../../../arm-none-eabi/lib/thumb/v7e-m/nofp\libc.a(lib_a-findfp.o)
                0x0800d360                __sinit
 .text.__sfp    0x0800d46c       0xc8 c:/program files (x86)/gnu arm embedded toolchain/10 2021.10/bin/../lib/gcc/arm-none-eabi/10.3.1/../../../../arm-none-eabi/lib/thumb/v7e-m/nofp\libc.a(lib_a-findfp.o)
                0x0800d46c                __sfp
 .text.__sfp_lock_acquire
                0x0800d534        0xc c:/program files (x86)/gnu arm embedded toolchain/10 2021.10/bin/../lib/gcc/arm-none-eabi/10.3.1/../../../../arm-none-eabi/lib/thumb/v7e-m/nofp\libc.a(lib_a-findfp.o)
                0x0800d534                __sfp_lock_acquire
 .text.__sfp_lock_release
                0x0800d540        0xc c:/program files (x86)/gnu arm embedded toolchain/10 2021.10/bin/../lib/gcc/arm-none-eabi/10.3.1/../../../../arm-none-eabi/lib/thumb/v7e-m/nofp\libc.a(lib_a-findfp.o)
                0x0800d540                __sfp_lock_release
 .text.__sinit_lock_acquire
                0x0800d54c        0xc c:/program files (x86)/gnu arm embedded toolchain/10 2021.10/bin/../lib/gcc/arm-none-eabi/10.3.1/../../../../arm-none-eabi/lib/thumb/v7e-m/nofp\libc.a(lib_a-findfp.o)
                0x0800d54c                __sinit_lock_acquire
 .text.__sinit_lock_release
                0x0800d558        0xc c:/program files (x86)/gnu arm embedded toolchain/10 2021.10/bin/../lib/gcc/arm-none-eabi/10.3.1/../../../../arm-none-eabi/lib/thumb/v7e-m/nofp\libc.a(lib_a-findfp.o)
                0x0800d558                __sinit_lock_release
 .text.__fp_lock_all
                0x0800d564       0x24 c:/program files (x86)/gnu arm embedded toolchain/10 2021.10/bin/../lib/gcc/arm-none-eabi/10.3.1/../../../../arm-none-eabi/lib/thumb/v7e-m/nofp\libc.a(lib_a-findfp.o)
                0x0800d564                __fp_lock_all
 .text.__fp_unlock_all
                0x0800d588       0x24 c:/program files (x86)/gnu arm embedded toolchain/10 2021.10/bin/../lib/gcc/arm-none-eabi/10.3.1/../../../../arm-none-eabi/lib/thumb/v7e-m/nofp\libc.a(lib_a-findfp.o)
                0x0800d588                __fp_unlock_all
 .text.__libc_fini_array
                0x0800d5ac       0x2c c:/program files (x86)/gnu arm embedded toolchain/10 2021.10/bin/../lib/gcc/arm-none-eabi/10.3.1/../../../../arm-none-eabi/lib/thumb/v7e-m/nofp\libc.a(lib_a-fini.o)
                0x0800d5ac                __libc_fini_array
 .text._malloc_trim_r
                0x0800d5d8       0xa0 c:/program files (x86)/gnu arm embedded toolchain/10 2021.10/bin/../lib/gcc/arm-none-eabi/10.3.1/../../../../arm-none-eabi/lib/thumb/v7e-m/nofp\libc.a(lib_a-freer.o)
                0x0800d5d8                _malloc_trim_r
 .text._free_r  0x0800d678      0x20c c:/program files (x86)/gnu arm embedded toolchain/10 2021.10/bin/../lib/gcc/arm-none-eabi/10.3.1/../../../../arm-none-eabi/lib/thumb/v7e-m/nofp\libc.a(lib_a-freer.o)
                0x0800d678                _free_r
 .text.__sfvwrite_r
                0x0800d884      0x2e8 c:/program files (x86)/gnu arm embedded toolchain/10 2021.10/bin/../lib/gcc/arm-none-eabi/10.3.1/../../../../arm-none-eabi/lib/thumb/v7e-m/nofp\libc.a(lib_a-fvwrite.o)
                0x0800d884                __sfvwrite_r
 .text._fwalk   0x0800db6c       0x40 c:/program files (x86)/gnu arm embedded toolchain/10 2021.10/bin/../lib/gcc/arm-none-eabi/10.3.1/../../../../arm-none-eabi/lib/thumb/v7e-m/nofp\libc.a(lib_a-fwalk.o)
                0x0800db6c                _fwalk
 .text._fwalk_reent
                0x0800dbac       0x48 c:/program files (x86)/gnu arm embedded toolchain/10 2021.10/bin/../lib/gcc/arm-none-eabi/10.3.1/../../../../arm-none-eabi/lib/thumb/v7e-m/nofp\libc.a(lib_a-fwalk.o)
                0x0800dbac                _fwalk_reent
 .text.__retarget_lock_init
                0x0800dbf4        0x4 c:/program files (x86)/gnu arm embedded toolchain/10 2021.10/bin/../lib/gcc/arm-none-eabi/10.3.1/../../../../arm-none-eabi/lib/thumb/v7e-m/nofp\libc.a(lib_a-lock.o)
                0x0800dbf4                __retarget_lock_init
 .text.__retarget_lock_init_recursive
                0x0800dbf8        0x4 c:/program files (x86)/gnu arm embedded toolchain/10 2021.10/bin/../lib/gcc/arm-none-eabi/10.3.1/../../../../arm-none-eabi/lib/thumb/v7e-m/nofp\libc.a(lib_a-lock.o)
                0x0800dbf8                __retarget_lock_init_recursive
 .text.__retarget_lock_close
                0x0800dbfc        0x4 c:/program files (x86)/gnu arm embedded toolchain/10 2021.10/bin/../lib/gcc/arm-none-eabi/10.3.1/../../../../arm-none-eabi/lib/thumb/v7e-m/nofp\libc.a(lib_a-lock.o)
                0x0800dbfc                __retarget_lock_close
 .text.__retarget_lock_close_recursive
                0x0800dc00        0x4 c:/program files (x86)/gnu arm embedded toolchain/10 2021.10/bin/../lib/gcc/arm-none-eabi/10.3.1/../../../../arm-none-eabi/lib/thumb/v7e-m/nofp\libc.a(lib_a-lock.o)
                0x0800dc00                __retarget_lock_close_recursive
 .text.__retarget_lock_acquire
                0x0800dc04        0x4 c:/program files (x86)/gnu arm embedded toolchain/10 2021.10/bin/../lib/gcc/arm-none-eabi/10.3.1/../../../../arm-none-eabi/lib/thumb/v7e-m/nofp\libc.a(lib_a-lock.o)
                0x0800dc04                __retarget_lock_acquire
 .text.__retarget_lock_acquire_recursive
                0x0800dc08        0x4 c:/program files (x86)/gnu arm embedded toolchain/10 2021.10/bin/../lib/gcc/arm-none-eabi/10.3.1/../../../../arm-none-eabi/lib/thumb/v7e-m/nofp\libc.a(lib_a-lock.o)
                0x0800dc08                __retarget_lock_acquire_recursive
 .text.__retarget_lock_try_acquire
                0x0800dc0c        0x4 c:/program files (x86)/gnu arm embedded toolchain/10 2021.10/bin/../lib/gcc/arm-none-eabi/10.3.1/../../../../arm-none-eabi/lib/thumb/v7e-m/nofp\libc.a(lib_a-lock.o)
                0x0800dc0c                __retarget_lock_try_acquire
 .text.__retarget_lock_try_acquire_recursive
                0x0800dc10        0x4 c:/program files (x86)/gnu arm embedded toolchain/10 2021.10/bin/../lib/gcc/arm-none-eabi/10.3.1/../../../../arm-none-eabi/lib/thumb/v7e-m/nofp\libc.a(lib_a-lock.o)
                0x0800dc10                __retarget_lock_try_acquire_recursive
 .text.__retarget_lock_release
                0x0800dc14        0x4 c:/program files (x86)/gnu arm embedded toolchain/10 2021.10/bin/../lib/gcc/arm-none-eabi/10.3.1/../../../../arm-none-eabi/lib/thumb/v7e-m/nofp\libc.a(lib_a-lock.o)
                0x0800dc14                __retarget_lock_release
 .text.__retarget_lock_release_recursive
                0x0800dc18        0x4 c:/program files (x86)/gnu arm embedded toolchain/10 2021.10/bin/../lib/gcc/arm-none-eabi/10.3.1/../../../../arm-none-eabi/lib/thumb/v7e-m/nofp\libc.a(lib_a-lock.o)
                0x0800dc18                __retarget_lock_release_recursive
 .text.memmove  0x0800dc1c       0xf8 c:/program files (x86)/gnu arm embedded toolchain/10 2021.10/bin/../lib/gcc/arm-none-eabi/10.3.1/../../../../arm-none-eabi/lib/thumb/v7e-m/nofp\libc.a(lib_a-memmove.o)
                0x0800dc1c                memmove
 .text._realloc_r
                0x0800dd14      0x3d8 c:/program files (x86)/gnu arm embedded toolchain/10 2021.10/bin/../lib/gcc/arm-none-eabi/10.3.1/../../../../arm-none-eabi/lib/thumb/v7e-m/nofp\libc.a(lib_a-reallocr.o)
                0x0800dd14                _realloc_r
 .text.cleanup_glue
                0x0800e0ec       0x48 c:/program files (x86)/gnu arm embedded toolchain/10 2021.10/bin/../lib/gcc/arm-none-eabi/10.3.1/../../../../arm-none-eabi/lib/thumb/v7e-m/nofp\libc.a(lib_a-reent.o)
                0x0800e0ec                cleanup_glue
 .text._reclaim_reent
                0x0800e134       0x90 c:/program files (x86)/gnu arm embedded toolchain/10 2021.10/bin/../lib/gcc/arm-none-eabi/10.3.1/../../../../arm-none-eabi/lib/thumb/v7e-m/nofp\libc.a(lib_a-reent.o)
                0x0800e134                _reclaim_reent
 .text.__sread  0x0800e1c4       0x24 c:/program files (x86)/gnu arm embedded toolchain/10 2021.10/bin/../lib/gcc/arm-none-eabi/10.3.1/../../../../arm-none-eabi/lib/thumb/v7e-m/nofp\libc.a(lib_a-stdio.o)
                0x0800e1c4                __sread
 .text.__seofread
                0x0800e1e8        0x4 c:/program files (x86)/gnu arm embedded toolchain/10 2021.10/bin/../lib/gcc/arm-none-eabi/10.3.1/../../../../arm-none-eabi/lib/thumb/v7e-m/nofp\libc.a(lib_a-stdio.o)
                0x0800e1e8                __seofread
 .text.__swrite
                0x0800e1ec       0x40 c:/program files (x86)/gnu arm embedded toolchain/10 2021.10/bin/../lib/gcc/arm-none-eabi/10.3.1/../../../../arm-none-eabi/lib/thumb/v7e-m/nofp\libc.a(lib_a-stdio.o)
                0x0800e1ec                __swrite
 .text.__sseek  0x0800e22c       0x20 c:/program files (x86)/gnu arm embedded toolchain/10 2021.10/bin/../lib/gcc/arm-none-eabi/10.3.1/../../../../arm-none-eabi/lib/thumb/v7e-m/nofp\libc.a(lib_a-stdio.o)
                0x0800e22c                __sseek
 .text.__sclose
                0x0800e24c        0x8 c:/program files (x86)/gnu arm embedded toolchain/10 2021.10/bin/../lib/gcc/arm-none-eabi/10.3.1/../../../../arm-none-eabi/lib/thumb/v7e-m/nofp\libc.a(lib_a-stdio.o)
                0x0800e24c                __sclose
 .text._write_r
                0x0800e254       0x2c c:/program files (x86)/gnu arm embedded toolchain/10 2021.10/bin/../lib/gcc/arm-none-eabi/10.3.1/../../../../arm-none-eabi/lib/thumb/v7e-m/nofp\libc.a(lib_a-writer.o)
                0x0800e254                _write_r
 .text.__swsetup_r
                0x0800e280       0xd4 c:/program files (x86)/gnu arm embedded toolchain/10 2021.10/bin/../lib/gcc/arm-none-eabi/10.3.1/../../../../arm-none-eabi/lib/thumb/v7e-m/nofp\libc.a(lib_a-wsetup.o)
                0x0800e280                __swsetup_r
 .text.__register_exitproc
                0x0800e354       0x8c c:/program files (x86)/gnu arm embedded toolchain/10 2021.10/bin/../lib/gcc/arm-none-eabi/10.3.1/../../../../arm-none-eabi/lib/thumb/v7e-m/nofp\libc.a(lib_a-__atexit.o)
                0x0800e354                __register_exitproc
 .text._close_r
                0x0800e3e0       0x24 c:/program files (x86)/gnu arm embedded toolchain/10 2021.10/bin/../lib/gcc/arm-none-eabi/10.3.1/../../../../arm-none-eabi/lib/thumb/v7e-m/nofp\libc.a(lib_a-closer.o)
                0x0800e3e0                _close_r
 .text._fclose_r
                0x0800e404       0xcc c:/program files (x86)/gnu arm embedded toolchain/10 2021.10/bin/../lib/gcc/arm-none-eabi/10.3.1/../../../../arm-none-eabi/lib/thumb/v7e-m/nofp\libc.a(lib_a-fclose.o)
                0x0800e404                _fclose_r
 .text.fclose   0x0800e4d0       0x10 c:/program files (x86)/gnu arm embedded toolchain/10 2021.10/bin/../lib/gcc/arm-none-eabi/10.3.1/../../../../arm-none-eabi/lib/thumb/v7e-m/nofp\libc.a(lib_a-fclose.o)
                0x0800e4d0                fclose
 .text.__sflush_r
                0x0800e4e0      0x120 c:/program files (x86)/gnu arm embedded toolchain/10 2021.10/bin/../lib/gcc/arm-none-eabi/10.3.1/../../../../arm-none-eabi/lib/thumb/v7e-m/nofp\libc.a(lib_a-fflush.o)
                0x0800e4e0                __sflush_r
 .text._fflush_r
                0x0800e600       0x5c c:/program files (x86)/gnu arm embedded toolchain/10 2021.10/bin/../lib/gcc/arm-none-eabi/10.3.1/../../../../arm-none-eabi/lib/thumb/v7e-m/nofp\libc.a(lib_a-fflush.o)
                0x0800e600                _fflush_r
 .text.fflush   0x0800e65c       0x74 c:/program files (x86)/gnu arm embedded toolchain/10 2021.10/bin/../lib/gcc/arm-none-eabi/10.3.1/../../../../arm-none-eabi/lib/thumb/v7e-m/nofp\libc.a(lib_a-fflush.o)
                0x0800e65c                fflush
 .text._lseek_r
                0x0800e6d0       0x2c c:/program files (x86)/gnu arm embedded toolchain/10 2021.10/bin/../lib/gcc/arm-none-eabi/10.3.1/../../../../arm-none-eabi/lib/thumb/v7e-m/nofp\libc.a(lib_a-lseekr.o)
                0x0800e6d0                _lseek_r
 .text.__smakebuf_r
                0x0800e6fc       0xe0 c:/program files (x86)/gnu arm embedded toolchain/10 2021.10/bin/../lib/gcc/arm-none-eabi/10.3.1/../../../../arm-none-eabi/lib/thumb/v7e-m/nofp\libc.a(lib_a-makebuf.o)
                0x0800e6fc                __smakebuf_r
 .text.__swhatbuf_r
                0x0800e7dc       0x60 c:/program files (x86)/gnu arm embedded toolchain/10 2021.10/bin/../lib/gcc/arm-none-eabi/10.3.1/../../../../arm-none-eabi/lib/thumb/v7e-m/nofp\libc.a(lib_a-makebuf.o)
                0x0800e7dc                __swhatbuf_r
 .text._read_r  0x0800e83c       0x2c c:/program files (x86)/gnu arm embedded toolchain/10 2021.10/bin/../lib/gcc/arm-none-eabi/10.3.1/../../../../arm-none-eabi/lib/thumb/v7e-m/nofp\libc.a(lib_a-readr.o)
                0x0800e83c                _read_r
 .text._fstat_r
                0x0800e868       0x2c c:/program files (x86)/gnu arm embedded toolchain/10 2021.10/bin/../lib/gcc/arm-none-eabi/10.3.1/../../../../arm-none-eabi/lib/thumb/v7e-m/nofp\libc.a(lib_a-fstatr.o)
                0x0800e868                _fstat_r
 .text._isatty_r
                0x0800e894       0x24 c:/program files (x86)/gnu arm embedded toolchain/10 2021.10/bin/../lib/gcc/arm-none-eabi/10.3.1/../../../../arm-none-eabi/lib/thumb/v7e-m/nofp\libc.a(lib_a-isattyr.o)
                0x0800e894                _isatty_r
 .text._swiread
                0x0800e8b8       0x3c c:/program files (x86)/gnu arm embedded toolchain/10 2021.10/bin/../lib/gcc/arm-none-eabi/10.3.1/../../../../arm-none-eabi/lib/thumb/v7e-m/nofp\librdimon.a(rdimon-syscalls.o)
                0x0800e8b8                _swiread
 .text._read    0x0800e8f4       0x90 c:/program files (x86)/gnu arm embedded toolchain/10 2021.10/bin/../lib/gcc/arm-none-eabi/10.3.1/../../../../arm-none-eabi/lib/thumb/v7e-m/nofp\librdimon.a(rdimon-syscalls.o)
                0x0800e8f4                _read
 .text._swilseek
                0x0800e984       0xe4 c:/program files (x86)/gnu arm embedded toolchain/10 2021.10/bin/../lib/gcc/arm-none-eabi/10.3.1/../../../../arm-none-eabi/lib/thumb/v7e-m/nofp\librdimon.a(rdimon-syscalls.o)
                0x0800e984                _swilseek
 .text._lseek   0x0800ea68        0x4 c:/program files (x86)/gnu arm embedded toolchain/10 2021.10/bin/../lib/gcc/arm-none-eabi/10.3.1/../../../../arm-none-eabi/lib/thumb/v7e-m/nofp\librdimon.a(rdimon-syscalls.o)
                0x0800ea68                _lseek
 .text._swiwrite
                0x0800ea6c       0x3c c:/program files (x86)/gnu arm embedded toolchain/10 2021.10/bin/../lib/gcc/arm-none-eabi/10.3.1/../../../../arm-none-eabi/lib/thumb/v7e-m/nofp\librdimon.a(rdimon-syscalls.o)
                0x0800ea6c                _swiwrite
 .text._write   0x0800eaa8       0xbc c:/program files (x86)/gnu arm embedded toolchain/10 2021.10/bin/../lib/gcc/arm-none-eabi/10.3.1/../../../../arm-none-eabi/lib/thumb/v7e-m/nofp\librdimon.a(rdimon-syscalls.o)
                0x0800eaa8                _write
 .text._swiclose
                0x0800eb64       0x38 c:/program files (x86)/gnu arm embedded toolchain/10 2021.10/bin/../lib/gcc/arm-none-eabi/10.3.1/../../../../arm-none-eabi/lib/thumb/v7e-m/nofp\librdimon.a(rdimon-syscalls.o)
                0x0800eb64                _swiclose
 .text._close   0x0800eb9c       0x98 c:/program files (x86)/gnu arm embedded toolchain/10 2021.10/bin/../lib/gcc/arm-none-eabi/10.3.1/../../../../arm-none-eabi/lib/thumb/v7e-m/nofp\librdimon.a(rdimon-syscalls.o)
                0x0800eb9c                _close
 .text._getpid  0x0800ec34        0x4 c:/program files (x86)/gnu arm embedded toolchain/10 2021.10/bin/../lib/gcc/arm-none-eabi/10.3.1/../../../../arm-none-eabi/lib/thumb/v7e-m/nofp\librdimon.a(rdimon-syscalls.o)
                0x0800ec34                _getpid
 .text._sbrk    0x0800ec38       0x48 c:/program files (x86)/gnu arm embedded toolchain/10 2021.10/bin/../lib/gcc/arm-none-eabi/10.3.1/../../../../arm-none-eabi/lib/thumb/v7e-m/nofp\librdimon.a(rdimon-syscalls.o)
                0x0800ec38                _sbrk
 .text._swistat
                0x0800ec80       0x80 c:/program files (x86)/gnu arm embedded toolchain/10 2021.10/bin/../lib/gcc/arm-none-eabi/10.3.1/../../../../arm-none-eabi/lib/thumb/v7e-m/nofp\librdimon.a(rdimon-syscalls.o)
                0x0800ec80                _swistat
 .text._fstat   0x0800ed00       0x1c c:/program files (x86)/gnu arm embedded toolchain/10 2021.10/bin/../lib/gcc/arm-none-eabi/10.3.1/../../../../arm-none-eabi/lib/thumb/v7e-m/nofp\librdimon.a(rdimon-syscalls.o)
                0x0800ed00                _fstat
 .text._stat    0x0800ed1c       0x3c c:/program files (x86)/gnu arm embedded toolchain/10 2021.10/bin/../lib/gcc/arm-none-eabi/10.3.1/../../../../arm-none-eabi/lib/thumb/v7e-m/nofp\librdimon.a(rdimon-syscalls.o)
                0x0800ed1c                _stat
 .text._swiopen
                0x0800ed58       0xcc c:/program files (x86)/gnu arm embedded toolchain/10 2021.10/bin/../lib/gcc/arm-none-eabi/10.3.1/../../../../arm-none-eabi/lib/thumb/v7e-m/nofp\librdimon.a(rdimon-syscalls.o)
                0x0800ed58                _swiopen
 .text._open    0x0800ee24       0x14 c:/program files (x86)/gnu arm embedded toolchain/10 2021.10/bin/../lib/gcc/arm-none-eabi/10.3.1/../../../../arm-none-eabi/lib/thumb/v7e-m/nofp\librdimon.a(rdimon-syscalls.o)
                0x0800ee24                _open
 .text._get_semihosting_exts
                0x0800ee38      0x110 c:/program files (x86)/gnu arm embedded toolchain/10 2021.10/bin/../lib/gcc/arm-none-eabi/10.3.1/../../../../arm-none-eabi/lib/thumb/v7e-m/nofp\librdimon.a(rdimon-syscalls.o)
                0x0800ee38                _get_semihosting_exts
 .text._has_ext_exit_extended
                0x0800ef48       0x48 c:/program files (x86)/gnu arm embedded toolchain/10 2021.10/bin/../lib/gcc/arm-none-eabi/10.3.1/../../../../arm-none-eabi/lib/thumb/v7e-m/nofp\librdimon.a(rdimon-syscalls.o)
                0x0800ef48                _has_ext_exit_extended
 .text._has_ext_stdout_stderr
                0x0800ef90       0x48 c:/program files (x86)/gnu arm embedded toolchain/10 2021.10/bin/../lib/gcc/arm-none-eabi/10.3.1/../../../../arm-none-eabi/lib/thumb/v7e-m/nofp\librdimon.a(rdimon-syscalls.o)
                0x0800ef90                _has_ext_stdout_stderr
 .text.initialise_monitor_handles
                0x0800efd8      0x158 c:/program files (x86)/gnu arm embedded toolchain/10 2021.10/bin/../lib/gcc/arm-none-eabi/10.3.1/../../../../arm-none-eabi/lib/thumb/v7e-m/nofp\librdimon.a(rdimon-syscalls.o)
                0x0800efd8                initialise_monitor_handles
 .text._link    0x0800f130       0x10 c:/program files (x86)/gnu arm embedded toolchain/10 2021.10/bin/../lib/gcc/arm-none-eabi/10.3.1/../../../../arm-none-eabi/lib/thumb/v7e-m/nofp\librdimon.a(rdimon-syscalls.o)
                0x0800f130                _link
 .text._unlink  0x0800f140       0x40 c:/program files (x86)/gnu arm embedded toolchain/10 2021.10/bin/../lib/gcc/arm-none-eabi/10.3.1/../../../../arm-none-eabi/lib/thumb/v7e-m/nofp\librdimon.a(rdimon-syscalls.o)
                0x0800f140                _unlink
 .text._gettimeofday
                0x0800f180       0x28 c:/program files (x86)/gnu arm embedded toolchain/10 2021.10/bin/../lib/gcc/arm-none-eabi/10.3.1/../../../../arm-none-eabi/lib/thumb/v7e-m/nofp\librdimon.a(rdimon-syscalls.o)
                0x0800f180                _gettimeofday
 .text._clock   0x0800f1a8       0x14 c:/program files (x86)/gnu arm embedded toolchain/10 2021.10/bin/../lib/gcc/arm-none-eabi/10.3.1/../../../../arm-none-eabi/lib/thumb/v7e-m/nofp\librdimon.a(rdimon-syscalls.o)
                0x0800f1a8                _clock
 .text._times   0x0800f1bc       0x20 c:/program files (x86)/gnu arm embedded toolchain/10 2021.10/bin/../lib/gcc/arm-none-eabi/10.3.1/../../../../arm-none-eabi/lib/thumb/v7e-m/nofp\librdimon.a(rdimon-syscalls.o)
                0x0800f1bc                _times
 .text._isatty  0x0800f1dc       0x68 c:/program files (x86)/gnu arm embedded toolchain/10 2021.10/bin/../lib/gcc/arm-none-eabi/10.3.1/../../../../arm-none-eabi/lib/thumb/v7e-m/nofp\librdimon.a(rdimon-syscalls.o)
                0x0800f1dc                _isatty
 .text._system  0x0800f244       0x5c c:/program files (x86)/gnu arm embedded toolchain/10 2021.10/bin/../lib/gcc/arm-none-eabi/10.3.1/../../../../arm-none-eabi/lib/thumb/v7e-m/nofp\librdimon.a(rdimon-syscalls.o)
                0x0800f244                _system
 .text._rename  0x0800f2a0       0x54 c:/program files (x86)/gnu arm embedded toolchain/10 2021.10/bin/../lib/gcc/arm-none-eabi/10.3.1/../../../../arm-none-eabi/lib/thumb/v7e-m/nofp\librdimon.a(rdimon-syscalls.o)
                0x0800f2a0                _rename
 .text._exit    0x0800f2f4       0x14 c:/program files (x86)/gnu arm embedded toolchain/10 2021.10/bin/../lib/gcc/arm-none-eabi/10.3.1/../../../../arm-none-eabi/lib/thumb/v7e-m/nofp\librdimon.a(rdimon-_exit.o)
                0x0800f2f4                _exit
 .text._kill_shared
                0x0800f308       0x30 c:/program files (x86)/gnu arm embedded toolchain/10 2021.10/bin/../lib/gcc/arm-none-eabi/10.3.1/../../../../arm-none-eabi/lib/thumb/v7e-m/nofp\librdimon.a(rdimon-_kill.o)
                0x0800f308                _kill_shared
 .text._kill    0x0800f338       0x1c c:/program files (x86)/gnu arm embedded toolchain/10 2021.10/bin/../lib/gcc/arm-none-eabi/10.3.1/../../../../arm-none-eabi/lib/thumb/v7e-m/nofp\librdimon.a(rdimon-_kill.o)
                0x0800f338                _kill
 .text.__errno  0x0800f354        0xc c:/program files (x86)/gnu arm embedded toolchain/10 2021.10/bin/../lib/gcc/arm-none-eabi/10.3.1/../../../../arm-none-eabi/lib/thumb/v7e-m/nofp\libc.a(lib_a-errno.o)
                0x0800f354                __errno
 *(.init)
 .init          0x0800f360        0x4 c:/program files (x86)/gnu arm embedded toolchain/10 2021.10/bin/../lib/gcc/arm-none-eabi/10.3.1/thumb/v7e-m/nofp/crti.o
                0x0800f360                _init
 .init          0x0800f364        0x8 c:/program files (x86)/gnu arm embedded toolchain/10 2021.10/bin/../lib/gcc/arm-none-eabi/10.3.1/thumb/v7e-m/nofp/crtn.o
 *(.fini)
 .fini          0x0800f36c        0x4 c:/program files (x86)/gnu arm embedded toolchain/10 2021.10/bin/../lib/gcc/arm-none-eabi/10.3.1/thumb/v7e-m/nofp/crti.o
                0x0800f36c                _fini
 .fini          0x0800f370        0x8 c:/program files (x86)/gnu arm embedded toolchain/10 2021.10/bin/../lib/gcc/arm-none-eabi/10.3.1/thumb/v7e-m/nofp/crtn.o
 *(.rodata)
 .rodata        0x0800f378       0x24 c:/program files (x86)/gnu arm embedded toolchain/10 2021.10/bin/../lib/gcc/arm-none-eabi/10.3.1/thumb/v7e-m/nofp/crtbegin.o
 .rodata        0x0800f39c       0x19 ble.o
 *fill*         0x0800f3b5        0x3 
 .rodata        0x0800f3b8       0x59 main.o
 *fill*         0x0800f411        0x3 
 .rodata        0x0800f414       0x53 drivers/Src/stm32f407xx_rcc_driver.o
                0x0800f414                AHBPrescTable
                0x0800f424                APBPrescTable
 *fill*         0x0800f467        0x1 
 .rodata        0x0800f468       0x13 drivers/Src/stm32f407xx_spi_driver.o
 *fill*         0x0800f47b        0x1 
 .rodata        0x0800f47c       0x46 USB/Core/Src/usbd_desc.o
 *fill*         0x0800f4c2        0x2 
 .rodata        0x0800f4c4       0x24 c:/program files (x86)/gnu arm embedded toolchain/10 2021.10/bin/../lib/gcc/arm-none-eabi/10.3.1/thumb/v7e-m/nofp/crtend.o
 *(.rodata.*)
 .rodata._global_impure_ptr
                0x0800f4e8        0x4 c:/program files (x86)/gnu arm embedded toolchain/10 2021.10/bin/../lib/gcc/arm-none-eabi/10.3.1/../../../../arm-none-eabi/lib/thumb/v7e-m/nofp\libc.a(lib_a-impure.o)
                0x0800f4e8                _global_impure_ptr
 .rodata._puts_r.str1.4
                0x0800f4ec        0x2 c:/program files (x86)/gnu arm embedded toolchain/10 2021.10/bin/../lib/gcc/arm-none-eabi/10.3.1/../../../../arm-none-eabi/lib/thumb/v7e-m/nofp\libc.a(lib_a-puts.o)
 *fill*         0x0800f4ee        0x2 
 .rodata._get_semihosting_exts.str1.4
                0x0800f4f0       0x16 c:/program files (x86)/gnu arm embedded toolchain/10 2021.10/bin/../lib/gcc/arm-none-eabi/10.3.1/../../../../arm-none-eabi/lib/thumb/v7e-m/nofp\librdimon.a(rdimon-syscalls.o)
 *fill*         0x0800f506        0x2 
 .rodata.initialise_monitor_handles.str1.4
                0x0800f508        0x4 c:/program files (x86)/gnu arm embedded toolchain/10 2021.10/bin/../lib/gcc/arm-none-eabi/10.3.1/../../../../arm-none-eabi/lib/thumb/v7e-m/nofp\librdimon.a(rdimon-syscalls.o)
                0x0800f50c                . = ALIGN (0x4)
                0x0800f50c                _etext = .
                0x0800f518                _la_data = LOADADDR (.data)

.glue_7         0x0800f50c        0x0
 .glue_7        0x0800f50c        0x0 linker stubs

.glue_7t        0x0800f50c        0x0
 .glue_7t       0x0800f50c        0x0 linker stubs

.vfp11_veneer   0x0800f50c        0x0
 .vfp11_veneer  0x0800f50c        0x0 linker stubs

.v4_bx          0x0800f50c        0x0
 .v4_bx         0x0800f50c        0x0 linker stubs

.iplt           0x0800f50c        0x0
 .iplt          0x0800f50c        0x0 c:/program files (x86)/gnu arm embedded toolchain/10 2021.10/bin/../lib/gcc/arm-none-eabi/10.3.1/thumb/v7e-m/nofp/crtbegin.o

.eh_frame       0x0800f50c        0x4
 .eh_frame      0x0800f50c        0x0 c:/program files (x86)/gnu arm embedded toolchain/10 2021.10/bin/../lib/gcc/arm-none-eabi/10.3.1/thumb/v7e-m/nofp/crtbegin.o
 .eh_frame      0x0800f50c        0x4 c:/program files (x86)/gnu arm embedded toolchain/10 2021.10/bin/../lib/gcc/arm-none-eabi/10.3.1/thumb/v7e-m/nofp/crtend.o

.ARM.extab      0x0800f510        0x0
 .ARM.extab     0x0800f510        0x0 c:/program files (x86)/gnu arm embedded toolchain/10 2021.10/bin/../lib/gcc/arm-none-eabi/10.3.1/../../../../arm-none-eabi/lib/thumb/v7e-m/nofp/rdimon-crt0.o
 .ARM.extab     0x0800f510        0x0 c:/program files (x86)/gnu arm embedded toolchain/10 2021.10/bin/../lib/gcc/arm-none-eabi/10.3.1/thumb/v7e-m/nofp\libgcc.a(_udivmoddi4.o)

.ARM.exidx      0x0800f510        0x8
 .ARM.exidx     0x0800f510        0x8 c:/program files (x86)/gnu arm embedded toolchain/10 2021.10/bin/../lib/gcc/arm-none-eabi/10.3.1/../../../../arm-none-eabi/lib/thumb/v7e-m/nofp/rdimon-crt0.o
                                 0x10 (size before relaxing)
 .ARM.exidx     0x0800f518        0x0 c:/program files (x86)/gnu arm embedded toolchain/10 2021.10/bin/../lib/gcc/arm-none-eabi/10.3.1/thumb/v7e-m/nofp\libgcc.a(_udivmoddi4.o)
                                  0x8 (size before relaxing)

.rel.dyn        0x0800f518        0x0
 .rel.iplt      0x0800f518        0x0 c:/program files (x86)/gnu arm embedded toolchain/10 2021.10/bin/../lib/gcc/arm-none-eabi/10.3.1/thumb/v7e-m/nofp/crtbegin.o

.data           0x20000000      0xc18 load address 0x0800f518
                0x20000000                _sdata = .
 *(.data)
 .data          0x20000000        0x0 c:/program files (x86)/gnu arm embedded toolchain/10 2021.10/bin/../lib/gcc/arm-none-eabi/10.3.1/thumb/v7e-m/nofp/crti.o
 .data          0x20000000        0x4 c:/program files (x86)/gnu arm embedded toolchain/10 2021.10/bin/../lib/gcc/arm-none-eabi/10.3.1/thumb/v7e-m/nofp/crtbegin.o
                0x20000000                __dso_handle
 .data          0x20000004      0x118 c:/program files (x86)/gnu arm embedded toolchain/10 2021.10/bin/../lib/gcc/arm-none-eabi/10.3.1/../../../../arm-none-eabi/lib/thumb/v7e-m/nofp/rdimon-crt0.o
                0x2000000c                __stack_base__
 .data          0x2000011c      0x18c ble.o
                0x2000011c                EVENT_STATUP_DATA
                0x20000124                ACI_GATT_INIT
                0x20000128                ACI_GATT_INIT_COMPLETE
                0x20000130                ACI_GAP_INIT
                0x20000138                ACI_GAP_INIT_COMPLETE
                0x20000140                ACI_GATT_UPDATE_CHAR_VALUE
                0x2000014c                ACI_GATT_UPDATE_CHAR_COMPLETE
                0x20000154                ACI_GAP_SET_AUTH
                0x20000174                ACI_GAP_SET_AUTH_RESP
                0x2000017c                ACI_HAL_SET_TX_POWER_LEVEL
                0x20000184                ACI_HAL_SET_TX_POWER_LEVEL_COMPLETE
                0x2000018c                ACI_HAL_SET_STANDBY
                0x20000190                ACI_HAL_SET_STANDBY_COMPLETE
                0x20000198                HCI_LE_SET_SCAN_RESPONSE_DATA
                0x200001bc                HCI_LE_SET_SCAN_RESPONSE_DATA_COMPLETE
                0x200001c4                ACI_GAP_SET_DISCOVERABLE
                0x200001d4                ACI_GAP_SET_DISCOVERABLE_COMPLETE
                0x200001dc                ADD_PRIMARY_SERVICE
                0x200001f4                ADD_PRIMARY_SERVICE_COMPLETE
                0x200001fc                ADD_CUSTOM_CHAR
                0x2000021c                ADD_CUSTOM_CHAR_COMPLETE_UART
                0x20000224                ADD_CUSTOM_CHAR_COMPLETE
                0x2000022c                UPDATE_CHAR
                0x2000023c                DISCONNECT
                0x20000240                EVENT_DISCONNECTED
                0x20000244                EVENT_DISCONNECT_PENDING
                0x2000024c                EVENT_CONNECTED
                0x20000254                EVENT_GATT_CHANGED
                0x2000025c                ACI_GAP_SET_NON_DISCOVERABLE
                0x20000260                ACI_GAP_SET_NON_DISCOVERABLE_COMPLETE
                0x20000268                pNVIC_ISPR0
                0x2000026c                deviceName
                0x20000274                UUID_NORDIC_UART_SERVICE
                0x20000284                UUID_CHAR_WRITE
                0x20000294                UUID_CHAR_READ
                0x200002a4                connectionHandler
 .data          0x200002a8        0x0 led.o
 .data          0x200002a8        0x2 LIS3DSH.o
                0x200002a8                dummy
 *fill*         0x200002aa        0x2 
 .data          0x200002ac        0x9 main.o
                0x200002ac                pNVIC_ISPR1
                0x200002b0                moving_cnt
                0x200002b4                is_discoverable
 .data          0x200002b5        0x0 stm32_startup.o
 .data          0x200002b5        0x0 drivers/Src/stm32f407xx_gpio_driver.o
 .data          0x200002b5        0x0 drivers/Src/stm32f407xx_i2c_driver.o
 *fill*         0x200002b5        0x3 
 .data          0x200002b8       0x18 drivers/Src/stm32f407xx_rcc_driver.o
                0x200002b8                SystemCoreClock
                0x200002bc                AHB_PreScaler
                0x200002cc                APB1_PreScaler
 .data          0x200002d0        0x0 drivers/Src/stm32f407xx_spi_driver.o
 .data          0x200002d0        0x0 drivers/Src/stm32f407xx_tim_driver.o
 .data          0x200002d0        0x0 drivers/Src/stm32f407xx_usart_driver.o
 .data          0x200002d0       0x8a USB/Class/CDC/Src/usbd_cdc.o
                0x200002dc                USBD_CDC
 *fill*         0x2000035a        0x2 
 .data          0x2000035c       0x14 USB/Class/CDC/Src/usbd_cdc_if.o
                0x2000035c                USBD_Interface_fops_FS
 .data          0x20000370        0x5 USB/Core/Src/stm32f4xx_hal.o
                0x20000370                uwTickPrio
                0x20000374                uwTickFreq
 .data          0x20000375        0x0 USB/Core/Src/stm32f4xx_hal_pcd.o
 .data          0x20000375        0x0 USB/Core/Src/stm32f4xx_hal_pcd_ex.o
 .data          0x20000375        0x0 USB/Core/Src/stm32f4xx_ll_usb.o
 .data          0x20000375        0x0 USB/Core/Src/usbd_conf.o
 .data          0x20000375        0x0 USB/Core/Src/usbd_core.o
 .data          0x20000375        0x0 USB/Core/Src/usbd_ctlreq.o
 *fill*         0x20000375        0x3 
 .data          0x20000378       0x4e USB/Core/Src/usbd_desc.o
                0x20000378                FS_Desc
                0x20000394                USBD_FS_DeviceDesc
                0x200003a8                USBD_LangIDDesc
                0x200003ac                USBD_StringSerial
 .data          0x200003c6        0x0 USB/Core/Src/usbd_ioreq.o
 .data          0x200003c6        0x0 c:/program files (x86)/gnu arm embedded toolchain/10 2021.10/bin/../lib/gcc/arm-none-eabi/10.3.1/thumb/v7e-m/nofp\libgcc.a(_aeabi_uldivmod.o)
 .data          0x200003c6        0x0 c:/program files (x86)/gnu arm embedded toolchain/10 2021.10/bin/../lib/gcc/arm-none-eabi/10.3.1/thumb/v7e-m/nofp\libgcc.a(_udivmoddi4.o)
 .data          0x200003c6        0x0 c:/program files (x86)/gnu arm embedded toolchain/10 2021.10/bin/../lib/gcc/arm-none-eabi/10.3.1/thumb/v7e-m/nofp\libgcc.a(_dvmd_tls.o)
 .data          0x200003c6        0x0 c:/program files (x86)/gnu arm embedded toolchain/10 2021.10/bin/../lib/gcc/arm-none-eabi/10.3.1/../../../../arm-none-eabi/lib/thumb/v7e-m/nofp\libc.a(lib_a-exit.o)
 .data          0x200003c6        0x0 c:/program files (x86)/gnu arm embedded toolchain/10 2021.10/bin/../lib/gcc/arm-none-eabi/10.3.1/../../../../arm-none-eabi/lib/thumb/v7e-m/nofp\libc.a(lib_a-impure.o)
 .data          0x200003c6        0x0 c:/program files (x86)/gnu arm embedded toolchain/10 2021.10/bin/../lib/gcc/arm-none-eabi/10.3.1/../../../../arm-none-eabi/lib/thumb/v7e-m/nofp\libc.a(lib_a-init.o)
 .data          0x200003c6        0x0 c:/program files (x86)/gnu arm embedded toolchain/10 2021.10/bin/../lib/gcc/arm-none-eabi/10.3.1/../../../../arm-none-eabi/lib/thumb/v7e-m/nofp\libc.a(lib_a-malloc.o)
 .data          0x200003c6        0x0 c:/program files (x86)/gnu arm embedded toolchain/10 2021.10/bin/../lib/gcc/arm-none-eabi/10.3.1/../../../../arm-none-eabi/lib/thumb/v7e-m/nofp\libc.a(lib_a-mallocr.o)
 .data          0x200003c6        0x0 c:/program files (x86)/gnu arm embedded toolchain/10 2021.10/bin/../lib/gcc/arm-none-eabi/10.3.1/../../../../arm-none-eabi/lib/thumb/v7e-m/nofp\libc.a(lib_a-memcpy.o)
 .data          0x200003c6        0x0 c:/program files (x86)/gnu arm embedded toolchain/10 2021.10/bin/../lib/gcc/arm-none-eabi/10.3.1/../../../../arm-none-eabi/lib/thumb/v7e-m/nofp\libc.a(lib_a-memset.o)
 .data          0x200003c6        0x0 c:/program files (x86)/gnu arm embedded toolchain/10 2021.10/bin/../lib/gcc/arm-none-eabi/10.3.1/../../../../arm-none-eabi/lib/thumb/v7e-m/nofp\libc.a(lib_a-mlock.o)
 .data          0x200003c6        0x0 c:/program files (x86)/gnu arm embedded toolchain/10 2021.10/bin/../lib/gcc/arm-none-eabi/10.3.1/../../../../arm-none-eabi/lib/thumb/v7e-m/nofp\libc.a(lib_a-puts.o)
 .data          0x200003c6        0x0 c:/program files (x86)/gnu arm embedded toolchain/10 2021.10/bin/../lib/gcc/arm-none-eabi/10.3.1/../../../../arm-none-eabi/lib/thumb/v7e-m/nofp\libc.a(lib_a-sbrkr.o)
 .data          0x200003c6        0x0 c:/program files (x86)/gnu arm embedded toolchain/10 2021.10/bin/../lib/gcc/arm-none-eabi/10.3.1/../../../../arm-none-eabi/lib/thumb/v7e-m/nofp\libc.a(lib_a-strlen.o)
 .data          0x200003c6        0x0 c:/program files (x86)/gnu arm embedded toolchain/10 2021.10/bin/../lib/gcc/arm-none-eabi/10.3.1/../../../../arm-none-eabi/lib/thumb/v7e-m/nofp\libc.a(lib_a-__call_atexit.o)
 .data          0x200003c6        0x0 c:/program files (x86)/gnu arm embedded toolchain/10 2021.10/bin/../lib/gcc/arm-none-eabi/10.3.1/../../../../arm-none-eabi/lib/thumb/v7e-m/nofp\libc.a(lib_a-atexit.o)
 .data          0x200003c6        0x0 c:/program files (x86)/gnu arm embedded toolchain/10 2021.10/bin/../lib/gcc/arm-none-eabi/10.3.1/../../../../arm-none-eabi/lib/thumb/v7e-m/nofp\libc.a(lib_a-findfp.o)
 .data          0x200003c6        0x0 c:/program files (x86)/gnu arm embedded toolchain/10 2021.10/bin/../lib/gcc/arm-none-eabi/10.3.1/../../../../arm-none-eabi/lib/thumb/v7e-m/nofp\libc.a(lib_a-fini.o)
 .data          0x200003c6        0x0 c:/program files (x86)/gnu arm embedded toolchain/10 2021.10/bin/../lib/gcc/arm-none-eabi/10.3.1/../../../../arm-none-eabi/lib/thumb/v7e-m/nofp\libc.a(lib_a-freer.o)
 .data          0x200003c6        0x0 c:/program files (x86)/gnu arm embedded toolchain/10 2021.10/bin/../lib/gcc/arm-none-eabi/10.3.1/../../../../arm-none-eabi/lib/thumb/v7e-m/nofp\libc.a(lib_a-fvwrite.o)
 .data          0x200003c6        0x0 c:/program files (x86)/gnu arm embedded toolchain/10 2021.10/bin/../lib/gcc/arm-none-eabi/10.3.1/../../../../arm-none-eabi/lib/thumb/v7e-m/nofp\libc.a(lib_a-fwalk.o)
 .data          0x200003c6        0x0 c:/program files (x86)/gnu arm embedded toolchain/10 2021.10/bin/../lib/gcc/arm-none-eabi/10.3.1/../../../../arm-none-eabi/lib/thumb/v7e-m/nofp\libc.a(lib_a-lock.o)
 .data          0x200003c6        0x0 c:/program files (x86)/gnu arm embedded toolchain/10 2021.10/bin/../lib/gcc/arm-none-eabi/10.3.1/../../../../arm-none-eabi/lib/thumb/v7e-m/nofp\libc.a(lib_a-memchr.o)
 .data          0x200003c6        0x0 c:/program files (x86)/gnu arm embedded toolchain/10 2021.10/bin/../lib/gcc/arm-none-eabi/10.3.1/../../../../arm-none-eabi/lib/thumb/v7e-m/nofp\libc.a(lib_a-memmove.o)
 .data          0x200003c6        0x0 c:/program files (x86)/gnu arm embedded toolchain/10 2021.10/bin/../lib/gcc/arm-none-eabi/10.3.1/../../../../arm-none-eabi/lib/thumb/v7e-m/nofp\libc.a(lib_a-reallocr.o)
 .data          0x200003c6        0x0 c:/program files (x86)/gnu arm embedded toolchain/10 2021.10/bin/../lib/gcc/arm-none-eabi/10.3.1/../../../../arm-none-eabi/lib/thumb/v7e-m/nofp\libc.a(lib_a-reent.o)
 .data          0x200003c6        0x0 c:/program files (x86)/gnu arm embedded toolchain/10 2021.10/bin/../lib/gcc/arm-none-eabi/10.3.1/../../../../arm-none-eabi/lib/thumb/v7e-m/nofp\libc.a(lib_a-stdio.o)
 .data          0x200003c6        0x0 c:/program files (x86)/gnu arm embedded toolchain/10 2021.10/bin/../lib/gcc/arm-none-eabi/10.3.1/../../../../arm-none-eabi/lib/thumb/v7e-m/nofp\libc.a(lib_a-writer.o)
 .data          0x200003c6        0x0 c:/program files (x86)/gnu arm embedded toolchain/10 2021.10/bin/../lib/gcc/arm-none-eabi/10.3.1/../../../../arm-none-eabi/lib/thumb/v7e-m/nofp\libc.a(lib_a-wsetup.o)
 .data          0x200003c6        0x0 c:/program files (x86)/gnu arm embedded toolchain/10 2021.10/bin/../lib/gcc/arm-none-eabi/10.3.1/../../../../arm-none-eabi/lib/thumb/v7e-m/nofp\libc.a(lib_a-__atexit.o)
 .data          0x200003c6        0x0 c:/program files (x86)/gnu arm embedded toolchain/10 2021.10/bin/../lib/gcc/arm-none-eabi/10.3.1/../../../../arm-none-eabi/lib/thumb/v7e-m/nofp\libc.a(lib_a-closer.o)
 .data          0x200003c6        0x0 c:/program files (x86)/gnu arm embedded toolchain/10 2021.10/bin/../lib/gcc/arm-none-eabi/10.3.1/../../../../arm-none-eabi/lib/thumb/v7e-m/nofp\libc.a(lib_a-fclose.o)
 .data          0x200003c6        0x0 c:/program files (x86)/gnu arm embedded toolchain/10 2021.10/bin/../lib/gcc/arm-none-eabi/10.3.1/../../../../arm-none-eabi/lib/thumb/v7e-m/nofp\libc.a(lib_a-fflush.o)
 .data          0x200003c6        0x0 c:/program files (x86)/gnu arm embedded toolchain/10 2021.10/bin/../lib/gcc/arm-none-eabi/10.3.1/../../../../arm-none-eabi/lib/thumb/v7e-m/nofp\libc.a(lib_a-lseekr.o)
 .data          0x200003c6        0x0 c:/program files (x86)/gnu arm embedded toolchain/10 2021.10/bin/../lib/gcc/arm-none-eabi/10.3.1/../../../../arm-none-eabi/lib/thumb/v7e-m/nofp\libc.a(lib_a-makebuf.o)
 .data          0x200003c6        0x0 c:/program files (x86)/gnu arm embedded toolchain/10 2021.10/bin/../lib/gcc/arm-none-eabi/10.3.1/../../../../arm-none-eabi/lib/thumb/v7e-m/nofp\libc.a(lib_a-readr.o)
 .data          0x200003c6        0x0 c:/program files (x86)/gnu arm embedded toolchain/10 2021.10/bin/../lib/gcc/arm-none-eabi/10.3.1/../../../../arm-none-eabi/lib/thumb/v7e-m/nofp\libc.a(lib_a-fstatr.o)
 .data          0x200003c6        0x0 c:/program files (x86)/gnu arm embedded toolchain/10 2021.10/bin/../lib/gcc/arm-none-eabi/10.3.1/../../../../arm-none-eabi/lib/thumb/v7e-m/nofp\libc.a(lib_a-isattyr.o)
 .data          0x200003c6        0x0 c:/program files (x86)/gnu arm embedded toolchain/10 2021.10/bin/../lib/gcc/arm-none-eabi/10.3.1/../../../../arm-none-eabi/lib/thumb/v7e-m/nofp\librdimon.a(rdimon-syscalls.o)
 .data          0x200003c6        0x0 c:/program files (x86)/gnu arm embedded toolchain/10 2021.10/bin/../lib/gcc/arm-none-eabi/10.3.1/../../../../arm-none-eabi/lib/thumb/v7e-m/nofp\librdimon.a(rdimon-_exit.o)
 .data          0x200003c6        0x0 c:/program files (x86)/gnu arm embedded toolchain/10 2021.10/bin/../lib/gcc/arm-none-eabi/10.3.1/../../../../arm-none-eabi/lib/thumb/v7e-m/nofp\librdimon.a(rdimon-_kill.o)
 .data          0x200003c6        0x0 c:/program files (x86)/gnu arm embedded toolchain/10 2021.10/bin/../lib/gcc/arm-none-eabi/10.3.1/../../../../arm-none-eabi/lib/thumb/v7e-m/nofp\libc.a(lib_a-errno.o)
 .data          0x200003c6        0x0 c:/program files (x86)/gnu arm embedded toolchain/10 2021.10/bin/../lib/gcc/arm-none-eabi/10.3.1/thumb/v7e-m/nofp/crtend.o
 .data          0x200003c6        0x0 c:/program files (x86)/gnu arm embedded toolchain/10 2021.10/bin/../lib/gcc/arm-none-eabi/10.3.1/thumb/v7e-m/nofp/crtn.o
 *(.data.*)
 *fill*         0x200003c6        0x2 
 .data._impure_ptr
                0x200003c8        0x4 c:/program files (x86)/gnu arm embedded toolchain/10 2021.10/bin/../lib/gcc/arm-none-eabi/10.3.1/../../../../arm-none-eabi/lib/thumb/v7e-m/nofp\libc.a(lib_a-impure.o)
                0x200003c8                _impure_ptr
 *fill*         0x200003cc        0x4 
 .data.impure_data
                0x200003d0      0x428 c:/program files (x86)/gnu arm embedded toolchain/10 2021.10/bin/../lib/gcc/arm-none-eabi/10.3.1/../../../../arm-none-eabi/lib/thumb/v7e-m/nofp\libc.a(lib_a-impure.o)
 .data.__malloc_av_
                0x200007f8      0x408 c:/program files (x86)/gnu arm embedded toolchain/10 2021.10/bin/../lib/gcc/arm-none-eabi/10.3.1/../../../../arm-none-eabi/lib/thumb/v7e-m/nofp\libc.a(lib_a-mallocr.o)
                0x200007f8                __malloc_av_
 .data.__malloc_sbrk_base
                0x20000c00        0x4 c:/program files (x86)/gnu arm embedded toolchain/10 2021.10/bin/../lib/gcc/arm-none-eabi/10.3.1/../../../../arm-none-eabi/lib/thumb/v7e-m/nofp\libc.a(lib_a-mallocr.o)
                0x20000c00                __malloc_sbrk_base
 .data.__malloc_trim_threshold
                0x20000c04        0x4 c:/program files (x86)/gnu arm embedded toolchain/10 2021.10/bin/../lib/gcc/arm-none-eabi/10.3.1/../../../../arm-none-eabi/lib/thumb/v7e-m/nofp\libc.a(lib_a-mallocr.o)
                0x20000c04                __malloc_trim_threshold
 .data.__atexit_recursive_mutex
                0x20000c08        0x4 c:/program files (x86)/gnu arm embedded toolchain/10 2021.10/bin/../lib/gcc/arm-none-eabi/10.3.1/../../../../arm-none-eabi/lib/thumb/v7e-m/nofp\libc.a(lib_a-__call_atexit.o)
                0x20000c08                __atexit_recursive_mutex
 .data.__heap_limit
                0x20000c0c        0x4 c:/program files (x86)/gnu arm embedded toolchain/10 2021.10/bin/../lib/gcc/arm-none-eabi/10.3.1/../../../../arm-none-eabi/lib/thumb/v7e-m/nofp\librdimon.a(rdimon-syscalls.o)
                0x20000c0c                __heap_limit
 .data.supports_ext_exit_extended
                0x20000c10        0x4 c:/program files (x86)/gnu arm embedded toolchain/10 2021.10/bin/../lib/gcc/arm-none-eabi/10.3.1/../../../../arm-none-eabi/lib/thumb/v7e-m/nofp\librdimon.a(rdimon-syscalls.o)
 .data.supports_ext_stdout_stderr
                0x20000c14        0x4 c:/program files (x86)/gnu arm embedded toolchain/10 2021.10/bin/../lib/gcc/arm-none-eabi/10.3.1/../../../../arm-none-eabi/lib/thumb/v7e-m/nofp\librdimon.a(rdimon-syscalls.o)
                0x20000c18                . = ALIGN (0x4)
                0x20000c18                _edata = .

.init_array     0x20000c18        0x4 load address 0x08010130
 .init_array    0x20000c18        0x4 c:/program files (x86)/gnu arm embedded toolchain/10 2021.10/bin/../lib/gcc/arm-none-eabi/10.3.1/thumb/v7e-m/nofp/crtbegin.o

.fini_array     0x20000c1c        0x4 load address 0x08010134
 .fini_array    0x20000c1c        0x4 c:/program files (x86)/gnu arm embedded toolchain/10 2021.10/bin/../lib/gcc/arm-none-eabi/10.3.1/thumb/v7e-m/nofp/crtbegin.o

.igot.plt       0x20000c20        0x0 load address 0x08010138
 .igot.plt      0x20000c20        0x0 c:/program files (x86)/gnu arm embedded toolchain/10 2021.10/bin/../lib/gcc/arm-none-eabi/10.3.1/thumb/v7e-m/nofp/crtbegin.o

.init_array.00000
                0x20000c20        0x4 load address 0x08010138
 .init_array.00000
                0x20000c20        0x4 c:/program files (x86)/gnu arm embedded toolchain/10 2021.10/bin/../lib/gcc/arm-none-eabi/10.3.1/../../../../arm-none-eabi/lib/thumb/v7e-m/nofp\libc.a(lib_a-__call_atexit.o)

.bss            0x20000c24     0x1f14 load address 0x0801013c
                0x20000c24                _sbss = .
                0x20000c24                __bss_start__ = _sbss
 *(.bss)
 .bss           0x20000c24        0x0 c:/program files (x86)/gnu arm embedded toolchain/10 2021.10/bin/../lib/gcc/arm-none-eabi/10.3.1/thumb/v7e-m/nofp/crti.o
 .bss           0x20000c24       0x1c c:/program files (x86)/gnu arm embedded toolchain/10 2021.10/bin/../lib/gcc/arm-none-eabi/10.3.1/thumb/v7e-m/nofp/crtbegin.o
 .bss           0x20000c40        0x0 c:/program files (x86)/gnu arm embedded toolchain/10 2021.10/bin/../lib/gcc/arm-none-eabi/10.3.1/../../../../arm-none-eabi/lib/thumb/v7e-m/nofp/rdimon-crt0.o
 .bss           0x20000c40      0x14c ble.o
                0x20000c40                GAP_SERVICE_HANDLE
                0x20000c44                GAP_CHAR_NAME_HANDLE
                0x20000c48                GAP_CHAR_APP_HANDLE
                0x20000c4c                buffer
                0x20000d4c                NORDIC_UART_SERVICE_HANDLE
                0x20000d50                WRITE_CHAR_HANDLE
                0x20000d54                READ_CHAR_HANDLE
                0x20000d56                stackInitCompleteFlag
                0x20000d58                rxEvent
                0x20000d5c                flag
                0x20000d60                BLE
                0x20000d6c                SPI2Handle
 .bss           0x20000d8c        0xc led.o
                0x20000d8c                LED
 .bss           0x20000d98        0x0 LIS3DSH.o
 .bss           0x20000d98      0x30c main.o
                0x20000d98                Timer5_Handle
                0x20000da4                hUsbDeviceFS
                0x20001080                start_cnt
                0x20001081                id_cnt
                0x20001082                start_flag
                0x20001084                dataAvailable
                0x20001088                gatt_flag
                0x2000108a                acc_x
                0x2000108c                acc_y
                0x2000108e                acc_z
                0x20001090                lost_cnt_sec
                0x20001094                dwt_cyc_unit
                0x20001098                USB_FS_GPIO
 .bss           0x200010a4        0x0 stm32_startup.o
 .bss           0x200010a4        0x0 drivers/Src/stm32f407xx_gpio_driver.o
 .bss           0x200010a4        0x0 drivers/Src/stm32f407xx_i2c_driver.o
 .bss           0x200010a4        0x0 drivers/Src/stm32f407xx_rcc_driver.o
 .bss           0x200010a4        0x0 drivers/Src/stm32f407xx_spi_driver.o
 .bss           0x200010a4       0x48 drivers/Src/stm32f407xx_tim_driver.o
                0x200010a4                htim6
 .bss           0x200010ec        0x0 drivers/Src/stm32f407xx_usart_driver.o
 .bss           0x200010ec        0x0 USB/Class/CDC/Src/usbd_cdc.o
 .bss           0x200010ec     0x1000 USB/Class/CDC/Src/usbd_cdc_if.o
                0x200010ec                UserRxBufferFS
                0x200018ec                UserTxBufferFS
 .bss           0x200020ec        0x4 USB/Core/Src/stm32f4xx_hal.o
                0x200020ec                uwTick
 .bss           0x200020f0        0x0 USB/Core/Src/stm32f4xx_hal_pcd.o
 .bss           0x200020f0        0x0 USB/Core/Src/stm32f4xx_hal_pcd_ex.o
 .bss           0x200020f0        0x0 USB/Core/Src/stm32f4xx_ll_usb.o
 .bss           0x200020f0      0x738 USB/Core/Src/usbd_conf.o
                0x200020f0                hpcd_USB_OTG_FS
                0x200025fc                USB_FS
 .bss           0x20002828        0x0 USB/Core/Src/usbd_core.o
 .bss           0x20002828        0x1 USB/Core/Src/usbd_ctlreq.o
 *fill*         0x20002829        0x3 
 .bss           0x2000282c      0x200 USB/Core/Src/usbd_desc.o
                0x2000282c                USBD_StrDesc
 .bss           0x20002a2c        0x0 USB/Core/Src/usbd_ioreq.o
 .bss           0x20002a2c        0x0 c:/program files (x86)/gnu arm embedded toolchain/10 2021.10/bin/../lib/gcc/arm-none-eabi/10.3.1/thumb/v7e-m/nofp\libgcc.a(_aeabi_uldivmod.o)
 .bss           0x20002a2c        0x0 c:/program files (x86)/gnu arm embedded toolchain/10 2021.10/bin/../lib/gcc/arm-none-eabi/10.3.1/thumb/v7e-m/nofp\libgcc.a(_udivmoddi4.o)
 .bss           0x20002a2c        0x0 c:/program files (x86)/gnu arm embedded toolchain/10 2021.10/bin/../lib/gcc/arm-none-eabi/10.3.1/thumb/v7e-m/nofp\libgcc.a(_dvmd_tls.o)
 .bss           0x20002a2c        0x0 c:/program files (x86)/gnu arm embedded toolchain/10 2021.10/bin/../lib/gcc/arm-none-eabi/10.3.1/../../../../arm-none-eabi/lib/thumb/v7e-m/nofp\libc.a(lib_a-exit.o)
 .bss           0x20002a2c        0x0 c:/program files (x86)/gnu arm embedded toolchain/10 2021.10/bin/../lib/gcc/arm-none-eabi/10.3.1/../../../../arm-none-eabi/lib/thumb/v7e-m/nofp\libc.a(lib_a-impure.o)
 .bss           0x20002a2c        0x0 c:/program files (x86)/gnu arm embedded toolchain/10 2021.10/bin/../lib/gcc/arm-none-eabi/10.3.1/../../../../arm-none-eabi/lib/thumb/v7e-m/nofp\libc.a(lib_a-init.o)
 .bss           0x20002a2c        0x0 c:/program files (x86)/gnu arm embedded toolchain/10 2021.10/bin/../lib/gcc/arm-none-eabi/10.3.1/../../../../arm-none-eabi/lib/thumb/v7e-m/nofp\libc.a(lib_a-malloc.o)
 .bss           0x20002a2c        0x0 c:/program files (x86)/gnu arm embedded toolchain/10 2021.10/bin/../lib/gcc/arm-none-eabi/10.3.1/../../../../arm-none-eabi/lib/thumb/v7e-m/nofp\libc.a(lib_a-mallocr.o)
 .bss           0x20002a2c        0x0 c:/program files (x86)/gnu arm embedded toolchain/10 2021.10/bin/../lib/gcc/arm-none-eabi/10.3.1/../../../../arm-none-eabi/lib/thumb/v7e-m/nofp\libc.a(lib_a-memcpy.o)
 .bss           0x20002a2c        0x0 c:/program files (x86)/gnu arm embedded toolchain/10 2021.10/bin/../lib/gcc/arm-none-eabi/10.3.1/../../../../arm-none-eabi/lib/thumb/v7e-m/nofp\libc.a(lib_a-memset.o)
 .bss           0x20002a2c        0x0 c:/program files (x86)/gnu arm embedded toolchain/10 2021.10/bin/../lib/gcc/arm-none-eabi/10.3.1/../../../../arm-none-eabi/lib/thumb/v7e-m/nofp\libc.a(lib_a-mlock.o)