Archive member included to satisfy reference by file (symbol)

c:/program files (x86)/gnu arm embedded toolchain/10 2021.10/bin/../lib/gcc/arm-none-eabi/10.3.1/thumb/v7e-m/nofp\libgcc.a(_aeabi_uldivmod.o)
                              drivers/Src/stm32f407xx_rcc_driver.o (__aeabi_uldivmod)
c:/program files (x86)/gnu arm embedded toolchain/10 2021.10/bin/../lib/gcc/arm-none-eabi/10.3.1/thumb/v7e-m/nofp\libgcc.a(_udivmoddi4.o)
                              c:/program files (x86)/gnu arm embedded toolchain/10 2021.10/bin/../lib/gcc/arm-none-eabi/10.3.1/thumb/v7e-m/nofp\libgcc.a(_aeabi_uldivmod.o) (__udivmoddi4)
c:/program files (x86)/gnu arm embedded toolchain/10 2021.10/bin/../lib/gcc/arm-none-eabi/10.3.1/thumb/v7e-m/nofp\libgcc.a(_dvmd_tls.o)
                              c:/program files (x86)/gnu arm embedded toolchain/10 2021.10/bin/../lib/gcc/arm-none-eabi/10.3.1/thumb/v7e-m/nofp\libgcc.a(_aeabi_uldivmod.o) (__aeabi_ldiv0)
c:/program files (x86)/gnu arm embedded toolchain/10 2021.10/bin/../lib/gcc/arm-none-eabi/10.3.1/../../../../arm-none-eabi/lib/thumb/v7e-m/nofp\libc_nano.a(lib_a-errno.o)
                              syscalls.o (__errno)
c:/program files (x86)/gnu arm embedded toolchain/10 2021.10/bin/../lib/gcc/arm-none-eabi/10.3.1/../../../../arm-none-eabi/lib/thumb/v7e-m/nofp\libc_nano.a(lib_a-exit.o)
                              c:/program files (x86)/gnu arm embedded toolchain/10 2021.10/bin/../lib/gcc/arm-none-eabi/10.3.1/../../../../arm-none-eabi/lib/thumb/v7e-m/nofp/crt0.o (exit)
c:/program files (x86)/gnu arm embedded toolchain/10 2021.10/bin/../lib/gcc/arm-none-eabi/10.3.1/../../../../arm-none-eabi/lib/thumb/v7e-m/nofp\libc_nano.a(lib_a-impure.o)
                              c:/program files (x86)/gnu arm embedded toolchain/10 2021.10/bin/../lib/gcc/arm-none-eabi/10.3.1/../../../../arm-none-eabi/lib/thumb/v7e-m/nofp\libc_nano.a(lib_a-exit.o) (_global_impure_ptr)
c:/program files (x86)/gnu arm embedded toolchain/10 2021.10/bin/../lib/gcc/arm-none-eabi/10.3.1/../../../../arm-none-eabi/lib/thumb/v7e-m/nofp\libc_nano.a(lib_a-init.o)
                              c:/program files (x86)/gnu arm embedded toolchain/10 2021.10/bin/../lib/gcc/arm-none-eabi/10.3.1/../../../../arm-none-eabi/lib/thumb/v7e-m/nofp/crt0.o (__libc_init_array)
c:/program files (x86)/gnu arm embedded toolchain/10 2021.10/bin/../lib/gcc/arm-none-eabi/10.3.1/../../../../arm-none-eabi/lib/thumb/v7e-m/nofp\libc_nano.a(lib_a-malloc.o)
                              ble.o (malloc)
c:/program files (x86)/gnu arm embedded toolchain/10 2021.10/bin/../lib/gcc/arm-none-eabi/10.3.1/../../../../arm-none-eabi/lib/thumb/v7e-m/nofp\libc_nano.a(lib_a-memcpy-stub.o)
                              ble.o (memcpy)
c:/program files (x86)/gnu arm embedded toolchain/10 2021.10/bin/../lib/gcc/arm-none-eabi/10.3.1/../../../../arm-none-eabi/lib/thumb/v7e-m/nofp\libc_nano.a(lib_a-memset.o)
                              c:/program files (x86)/gnu arm embedded toolchain/10 2021.10/bin/../lib/gcc/arm-none-eabi/10.3.1/../../../../arm-none-eabi/lib/thumb/v7e-m/nofp/crt0.o (memset)
c:/program files (x86)/gnu arm embedded toolchain/10 2021.10/bin/../lib/gcc/arm-none-eabi/10.3.1/../../../../arm-none-eabi/lib/thumb/v7e-m/nofp\libc_nano.a(lib_a-nano-freer.o)
                              c:/program files (x86)/gnu arm embedded toolchain/10 2021.10/bin/../lib/gcc/arm-none-eabi/10.3.1/../../../../arm-none-eabi/lib/thumb/v7e-m/nofp\libc_nano.a(lib_a-malloc.o) (_free_r)
c:/program files (x86)/gnu arm embedded toolchain/10 2021.10/bin/../lib/gcc/arm-none-eabi/10.3.1/../../../../arm-none-eabi/lib/thumb/v7e-m/nofp\libc_nano.a(lib_a-nano-mallocr.o)
                              c:/program files (x86)/gnu arm embedded toolchain/10 2021.10/bin/../lib/gcc/arm-none-eabi/10.3.1/../../../../arm-none-eabi/lib/thumb/v7e-m/nofp\libc_nano.a(lib_a-malloc.o) (_malloc_r)
c:/program files (x86)/gnu arm embedded toolchain/10 2021.10/bin/../lib/gcc/arm-none-eabi/10.3.1/../../../../arm-none-eabi/lib/thumb/v7e-m/nofp\libc_nano.a(lib_a-puts.o)
                              ble.o (puts)
c:/program files (x86)/gnu arm embedded toolchain/10 2021.10/bin/../lib/gcc/arm-none-eabi/10.3.1/../../../../arm-none-eabi/lib/thumb/v7e-m/nofp\libc_nano.a(lib_a-sbrkr.o)
                              c:/program files (x86)/gnu arm embedded toolchain/10 2021.10/bin/../lib/gcc/arm-none-eabi/10.3.1/../../../../arm-none-eabi/lib/thumb/v7e-m/nofp\libc_nano.a(lib_a-nano-mallocr.o) (_sbrk_r)
c:/program files (x86)/gnu arm embedded toolchain/10 2021.10/bin/../lib/gcc/arm-none-eabi/10.3.1/../../../../arm-none-eabi/lib/thumb/v7e-m/nofp\libc_nano.a(lib_a-wbuf.o)
                              c:/program files (x86)/gnu arm embedded toolchain/10 2021.10/bin/../lib/gcc/arm-none-eabi/10.3.1/../../../../arm-none-eabi/lib/thumb/v7e-m/nofp\libc_nano.a(lib_a-puts.o) (__swbuf_r)
[...]
Memory Configuration

Name             Origin             Length             Attributes
FLASH            0x08000000         0x00100000         xr
SRAM             0x20000000         0x00020000         xrw
*default*        0x00000000         0xffffffff

Linker script and memory map

LOAD c:/program files (x86)/gnu arm embedded toolchain/10 2021.10/bin/../lib/gcc/arm-none-eabi/10.3.1/thumb/v7e-m/nofp/crti.o
LOAD c:/program files (x86)/gnu arm embedded toolchain/10 2021.10/bin/../lib/gcc/arm-none-eabi/10.3.1/thumb/v7e-m/nofp/crtbegin.o
LOAD c:/program files (x86)/gnu arm embedded toolchain/10 2021.10/bin/../lib/gcc/arm-none-eabi/10.3.1/../../../../arm-none-eabi/lib/thumb/v7e-m/nofp/crt0.o
LOAD ble.o
LOAD led.o
LOAD LIS3DSH.o
LOAD main.o
LOAD stm32_startup.o
LOAD syscalls.o
LOAD drivers/Src/stm32f407xx_gpio_driver.o
LOAD drivers/Src/stm32f407xx_i2c_driver.o
LOAD drivers/Src/stm32f407xx_rcc_driver.o
LOAD drivers/Src/stm32f407xx_spi_driver.o
LOAD drivers/Src/stm32f407xx_tim_driver.o
LOAD drivers/Src/stm32f407xx_usart_driver.o
LOAD USB/Class/CDC/Src/usbd_cdc.o
LOAD USB/Class/CDC/Src/usbd_cdc_if.o
LOAD USB/Core/Src/stm32f4xx_hal.o
LOAD USB/Core/Src/stm32f4xx_hal_pcd.o
LOAD USB/Core/Src/stm32f4xx_hal_pcd_ex.o
LOAD USB/Core/Src/stm32f4xx_ll_usb.o
LOAD USB/Core/Src/usbd_conf.o
LOAD USB/Core/Src/usbd_core.o
LOAD USB/Core/Src/usbd_ctlreq.o
LOAD USB/Core/Src/usbd_desc.o
LOAD USB/Core/Src/usbd_ioreq.o
START GROUP
LOAD c:/program files (x86)/gnu arm embedded toolchain/10 2021.10/bin/../lib/gcc/arm-none-eabi/10.3.1/thumb/v7e-m/nofp\libgcc.a
LOAD c:/program files (x86)/gnu arm embedded toolchain/10 2021.10/bin/../lib/gcc/arm-none-eabi/10.3.1/../../../../arm-none-eabi/lib/thumb/v7e-m/nofp\libc_nano.a
END GROUP
START GROUP
LOAD c:/program files (x86)/gnu arm embedded toolchain/10 2021.10/bin/../lib/gcc/arm-none-eabi/10.3.1/thumb/v7e-m/nofp\libgcc.a
LOAD c:/program files (x86)/gnu arm embedded toolchain/10 2021.10/bin/../lib/gcc/arm-none-eabi/10.3.1/../../../../arm-none-eabi/lib/thumb/v7e-m/nofp\libc_nano.a
END GROUP
LOAD c:/program files (x86)/gnu arm embedded toolchain/10 2021.10/bin/../lib/gcc/arm-none-eabi/10.3.1/thumb/v7e-m/nofp/crtend.o
LOAD c:/program files (x86)/gnu arm embedded toolchain/10 2021.10/bin/../lib/gcc/arm-none-eabi/10.3.1/thumb/v7e-m/nofp/crtn.o

.text           0x08000000     0xd7ec
 *(.isr_vector)
 .isr_vector    0x08000000      0x188 stm32_startup.o
                0x08000000                vectors
 *(.text)
 .text          0x08000188        0x0 c:/program files (x86)/gnu arm embedded toolchain/10 2021.10/bin/../lib/gcc/arm-none-eabi/10.3.1/thumb/v7e-m/nofp/crti.o
 .text          0x08000188       0x40 c:/program files (x86)/gnu arm embedded toolchain/10 2021.10/bin/../lib/gcc/arm-none-eabi/10.3.1/thumb/v7e-m/nofp/crtbegin.o
 .text          0x080001c8       0x7c c:/program files (x86)/gnu arm embedded toolchain/10 2021.10/bin/../lib/gcc/arm-none-eabi/10.3.1/../../../../arm-none-eabi/lib/thumb/v7e-m/nofp/crt0.o
                0x080001c8                _stack_init
                0x080001d0                _start
                0x080001d0                _mainCRTStartup
 .text          0x08000244      0xbb0 ble.o
                0x08000244                ble_gpio_init
                0x080002c8                SPI2_GPIOInits
                0x08000318                SPI2_Inits
                0x08000360                xnucleo_init
                0x08000380                SoftwareReset
                0x080003a4                ble_init
                0x0800061c                standbyBle
                0x08000650                fetchBleEvent
                0x08000758                checkEventResp
                0x080007a2                sendCommand
                0x08000834                catchBLE
                0x08000904                setConnectable
                0x08000a24                BLE_command
                0x08000abc                addService
                0x08000b30                addCharacteristic
                0x08000bd0                updateCharValue
                0x08000c78                disconnectBLE
                0x08000d7c                setDiscoverability
 .text          0x08000df4       0xf0 led.o
                0x08000df4                led_init
                0x08000e54                leds_set
                0x08000e9c                led_on
                0x08000ec0                led_off
 .text          0x08000ee4      0x2fc LIS3DSH.o
                0x08000ee4                SPI1_GPIOInits
                0x08000f5c                SPI1_Inits
                0x08000f98                spi_write_reg
                0x08000ff4                spi_read_reg
                0x080010ac                LIS3DSH_init
                0x080010e8                LIS3DSH_read_xyz
 .text          0x080011e0      0x848 main.o
                0x080011e0                TIM5_init
                0x0800122c                dwt_init
                0x0800127c                dwt_delay_us
                0x080012bc                dwt_delay_ms
                0x080012e2                twos_complement_to_signed
                0x0800131a                Read_movement
                0x0800138c                USB_FS_GPIO_INIT
                0x080013f8                main
                0x08001698                update_msg
                0x080017f4                TIM5_IRQHandler
                0x08001828                TIM6_DAC_IRQHandler
                0x0800183c                OTG_FS_IRQHandler
                0x08001850                EXTI9_5_IRQHandler
                0x08001868                I2C_ApplicationEventCallback
                0x0800187e                SystemClock_Config
                0x08001958                HAL_EnableCompensationCell
                0x08001970                HAL_NVIC_SetPriorityGrouping
                0x080019b8                HAL_MspInit
                0x08001a04                HAL_TIM_PeriodElapsedCallback
 .text          0x08001a28       0x90 stm32_startup.o
                0x08001a28                RTC_Alarm_IRQHandler
                0x08001a28                HASH_RNG_IRQHandler
                0x08001a28                EXTI2_IRQHandler
                0x08001a28                TIM8_CC_IRQHandler
                0x08001a28                DebugMon_Handler
                0x08001a28                TIM1_CC_IRQHandler
                0x08001a28                DMA2_Stream5_IRQHandler
                0x08001a28                HardFault_Handler
                0x08001a28                DMA1_Stream5_IRQHandler
                0x08001a28                SysTick_Handler
                0x08001a28                PVD_IRQHandler
                0x08001a28                SDIO_IRQHandler
                0x08001a28                TAMP_STAMP_IRQHandler
                0x08001a28                PendSV_Handler
                0x08001a28                NMI_Handler
                0x08001a28                CAN2_RX1_IRQHandler
                0x08001a28                EXTI3_IRQHandler
                0x08001a28                TIM8_TRG_COM_TIM14_IRQHandler
                0x08001a28                TIM1_UP_TIM10_IRQHandler
                0x08001a28                TIM8_UP_TIM13_IRQHandler
                0x08001a28                I2C3_ER_IRQHandler
                0x08001a28                EXTI0_IRQHandler
                0x08001a28                I2C2_EV_IRQHandler
                0x08001a28                DMA1_Stream2_IRQHandler
                0x08001a28                CAN1_RX0_IRQHandler
                0x08001a28                FPU_IRQHandler
                0x08001a28                OTG_HS_WKUP_IRQHandler
                0x08001a28                UsageFault_Handler
                0x08001a28                CAN2_SCE_IRQHandler
                0x08001a28                DMA2_Stream2_IRQHandler
                0x08001a28                SPI1_IRQHandler
                0x08001a28                TIM1_BRK_TIM9_IRQHandler
                0x08001a28                DCMI_IRQHandler
                0x08001a28                CAN2_RX0_IRQHandler
                0x08001a28                DMA2_Stream3_IRQHandler
                0x08001a28                USART6_IRQHandler
                0x08001a28                USART3_IRQHandler
                0x08001a28                CRYP_IRQHandler
                0x08001a28                DMA2_Stream6_IRQHandler
                0x08001a28                CAN1_RX1_IRQHandler
                0x08001a28                UART5_IRQHandler
                0x08001a28                DMA2_Stream0_IRQHandler
                0x08001a28                TIM4_IRQHandler
                0x08001a28                I2C1_EV_IRQHandler
                0x08001a28                DMA1_Stream6_IRQHandler
                0x08001a28                DMA1_Stream1_IRQHandler
                0x08001a28                UART4_IRQHandler
                0x08001a28                TIM3_IRQHandler
                0x08001a28                RCC_IRQHandler
                0x08001a28                TIM8_BRK_TIM12_IRQHandler
                0x08001a28                Default_Handler
                0x08001a28                EXTI15_10_IRQHandler
                0x08001a28                ADC_IRQHandler
                0x08001a28                DMA1_Stream7_IRQHandler
                0x08001a28                TIM7_IRQHandler
                0x08001a28                CAN2_TX_IRQHandler
                0x08001a28                DMA2_Stream7_IRQHandler
                0x08001a28                I2C3_EV_IRQHandler
                0x08001a28                RTC_WKUP_IRQHandler
                0x08001a28                ETH_WKUP_IRQHandler
                0x08001a28                SPI2_IRQHandler
                0x08001a28                OTG_HS_EP1_IN_IRQHandler
                0x08001a28                MemManage_Handler
                0x08001a28                DMA1_Stream0_IRQHandler
                0x08001a28                CAN1_TX_IRQHandler
                0x08001a28                SVC_Handler
                0x08001a28                EXTI4_IRQHandler
                0x08001a28                FSMC_IRQHandler
                0x08001a28                ETH_IRQHandler
                0x08001a28                OTG_HS_EP1_OUT_IRQHandler
                0x08001a28                WWDG_IRQHandler
                0x08001a28                TIM2_IRQHandler
                0x08001a28                OTG_FS_WKUP_IRQHandler
                0x08001a28                TIM1_TRG_COM_TIM11_IRQHandler
                0x08001a28                OTG_HS_IRQHandler
                0x08001a28                EXTI1_IRQHandler
                0x08001a28                USART2_IRQHandler
                0x08001a28                I2C2_ER_IRQHandler
                0x08001a28                DMA2_Stream1_IRQHandler
                0x08001a28                CAN1_SCE_IRQHandler
                0x08001a28                DMA2_Stream4_IRQHandler
                0x08001a28                BusFault_Handler
                0x08001a28                USART1_IRQHandler
                0x08001a28                SPI3_IRQHandler
                0x08001a28                DMA1_Stream4_IRQHandler
                0x08001a28                I2C1_ER_IRQHandler
                0x08001a28                DMA1_Stream3_IRQHandler
                0x08001a2e                Reset_Handler
 .text          0x08001ab8      0x25c syscalls.o
                0x08001ab8                initialise_monitor_handles
                0x08001ac4                _getpid
                0x08001ad2                _kill
                0x08001af2                _exit
                0x08001b06                _read
                0x08001b40                _write
                0x08001b78                _close
                0x08001b8e                _fstat
                0x08001bac                _isatty
                0x08001bc0                _lseek
                0x08001bd8                _open
                0x08001bf2                _wait
                0x08001c10                _unlink
                0x08001c2e                _times
                0x08001c44                _stat
                0x08001c62                _link
                0x08001c82                _fork
                0x08001c98                _execve
                0x08001cba                _sbrk
 .text          0x08001d14      0x8dc drivers/Src/stm32f407xx_gpio_driver.o
                0x08001d14                GPIO_PeriClockControl
                0x08001ee4                GPIO_Init
                0x0800221c                GPIO_DeInit
                0x08002388                GPIO_ReadFromInputPin
                0x080023b2                GPIO_ReadFromInputPort
                0x080023cc                GPIO_WriteToOutputPin
                0x08002414                GPIO_WriteToOutputPort
                0x08002430                GPIO_ToggleOutputPin
                0x08002458                GPIO_IRQInterruptConfig
                0x08002560                GPIO_IRQPriorityConfig
                0x080025b2                GPIO_IRQHandling
 .text          0x080025f0      0xd6c drivers/Src/stm32f407xx_i2c_driver.o
                0x080026d0                I2C_GenerateStopCondition
                0x080026ee                I2C_SlaveEnableDisableCallbackEvents
                0x08002754                I2C_PeripheralControl
                0x0800278a                I2C_Init
                0x080028d8                I2C_GetFlagStatus
                0x080028fe                I2C_MasterSendData
                0x080029f8                I2C_MasterReceiveData
                0x08002b04                I2C_MasterSendDataIT
                0x08002b98                I2C_MasterReceiveDataIT
                0x08002c2c                I2C_SlaveSendData
                0x08002c48                I2C_SlaveReceiveData
                0x08002c60                I2C_ManageAcking
                0x08002c96                I2C_PeriClockControl
                0x08002d44                I2C_IRQInterruptConfig
                0x08002e4c                I2C_IRQPriorityConfig
                0x08002f70                I2C_EV_IRQHandling
                0x08003128                I2C_CloseReceiveData
                0x08003184                I2C_CloseSendData
                0x080031c8                I2C_ER_IRQHandling
                0x080032d4                I2C_MasterSendDataIT_one
 .text          0x0800335c      0x990 drivers/Src/stm32f407xx_rcc_driver.o
                0x0800335c                RCC_GetPCLK1Value
                0x0800340c                RCC_GetPCLK2Value
                0x080034ac                RCC_GetPLLOutputClock
                0x080034ba                Set_PLL_Clock
                0x08003508                HAL_RCC_GetSysClockFreq
                0x08003720                HAL_RCC_GetHCLKFreq
                0x08003734                HAL_RCC_OscConfig
                0x08003990                HAL_RCC_ClockConfig
                0x08003b98                HAL_RCC_GetClockConfig
                0x08003bf8                HAL_RCC_GetPCLK1Freq
                0x08003c20                NVIC_GetPriorityGrouping
                0x08003c3c                NVIC_SetPriority
                0x08003c88                NVIC_EncodePriority
 .text          0x08003cec      0x7e4 drivers/Src/stm32f407xx_spi_driver.o
                0x08003cec                SPI_PeriClockControl
                0x08003d58                SPI_Init
                0x08003e0e                SPI_DeInit
                0x08003e20                SPI_GetFlagStatus
                0x08003e46                SPI_TransmitReceive
                0x08003edc                SPI_SendData
                0x08003f4a                SPI_ReceiveData
                0x08003fc0                SPI_PeripheralControl
                0x08003ff6                SPI_SSIConfig
                0x0800402c                SPI_SSOEConfig
                0x08004062                SPI_IRQInterruptConfig
                0x0800416c                SPI_IRQPriorityConfig
                0x080041be                SPI_SendDataIT
                0x08004204                SPI_ReceiveDataIT
                0x08004254                SPI_IRQHandling
                0x08004434                SPI_CloseTransmisson
                0x08004468                SPI_CloseReception
                0x0800449c                SPI_ClearOVRFlag
                0x080044ba                SPI_ApplicationEventCallback
 .text          0x080044d0      0x77c drivers/Src/stm32f407xx_tim_driver.o
                0x080044d0                TIM_PeriClockControl
                0x08004520                timer_init
                0x08004590                timer_reset
                0x080045ac                TIM_IRQInterruptConfig
                0x080046b4                timer_set_ms
                0x080046d0                TIM_IRQPriorityConfig
                0x08004722                TIM_IRQHandling
                0x08004752                TIM_Base_SetConfig
                0x08004796                HAL_TIM_Base_MspInit
                0x080047a8                HAL_TIM_Base_Init
                0x08004846                HAL_TIM_Base_Start_IT
                0x08004892                NVIC_EnableIRQ
                0x080048c4                HAL_InitTick
                0x080049bc                HAL_TIM_IC_CaptureCallback
                0x080049ce                HAL_TIM_OC_DelayElapsedCallback
                0x080049e0                HAL_TIM_PWM_PulseFinishedCallback
                0x080049f2                HAL_TIMEx_BreakCallback
                0x08004a16                HAL_TIM_TriggerCallback
                0x08004a28                HAL_TIMEx_CommutCallback
                0x08004a3a                HAL_TIM_IRQHandler
 .text          0x08004c4c      0x948 drivers/Src/stm32f407xx_usart_driver.o
                0x08004c4c                USART_SetBaudRate
                0x08004d30                USART_Init
                0x08004e2e                USART_PeripheralControl
                0x08004e64                USART_SendData
                0x08004f00                USART_ReceiveData
                0x08004faa                USART_SendDataIT
                0x08005004                USART_ReceiveDataIT
                0x0800504e                USART_PeriClockControl
                0x080050d4                USART_GetFlagStatus
                0x080050fc                USART_IRQInterruptConfig
                0x08005204                USART_IRQPriorityConfig
                0x08005256                USART_IRQHandling
                0x0800557e                USART_ApplicationEventCallback
 .text          0x08005594      0x9a4 USB/Class/CDC/Src/usbd_cdc.o
                0x08005d74                USBD_CDC_GetDeviceQualifierDescriptor
                0x08005d94                USBD_CDC_RegisterInterface
                0x08005dc6                USBD_CDC_SetTxBuffer
                0x08005e08                USBD_CDC_SetRxBuffer
                0x08005e40                USBD_CDC_TransmitPacket
                0x08005ecc                USBD_CDC_ReceivePacket
 .text          0x08005f38      0x184 USB/Class/CDC/Src/usbd_cdc_if.o
                0x0800602a                CDC_Receive_FS
                0x08006050                CDC_Transmit_FS
 .text          0x080060bc      0x268 USB/Core/Src/stm32f4xx_hal.o
                0x080060bc                HAL_Init
                0x080060d6                HAL_DeInit
                0x080060f0                HAL_MspDeInit
                0x080060fc                init_systick_timer
                0x080061a4                HAL_IncTick
                0x080061c8                HAL_GetTick
                0x080061dc                HAL_GetTickPrio
                0x080061f0                HAL_SetTickFreq
                0x08006240                HAL_GetTickFreq
                0x08006254                HAL_Delay
                0x0800629c                HAL_SuspendTick
                0x080062b8                HAL_ResumeTick
                0x080062d4                HAL_GetHalVersion
                0x080062e8                HAL_GetUIDw0
                0x080062fc                HAL_GetUIDw1
                0x08006310                HAL_GetUIDw2
 .text          0x08006324     0x1af8 USB/Core/Src/stm32f4xx_hal_pcd.o
                0x08006324                HAL_PCD_Init
                0x0800655e                HAL_PCD_DeInit
                0x080065c8                HAL_PCD_Start
                0x0800662e                HAL_PCD_Stop
                0x080066a0                HAL_PCD_IRQHandler
                0x08006fde                HAL_PCD_WKUP_IRQHandler
                0x080070ee                HAL_PCD_DevConnect
                0x0800714a                HAL_PCD_DevDisconnect
                0x080071a6                HAL_PCD_SetAddress
                0x080071f0                HAL_PCD_EP_Open
                0x080072c0                HAL_PCD_EP_Close
                0x08007354                HAL_PCD_EP_Receive
                0x080073ea                HAL_PCD_EP_GetRxCount
                0x08007418                HAL_PCD_EP_Transmit
                0x080074ac                HAL_PCD_EP_SetStall
                0x08007574                HAL_PCD_EP_ClrStall
                0x08007620                HAL_PCD_EP_Abort
                0x08007682                HAL_PCD_EP_Flush
                0x080076dc                HAL_PCD_ActivateRemoteWakeup
                0x080076f8                HAL_PCD_DeActivateRemoteWakeup
                0x08007714                HAL_PCD_GetState
                0x0800772e                HAL_PCD_SetTestMode
                0x08007ae8                HAL_GPIO_Init
 .text          0x08007e1c       0xd8 USB/Core/Src/stm32f4xx_hal_pcd_ex.o
                0x08007e1c                HAL_PCDEx_SetTxFiFo
                0x08007ea8                HAL_PCDEx_SetRxFiFo
                0x08007ec8                HAL_PCDEx_LPM_Callback
                0x08007ede                HAL_PCDEx_BCD_Callback
 .text          0x08007ef4     0x2774 USB/Core/Src/stm32f4xx_ll_usb.o
                0x08007ef4                USB_CoreInit
                0x08007fb6                USB_SetTurnaroundTime
                0x080080f8                USB_EnableGlobalInt
                0x08008118                USB_DisableGlobalInt
                0x08008138                USB_SetCurrentMode
                0x080081d0                USB_DevInit
                0x08008498                USB_FlushTxFifo
                0x08008500                USB_FlushRxFifo
                0x08008560                USB_SetDevSpeed
                0x08008590                USB_GetDevSpeed
                0x080085d8                USB_ActivateEndpoint
                0x080086e4                USB_ActivateDedicatedEndpoint
                0x080087f2                USB_DeactivateEndpoint
                0x080089a8                USB_DeactivateDedicatedEndpoint
                0x08008b0a                USB_EPStartXfer
                0x08008f98                USB_EP0StartXfer
                0x08009246                USB_EPStopXfer
                0x08009398                USB_WritePacket
                0x08009412                USB_ReadPacket
                0x080094c0                USB_EPSetStall
                0x0800959a                USB_EPClearStall
                0x08009664                USB_StopDevice
                0x08009702                USB_SetDevAddress
                0x0800974c                USB_DevConnect
                0x0800978c                USB_DevDisconnect
                0x080097cc                USB_ReadInterrupts
                0x080097f0                USB_ReadDevAllOutEpInterrupt
                0x08009822                USB_ReadDevAllInEpInterrupt
                0x08009854                USB_ReadDevOutEPInterrupt
                0x0800988e                USB_ReadDevInEPInterrupt
                0x080098e8                USB_ClearInterrupts
                0x08009908                USB_GetMode
                0x08009922                USB_ActivateSetup
                0x08009966                USB_EP0_OutStart
                0x08009a84                USB_HostInit
                0x08009c04                USB_InitFSLSPClkSel
                0x08009c76                USB_ResetPort
                0x08009cca                USB_DriveVbus
                0x08009d3a                USB_GetHostSpeed
                0x08009d66                USB_GetCurrentFrame
                0x08009d86                USB_HC_Init
                0x08009fcc                USB_HC_StartXfer
                0x0800a250                USB_HC_ReadInterrupt
                0x0800a270                USB_HC_Halt
                0x0800a466                USB_DoPing
                0x0800a4dc                USB_StopHost
                0x0800a600                USB_ActivateRemoteWakeup
                0x0800a63c                USB_DeActivateRemoteWakeup
 .text          0x0800a668      0x768 USB/Core/Src/usbd_conf.o
                0x0800a668                Error_Handler
                0x0800a674                HAL_NVIC_SetPriority
                0x0800a6a6                HAL_PCD_MspInit
                0x0800a788                HAL_PCD_MspDeInit
                0x0800a79a                HAL_PCD_SetupStageCallback
                0x0800a7be                HAL_PCD_DataOutStageCallback
                0x0800a7f4                HAL_PCD_DataInStageCallback
                0x0800a828                HAL_PCD_SOFCallback
                0x0800a844                HAL_PCD_ResetCallback
                0x0800a894                HAL_PCD_SuspendCallback
                0x0800a8e0                HAL_PCD_ResumeCallback
                0x0800a8fc                HAL_PCD_ISOOUTIncompleteCallback
                0x0800a920                HAL_PCD_ISOINIncompleteCallback
                0x0800a944                HAL_PCD_ConnectCallback
                0x0800a960                HAL_PCD_DisconnectCallback
                0x0800a97c                USBD_LL_Init
                0x0800aa14                USBD_LL_DeInit
                0x0800aa4a                USBD_LL_Start
                0x0800aa80                USBD_LL_Stop
                0x0800aab6                USBD_LL_OpenEP
                0x0800ab02                USBD_LL_CloseEP
                0x0800ab40                USBD_LL_FlushEP
                0x0800ab7e                USBD_LL_StallEP
                0x0800abbc                USBD_LL_ClearStallEP
                0x0800abfa                USBD_LL_IsStallEP
                0x0800ac50                USBD_LL_SetUSBAddress
                0x0800ac8e                USBD_LL_Transmit
                0x0800acd0                USBD_LL_PrepareReceive
                0x0800ad12                USBD_LL_GetRxDataSize
                0x0800ad38                USBD_static_malloc
                0x0800ad50                USBD_static_free
                0x0800ad62                USBD_LL_Delay
                0x0800ad78                USBD_Get_USB_Status
 .text          0x0800add0      0x8cc USB/Core/Src/usbd_core.o
                0x0800add0                USBD_Init
                0x0800ae30                USBD_DeInit
                0x0800ae90                USBD_RegisterClass
                0x0800aefc                USBD_Start
                0x0800af14                USBD_Stop
                0x0800af4a                USBD_RunTestMode
                0x0800af5e                USBD_SetClassConfig
                0x0800af96                USBD_ClrClassConfig
                0x0800afca                USBD_LL_SetupStage
                0x0800b074                USBD_LL_DataOutStage
                0x0800b1dc                USBD_LL_DataInStage
                0x0800b342                USBD_LL_Reset
                0x0800b3e8                USBD_LL_SetSpeed
                0x0800b406                USBD_LL_Suspend
                0x0800b430                USBD_LL_Resume
                0x0800b45e                USBD_LL_SOF
                0x0800b49e                USBD_LL_IsoINIncomplete
                0x0800b502                USBD_LL_IsoOUTIncomplete
                0x0800b566                USBD_LL_DevConnected
                0x0800b57a                USBD_LL_DevDisconnected
                0x0800b5c0                USBD_CoreFindIF
                0x0800b5d8                USBD_CoreFindEP
                0x0800b5f0                USBD_GetEpDesc
                0x0800b664                USBD_GetNextDesc
 .text          0x0800b69c      0xca0 USB/Core/Src/usbd_ctlreq.o
                0x0800b6d6                USBD_StdDevReq
                0x0800b7ba                USBD_StdItfReq
                0x0800b892                USBD_StdEPReq
                0x0800c1e6                USBD_ParseSetupRequest
                0x0800c25a                USBD_CtlError
                0x0800c27c                USBD_GetString
 .text          0x0800c33c      0x21c USB/Core/Src/usbd_desc.o
                0x0800c33c                USBD_FS_DeviceDescriptor
                0x0800c360                USBD_FS_LangIDStrDescriptor
                0x0800c384                USBD_FS_ProductStrDescriptor
                0x0800c3c0                USBD_FS_ManufacturerStrDescriptor
                0x0800c3e8                USBD_FS_SerialStrDescriptor
                0x0800c40c                USBD_FS_ConfigStrDescriptor
                0x0800c448                USBD_FS_InterfaceStrDescriptor
 .text          0x0800c558      0x120 USB/Core/Src/usbd_ioreq.o
                0x0800c558                USBD_CtlSendData
                0x0800c58e                USBD_CtlContinueSendData
                0x0800c5b0                USBD_CtlPrepareRx
                0x0800c5ea                USBD_CtlContinueRx
                0x0800c60c                USBD_CtlSendStatus
                0x0800c632                USBD_CtlReceiveStatus
                0x0800c658                USBD_GetRxCount
 .text          0x0800c678       0x30 c:/program files (x86)/gnu arm embedded toolchain/10 2021.10/bin/../lib/gcc/arm-none-eabi/10.3.1/thumb/v7e-m/nofp\libgcc.a(_aeabi_uldivmod.o)
                0x0800c678                __aeabi_uldivmod
 .text          0x0800c6a8      0x2d0 c:/program files (x86)/gnu arm embedded toolchain/10 2021.10/bin/../lib/gcc/arm-none-eabi/10.3.1/thumb/v7e-m/nofp\libgcc.a(_udivmoddi4.o)
                0x0800c6a8                __udivmoddi4
 .text          0x0800c978        0x4 c:/program files (x86)/gnu arm embedded toolchain/10 2021.10/bin/../lib/gcc/arm-none-eabi/10.3.1/thumb/v7e-m/nofp\libgcc.a(_dvmd_tls.o)
                0x0800c978                __aeabi_idiv0
                0x0800c978                __aeabi_ldiv0
 .text          0x0800c97c        0x0 c:/program files (x86)/gnu arm embedded toolchain/10 2021.10/bin/../lib/gcc/arm-none-eabi/10.3.1/../../../../arm-none-eabi/lib/thumb/v7e-m/nofp\libc_nano.a(lib_a-errno.o)
 .text          0x0800c97c        0x0 c:/program files (x86)/gnu arm embedded toolchain/10 2021.10/bin/../lib/gcc/arm-none-eabi/10.3.1/../../../../arm-none-eabi/lib/thumb/v7e-m/nofp\libc_nano.a(lib_a-exit.o)
 .text          0x0800c97c        0x0 c:/program files (x86)/gnu arm embedded toolchain/10 2021.10/bin/../lib/gcc/arm-none-eabi/10.3.1/../../../../arm-none-eabi/lib/thumb/v7e-m/nofp\libc_nano.a(lib_a-impure.o)
 .text          0x0800c97c        0x0 c:/program files (x86)/gnu arm embedded toolchain/10 2021.10/bin/../lib/gcc/arm-none-eabi/10.3.1/../../../../arm-none-eabi/lib/thumb/v7e-m/nofp\libc_nano.a(lib_a-init.o)
 .text          0x0800c97c        0x0 c:/program files (x86)/gnu arm embedded toolchain/10 2021.10/bin/../lib/gcc/arm-none-eabi/10.3.1/../../../../arm-none-eabi/lib/thumb/v7e-m/nofp\libc_nano.a(lib_a-malloc.o)
 .text          0x0800c97c        0x0 c:/program files (x86)/gnu arm embedded toolchain/10 2021.10/bin/../lib/gcc/arm-none-eabi/10.3.1/../../../../arm-none-eabi/lib/thumb/v7e-m/nofp\libc_nano.a(lib_a-memcpy-stub.o)
 .text          0x0800c97c        0x0 c:/program files (x86)/gnu arm embedded toolchain/10 2021.10/bin/../lib/gcc/arm-none-eabi/10.3.1/../../../../arm-none-eabi/lib/thumb/v7e-m/nofp\libc_nano.a(lib_a-memset.o)
 .text          0x0800c97c        0x0 c:/program files (x86)/gnu arm embedded toolchain/10 2021.10/bin/../lib/gcc/arm-none-eabi/10.3.1/../../../../arm-none-eabi/lib/thumb/v7e-m/nofp\libc_nano.a(lib_a-nano-freer.o)
 .text          0x0800c97c        0x0 c:/program files (x86)/gnu arm embedded toolchain/10 2021.10/bin/../lib/gcc/arm-none-eabi/10.3.1/../../../../arm-none-eabi/lib/thumb/v7e-m/nofp\libc_nano.a(lib_a-nano-mallocr.o)
 .text          0x0800c97c        0x0 c:/program files (x86)/gnu arm embedded toolchain/10 2021.10/bin/../lib/gcc/arm-none-eabi/10.3.1/../../../../arm-none-eabi/lib/thumb/v7e-m/nofp\libc_nano.a(lib_a-puts.o)
 .text          0x0800c97c        0x0 c:/program files (x86)/gnu arm embedded toolchain/10 2021.10/bin/../lib/gcc/arm-none-eabi/10.3.1/../../../../arm-none-eabi/lib/thumb/v7e-m/nofp\libc_nano.a(lib_a-sbrkr.o)
 .text          0x0800c97c        0x0 c:/program files (x86)/gnu arm embedded toolchain/10 2021.10/bin/../lib/gcc/arm-none-eabi/10.3.1/../../../../arm-none-eabi/lib/thumb/v7e-m/nofp\libc_nano.a(lib_a-wbuf.o)
 .text          0x0800c97c        0x0 c:/program files (x86)/gnu arm embedded toolchain/10 2021.10/bin/../lib/gcc/arm-none-eabi/10.3.1/../../../../arm-none-eabi/lib/thumb/v7e-m/nofp\libc_nano.a(lib_a-wsetup.o)
 .text          0x0800c97c        0x0 c:/program files (x86)/gnu arm embedded toolchain/10 2021.10/bin/../lib/gcc/arm-none-eabi/10.3.1/../../../../arm-none-eabi/lib/thumb/v7e-m/nofp\libc_nano.a(lib_a-fflush.o)
 .text          0x0800c97c        0x0 c:/program files (x86)/gnu arm embedded toolchain/10 2021.10/bin/../lib/gcc/arm-none-eabi/10.3.1/../../../../arm-none-eabi/lib/thumb/v7e-m/nofp\libc_nano.a(lib_a-findfp.o)
 .text          0x0800c97c        0x0 c:/program files (x86)/gnu arm embedded toolchain/10 2021.10/bin/../lib/gcc/arm-none-eabi/10.3.1/../../../../arm-none-eabi/lib/thumb/v7e-m/nofp\libc_nano.a(lib_a-fwalk.o)
 .text          0x0800c97c        0x0 c:/program files (x86)/gnu arm embedded toolchain/10 2021.10/bin/../lib/gcc/arm-none-eabi/10.3.1/../../../../arm-none-eabi/lib/thumb/v7e-m/nofp\libc_nano.a(lib_a-lock.o)
 .text          0x0800c97c        0x0 c:/program files (x86)/gnu arm embedded toolchain/10 2021.10/bin/../lib/gcc/arm-none-eabi/10.3.1/../../../../arm-none-eabi/lib/thumb/v7e-m/nofp\libc_nano.a(lib_a-makebuf.o)
 .text          0x0800c97c        0x0 c:/program files (x86)/gnu arm embedded toolchain/10 2021.10/bin/../lib/gcc/arm-none-eabi/10.3.1/../../../../arm-none-eabi/lib/thumb/v7e-m/nofp\libc_nano.a(lib_a-mlock.o)
 .text          0x0800c97c        0x0 c:/program files (x86)/gnu arm embedded toolchain/10 2021.10/bin/../lib/gcc/arm-none-eabi/10.3.1/../../../../arm-none-eabi/lib/thumb/v7e-m/nofp\libc_nano.a(lib_a-reent.o)
 .text          0x0800c97c        0x0 c:/program files (x86)/gnu arm embedded toolchain/10 2021.10/bin/../lib/gcc/arm-none-eabi/10.3.1/../../../../arm-none-eabi/lib/thumb/v7e-m/nofp\libc_nano.a(lib_a-stdio.o)
 .text          0x0800c97c        0x0 c:/program files (x86)/gnu arm embedded toolchain/10 2021.10/bin/../lib/gcc/arm-none-eabi/10.3.1/../../../../arm-none-eabi/lib/thumb/v7e-m/nofp\libc_nano.a(lib_a-writer.o)
 .text          0x0800c97c        0x0 c:/program files (x86)/gnu arm embedded toolchain/10 2021.10/bin/../lib/gcc/arm-none-eabi/10.3.1/../../../../arm-none-eabi/lib/thumb/v7e-m/nofp\libc_nano.a(lib_a-closer.o)
 .text          0x0800c97c        0x0 c:/program files (x86)/gnu arm embedded toolchain/10 2021.10/bin/../lib/gcc/arm-none-eabi/10.3.1/../../../../arm-none-eabi/lib/thumb/v7e-m/nofp\libc_nano.a(lib_a-fstatr.o)
 .text          0x0800c97c        0x0 c:/program files (x86)/gnu arm embedded toolchain/10 2021.10/bin/../lib/gcc/arm-none-eabi/10.3.1/../../../../arm-none-eabi/lib/thumb/v7e-m/nofp\libc_nano.a(lib_a-isattyr.o)
 .text          0x0800c97c        0x0 c:/program files (x86)/gnu arm embedded toolchain/10 2021.10/bin/../lib/gcc/arm-none-eabi/10.3.1/../../../../arm-none-eabi/lib/thumb/v7e-m/nofp\libc_nano.a(lib_a-lseekr.o)
 .text          0x0800c97c        0x0 c:/program files (x86)/gnu arm embedded toolchain/10 2021.10/bin/../lib/gcc/arm-none-eabi/10.3.1/../../../../arm-none-eabi/lib/thumb/v7e-m/nofp\libc_nano.a(lib_a-readr.o)
 .text          0x0800c97c        0x0 c:/program files (x86)/gnu arm embedded toolchain/10 2021.10/bin/../lib/gcc/arm-none-eabi/10.3.1/thumb/v7e-m/nofp/crtend.o
 .text          0x0800c97c        0x0 c:/program files (x86)/gnu arm embedded toolchain/10 2021.10/bin/../lib/gcc/arm-none-eabi/10.3.1/thumb/v7e-m/nofp/crtn.o
 *(.text.*)
 .text.__errno  0x0800c97c        0xc c:/program files (x86)/gnu arm embedded toolchain/10 2021.10/bin/../lib/gcc/arm-none-eabi/10.3.1/../../../../arm-none-eabi/lib/thumb/v7e-m/nofp\libc_nano.a(lib_a-errno.o)
                0x0800c97c                __errno
 .text.exit     0x0800c988       0x28 c:/program files (x86)/gnu arm embedded toolchain/10 2021.10/bin/../lib/gcc/arm-none-eabi/10.3.1/../../../../arm-none-eabi/lib/thumb/v7e-m/nofp\libc_nano.a(lib_a-exit.o)
                0x0800c988                exit
 .text.__libc_init_array
                0x0800c9b0       0x48 c:/program files (x86)/gnu arm embedded toolchain/10 2021.10/bin/../lib/gcc/arm-none-eabi/10.3.1/../../../../arm-none-eabi/lib/thumb/v7e-m/nofp\libc_nano.a(lib_a-init.o)
                0x0800c9b0                __libc_init_array
 .text.malloc   0x0800c9f8       0x10 c:/program files (x86)/gnu arm embedded toolchain/10 2021.10/bin/../lib/gcc/arm-none-eabi/10.3.1/../../../../arm-none-eabi/lib/thumb/v7e-m/nofp\libc_nano.a(lib_a-malloc.o)
                0x0800c9f8                malloc
 .text.free     0x0800ca08       0x10 c:/program files (x86)/gnu arm embedded toolchain/10 2021.10/bin/../lib/gcc/arm-none-eabi/10.3.1/../../../../arm-none-eabi/lib/thumb/v7e-m/nofp\libc_nano.a(lib_a-malloc.o)
                0x0800ca08                free
 .text.memcpy   0x0800ca18       0x1c c:/program files (x86)/gnu arm embedded toolchain/10 2021.10/bin/../lib/gcc/arm-none-eabi/10.3.1/../../../../arm-none-eabi/lib/thumb/v7e-m/nofp\libc_nano.a(lib_a-memcpy-stub.o)
                0x0800ca18                memcpy
 .text.memset   0x0800ca34       0x10 c:/program files (x86)/gnu arm embedded toolchain/10 2021.10/bin/../lib/gcc/arm-none-eabi/10.3.1/../../../../arm-none-eabi/lib/thumb/v7e-m/nofp\libc_nano.a(lib_a-memset.o)
                0x0800ca34                memset
 .text._free_r  0x0800ca44       0x94 c:/program files (x86)/gnu arm embedded toolchain/10 2021.10/bin/../lib/gcc/arm-none-eabi/10.3.1/../../../../arm-none-eabi/lib/thumb/v7e-m/nofp\libc_nano.a(lib_a-nano-freer.o)
                0x0800ca44                _free_r
 .text.sbrk_aligned
                0x0800cad8       0x40 c:/program files (x86)/gnu arm embedded toolchain/10 2021.10/bin/../lib/gcc/arm-none-eabi/10.3.1/../../../../arm-none-eabi/lib/thumb/v7e-m/nofp\libc_nano.a(lib_a-nano-mallocr.o)
 .text._malloc_r
                0x0800cb18       0xe8 c:/program files (x86)/gnu arm embedded toolchain/10 2021.10/bin/../lib/gcc/arm-none-eabi/10.3.1/../../../../arm-none-eabi/lib/thumb/v7e-m/nofp\libc_nano.a(lib_a-nano-mallocr.o)
                0x0800cb18                _malloc_r
 .text._puts_r  0x0800cc00       0xdc c:/program files (x86)/gnu arm embedded toolchain/10 2021.10/bin/../lib/gcc/arm-none-eabi/10.3.1/../../../../arm-none-eabi/lib/thumb/v7e-m/nofp\libc_nano.a(lib_a-puts.o)
                0x0800cc00                _puts_r
 .text.puts     0x0800ccdc       0x10 c:/program files (x86)/gnu arm embedded toolchain/10 2021.10/bin/../lib/gcc/arm-none-eabi/10.3.1/../../../../arm-none-eabi/lib/thumb/v7e-m/nofp\libc_nano.a(lib_a-puts.o)
                0x0800ccdc                puts
 .text._sbrk_r  0x0800ccec       0x20 c:/program files (x86)/gnu arm embedded toolchain/10 2021.10/bin/../lib/gcc/arm-none-eabi/10.3.1/../../../../arm-none-eabi/lib/thumb/v7e-m/nofp\libc_nano.a(lib_a-sbrkr.o)
                0x0800ccec                _sbrk_r
 .text.__swbuf_r
                0x0800cd0c       0xa4 c:/program files (x86)/gnu arm embedded toolchain/10 2021.10/bin/../lib/gcc/arm-none-eabi/10.3.1/../../../../arm-none-eabi/lib/thumb/v7e-m/nofp\libc_nano.a(lib_a-wbuf.o)
                0x0800cd0c                __swbuf_r
 .text.__swbuf  0x0800cdb0       0x10 c:/program files (x86)/gnu arm embedded toolchain/10 2021.10/bin/../lib/gcc/arm-none-eabi/10.3.1/../../../../arm-none-eabi/lib/thumb/v7e-m/nofp\libc_nano.a(lib_a-wbuf.o)
                0x0800cdb0                __swbuf
 .text.__swsetup_r
                0x0800cdc0       0xdc c:/program files (x86)/gnu arm embedded toolchain/10 2021.10/bin/../lib/gcc/arm-none-eabi/10.3.1/../../../../arm-none-eabi/lib/thumb/v7e-m/nofp\libc_nano.a(lib_a-wsetup.o)
                0x0800cdc0                __swsetup_r
 .text.__sflush_r
                0x0800ce9c      0x104 c:/program files (x86)/gnu arm embedded toolchain/10 2021.10/bin/../lib/gcc/arm-none-eabi/10.3.1/../../../../arm-none-eabi/lib/thumb/v7e-m/nofp\libc_nano.a(lib_a-fflush.o)
                0x0800ce9c                __sflush_r
 .text._fflush_r
                0x0800cfa0       0x78 c:/program files (x86)/gnu arm embedded toolchain/10 2021.10/bin/../lib/gcc/arm-none-eabi/10.3.1/../../../../arm-none-eabi/lib/thumb/v7e-m/nofp\libc_nano.a(lib_a-fflush.o)
                0x0800cfa0                _fflush_r
 .text.fflush   0x0800d018       0x24 c:/program files (x86)/gnu arm embedded toolchain/10 2021.10/bin/../lib/gcc/arm-none-eabi/10.3.1/../../../../arm-none-eabi/lib/thumb/v7e-m/nofp\libc_nano.a(lib_a-fflush.o)
                0x0800d018                fflush
 .text.std      0x0800d03c       0x48 c:/program files (x86)/gnu arm embedded toolchain/10 2021.10/bin/../lib/gcc/arm-none-eabi/10.3.1/../../../../arm-none-eabi/lib/thumb/v7e-m/nofp\libc_nano.a(lib_a-findfp.o)
 .text._cleanup_r
                0x0800d084        0xc c:/program files (x86)/gnu arm embedded toolchain/10 2021.10/bin/../lib/gcc/arm-none-eabi/10.3.1/../../../../arm-none-eabi/lib/thumb/v7e-m/nofp\libc_nano.a(lib_a-findfp.o)
                0x0800d084                _cleanup_r
 .text.__fp_lock
                0x0800d090       0x18 c:/program files (x86)/gnu arm embedded toolchain/10 2021.10/bin/../lib/gcc/arm-none-eabi/10.3.1/../../../../arm-none-eabi/lib/thumb/v7e-m/nofp\libc_nano.a(lib_a-findfp.o)
 .text.__fp_unlock
                0x0800d0a8       0x18 c:/program files (x86)/gnu arm embedded toolchain/10 2021.10/bin/../lib/gcc/arm-none-eabi/10.3.1/../../../../arm-none-eabi/lib/thumb/v7e-m/nofp\libc_nano.a(lib_a-findfp.o)
 .text.__sfmoreglue
                0x0800d0c0       0x2c c:/program files (x86)/gnu arm embedded toolchain/10 2021.10/bin/../lib/gcc/arm-none-eabi/10.3.1/../../../../arm-none-eabi/lib/thumb/v7e-m/nofp\libc_nano.a(lib_a-findfp.o)
                0x0800d0c0                __sfmoreglue
 .text._cleanup
                0x0800d0ec        0xc c:/program files (x86)/gnu arm embedded toolchain/10 2021.10/bin/../lib/gcc/arm-none-eabi/10.3.1/../../../../arm-none-eabi/lib/thumb/v7e-m/nofp\libc_nano.a(lib_a-findfp.o)
                0x0800d0ec                _cleanup
 .text.__sfp_lock_acquire
                0x0800d0f8        0xc c:/program files (x86)/gnu arm embedded toolchain/10 2021.10/bin/../lib/gcc/arm-none-eabi/10.3.1/../../../../arm-none-eabi/lib/thumb/v7e-m/nofp\libc_nano.a(lib_a-findfp.o)
                0x0800d0f8                __sfp_lock_acquire
 .text.__sfp_lock_release
                0x0800d104        0xc c:/program files (x86)/gnu arm embedded toolchain/10 2021.10/bin/../lib/gcc/arm-none-eabi/10.3.1/../../../../arm-none-eabi/lib/thumb/v7e-m/nofp\libc_nano.a(lib_a-findfp.o)
                0x0800d104                __sfp_lock_release
 .text.__sinit_lock_acquire
                0x0800d110        0xc c:/program files (x86)/gnu arm embedded toolchain/10 2021.10/bin/../lib/gcc/arm-none-eabi/10.3.1/../../../../arm-none-eabi/lib/thumb/v7e-m/nofp\libc_nano.a(lib_a-findfp.o)
                0x0800d110                __sinit_lock_acquire
 .text.__sinit_lock_release
                0x0800d11c        0xc c:/program files (x86)/gnu arm embedded toolchain/10 2021.10/bin/../lib/gcc/arm-none-eabi/10.3.1/../../../../arm-none-eabi/lib/thumb/v7e-m/nofp\libc_nano.a(lib_a-findfp.o)
                0x0800d11c                __sinit_lock_release
 .text.__sinit  0x0800d128       0x70 c:/program files (x86)/gnu arm embedded toolchain/10 2021.10/bin/../lib/gcc/arm-none-eabi/10.3.1/../../../../arm-none-eabi/lib/thumb/v7e-m/nofp\libc_nano.a(lib_a-findfp.o)
                0x0800d128                __sinit
 .text.__sfp    0x0800d198       0x8c c:/program files (x86)/gnu arm embedded toolchain/10 2021.10/bin/../lib/gcc/arm-none-eabi/10.3.1/../../../../arm-none-eabi/lib/thumb/v7e-m/nofp\libc_nano.a(lib_a-findfp.o)
                0x0800d198                __sfp
 .text.__fp_lock_all
                0x0800d224       0x1c c:/program files (x86)/gnu arm embedded toolchain/10 2021.10/bin/../lib/gcc/arm-none-eabi/10.3.1/../../../../arm-none-eabi/lib/thumb/v7e-m/nofp\libc_nano.a(lib_a-findfp.o)
                0x0800d224                __fp_lock_all
 .text.__fp_unlock_all
                0x0800d240       0x1c c:/program files (x86)/gnu arm embedded toolchain/10 2021.10/bin/../lib/gcc/arm-none-eabi/10.3.1/../../../../arm-none-eabi/lib/thumb/v7e-m/nofp\libc_nano.a(lib_a-findfp.o)
                0x0800d240                __fp_unlock_all
 .text._fwalk   0x0800d25c       0x3a c:/program files (x86)/gnu arm embedded toolchain/10 2021.10/bin/../lib/gcc/arm-none-eabi/10.3.1/../../../../arm-none-eabi/lib/thumb/v7e-m/nofp\libc_nano.a(lib_a-fwalk.o)
                0x0800d25c                _fwalk
 .text._fwalk_reent
                0x0800d296       0x3e c:/program files (x86)/gnu arm embedded toolchain/10 2021.10/bin/../lib/gcc/arm-none-eabi/10.3.1/../../../../arm-none-eabi/lib/thumb/v7e-m/nofp\libc_nano.a(lib_a-fwalk.o)
                0x0800d296                _fwalk_reent
 .text.__retarget_lock_init
                0x0800d2d4        0x2 c:/program files (x86)/gnu arm embedded toolchain/10 2021.10/bin/../lib/gcc/arm-none-eabi/10.3.1/../../../../arm-none-eabi/lib/thumb/v7e-m/nofp\libc_nano.a(lib_a-lock.o)
                0x0800d2d4                __retarget_lock_init
 .text.__retarget_lock_init_recursive
                0x0800d2d6        0x2 c:/program files (x86)/gnu arm embedded toolchain/10 2021.10/bin/../lib/gcc/arm-none-eabi/10.3.1/../../../../arm-none-eabi/lib/thumb/v7e-m/nofp\libc_nano.a(lib_a-lock.o)
                0x0800d2d6                __retarget_lock_init_recursive
 .text.__retarget_lock_close
                0x0800d2d8        0x2 c:/program files (x86)/gnu arm embedded toolchain/10 2021.10/bin/../lib/gcc/arm-none-eabi/10.3.1/../../../../arm-none-eabi/lib/thumb/v7e-m/nofp\libc_nano.a(lib_a-lock.o)
                0x0800d2d8                __retarget_lock_close
 .text.__retarget_lock_close_recursive
                0x0800d2da        0x2 c:/program files (x86)/gnu arm embedded toolchain/10 2021.10/bin/../lib/gcc/arm-none-eabi/10.3.1/../../../../arm-none-eabi/lib/thumb/v7e-m/nofp\libc_nano.a(lib_a-lock.o)
                0x0800d2da                __retarget_lock_close_recursive
 .text.__retarget_lock_acquire
                0x0800d2dc        0x2 c:/program files (x86)/gnu arm embedded toolchain/10 2021.10/bin/../lib/gcc/arm-none-eabi/10.3.1/../../../../arm-none-eabi/lib/thumb/v7e-m/nofp\libc_nano.a(lib_a-lock.o)
                0x0800d2dc                __retarget_lock_acquire
 .text.__retarget_lock_acquire_recursive
                0x0800d2de        0x2 c:/program files (x86)/gnu arm embedded toolchain/10 2021.10/bin/../lib/gcc/arm-none-eabi/10.3.1/../../../../arm-none-eabi/lib/thumb/v7e-m/nofp\libc_nano.a(lib_a-lock.o)
                0x0800d2de                __retarget_lock_acquire_recursive
 .text.__retarget_lock_try_acquire
                0x0800d2e0        0x4 c:/program files (x86)/gnu arm embedded toolchain/10 2021.10/bin/../lib/gcc/arm-none-eabi/10.3.1/../../../../arm-none-eabi/lib/thumb/v7e-m/nofp\libc_nano.a(lib_a-lock.o)
                0x0800d2e0                __retarget_lock_try_acquire
 .text.__retarget_lock_try_acquire_recursive
                0x0800d2e4        0x4 c:/program files (x86)/gnu arm embedded toolchain/10 2021.10/bin/../lib/gcc/arm-none-eabi/10.3.1/../../../../arm-none-eabi/lib/thumb/v7e-m/nofp\libc_nano.a(lib_a-lock.o)
                0x0800d2e4                __retarget_lock_try_acquire_recursive
 .text.__retarget_lock_release
                0x0800d2e8        0x2 c:/program files (x86)/gnu arm embedded toolchain/10 2021.10/bin/../lib/gcc/arm-none-eabi/10.3.1/../../../../arm-none-eabi/lib/thumb/v7e-m/nofp\libc_nano.a(lib_a-lock.o)
                0x0800d2e8                __retarget_lock_release
 .text.__retarget_lock_release_recursive
                0x0800d2ea        0x2 c:/program files (x86)/gnu arm embedded toolchain/10 2021.10/bin/../lib/gcc/arm-none-eabi/10.3.1/../../../../arm-none-eabi/lib/thumb/v7e-m/nofp\libc_nano.a(lib_a-lock.o)
                0x0800d2ea                __retarget_lock_release_recursive
 .text.__swhatbuf_r
                0x0800d2ec       0x4a c:/program files (x86)/gnu arm embedded toolchain/10 2021.10/bin/../lib/gcc/arm-none-eabi/10.3.1/../../../../arm-none-eabi/lib/thumb/v7e-m/nofp\libc_nano.a(lib_a-makebuf.o)
                0x0800d2ec                __swhatbuf_r
 *fill*         0x0800d336        0x2 
 .text.__smakebuf_r
                0x0800d338       0x80 c:/program files (x86)/gnu arm embedded toolchain/10 2021.10/bin/../lib/gcc/arm-none-eabi/10.3.1/../../../../arm-none-eabi/lib/thumb/v7e-m/nofp\libc_nano.a(lib_a-makebuf.o)
                0x0800d338                __smakebuf_r
 .text.__malloc_lock
                0x0800d3b8        0xc c:/program files (x86)/gnu arm embedded toolchain/10 2021.10/bin/../lib/gcc/arm-none-eabi/10.3.1/../../../../arm-none-eabi/lib/thumb/v7e-m/nofp\libc_nano.a(lib_a-mlock.o)
                0x0800d3b8                __malloc_lock
 .text.__malloc_unlock
                0x0800d3c4        0xc c:/program files (x86)/gnu arm embedded toolchain/10 2021.10/bin/../lib/gcc/arm-none-eabi/10.3.1/../../../../arm-none-eabi/lib/thumb/v7e-m/nofp\libc_nano.a(lib_a-mlock.o)
                0x0800d3c4                __malloc_unlock
 .text.cleanup_glue
                0x0800d3d0       0x1a c:/program files (x86)/gnu arm embedded toolchain/10 2021.10/bin/../lib/gcc/arm-none-eabi/10.3.1/../../../../arm-none-eabi/lib/thumb/v7e-m/nofp\libc_nano.a(lib_a-reent.o)
                0x0800d3d0                cleanup_glue
 *fill*         0x0800d3ea        0x2 
 .text._reclaim_reent
                0x0800d3ec       0xb8 c:/program files (x86)/gnu arm embedded toolchain/10 2021.10/bin/../lib/gcc/arm-none-eabi/10.3.1/../../../../arm-none-eabi/lib/thumb/v7e-m/nofp\libc_nano.a(lib_a-reent.o)
                0x0800d3ec                _reclaim_reent
 .text.__sread  0x0800d4a4       0x22 c:/program files (x86)/gnu arm embedded toolchain/10 2021.10/bin/../lib/gcc/arm-none-eabi/10.3.1/../../../../arm-none-eabi/lib/thumb/v7e-m/nofp\libc_nano.a(lib_a-stdio.o)
                0x0800d4a4                __sread
 .text.__seofread
                0x0800d4c6        0x4 c:/program files (x86)/gnu arm embedded toolchain/10 2021.10/bin/../lib/gcc/arm-none-eabi/10.3.1/../../../../arm-none-eabi/lib/thumb/v7e-m/nofp\libc_nano.a(lib_a-stdio.o)
                0x0800d4c6                __seofread
 .text.__swrite
                0x0800d4ca       0x38 c:/program files (x86)/gnu arm embedded toolchain/10 2021.10/bin/../lib/gcc/arm-none-eabi/10.3.1/../../../../arm-none-eabi/lib/thumb/v7e-m/nofp\libc_nano.a(lib_a-stdio.o)
                0x0800d4ca                __swrite
 .text.__sseek  0x0800d502       0x24 c:/program files (x86)/gnu arm embedded toolchain/10 2021.10/bin/../lib/gcc/arm-none-eabi/10.3.1/../../../../arm-none-eabi/lib/thumb/v7e-m/nofp\libc_nano.a(lib_a-stdio.o)
                0x0800d502                __sseek
 .text.__sclose
                0x0800d526        0x8 c:/program files (x86)/gnu arm embedded toolchain/10 2021.10/bin/../lib/gcc/arm-none-eabi/10.3.1/../../../../arm-none-eabi/lib/thumb/v7e-m/nofp\libc_nano.a(lib_a-stdio.o)
                0x0800d526                __sclose
 *fill*         0x0800d52e        0x2 
 .text._write_r
                0x0800d530       0x24 c:/program files (x86)/gnu arm embedded toolchain/10 2021.10/bin/../lib/gcc/arm-none-eabi/10.3.1/../../../../arm-none-eabi/lib/thumb/v7e-m/nofp\libc_nano.a(lib_a-writer.o)
                0x0800d530                _write_r
 .text._close_r
                0x0800d554       0x20 c:/program files (x86)/gnu arm embedded toolchain/10 2021.10/bin/../lib/gcc/arm-none-eabi/10.3.1/../../../../arm-none-eabi/lib/thumb/v7e-m/nofp\libc_nano.a(lib_a-closer.o)
                0x0800d554                _close_r
 .text._fstat_r
                0x0800d574       0x24 c:/program files (x86)/gnu arm embedded toolchain/10 2021.10/bin/../lib/gcc/arm-none-eabi/10.3.1/../../../../arm-none-eabi/lib/thumb/v7e-m/nofp\libc_nano.a(lib_a-fstatr.o)
                0x0800d574                _fstat_r
 .text._isatty_r
                0x0800d598       0x20 c:/program files (x86)/gnu arm embedded toolchain/10 2021.10/bin/../lib/gcc/arm-none-eabi/10.3.1/../../../../arm-none-eabi/lib/thumb/v7e-m/nofp\libc_nano.a(lib_a-isattyr.o)
                0x0800d598                _isatty_r
 .text._lseek_r
                0x0800d5b8       0x24 c:/program files (x86)/gnu arm embedded toolchain/10 2021.10/bin/../lib/gcc/arm-none-eabi/10.3.1/../../../../arm-none-eabi/lib/thumb/v7e-m/nofp\libc_nano.a(lib_a-lseekr.o)
                0x0800d5b8                _lseek_r
 .text._read_r  0x0800d5dc       0x24 c:/program files (x86)/gnu arm embedded toolchain/10 2021.10/bin/../lib/gcc/arm-none-eabi/10.3.1/../../../../arm-none-eabi/lib/thumb/v7e-m/nofp\libc_nano.a(lib_a-readr.o)
                0x0800d5dc                _read_r
 *(.init)
 .init          0x0800d600        0x4 c:/program files (x86)/gnu arm embedded toolchain/10 2021.10/bin/../lib/gcc/arm-none-eabi/10.3.1/thumb/v7e-m/nofp/crti.o
                0x0800d600                _init
 .init          0x0800d604        0x8 c:/program files (x86)/gnu arm embedded toolchain/10 2021.10/bin/../lib/gcc/arm-none-eabi/10.3.1/thumb/v7e-m/nofp/crtn.o
 *(.fini)
 .fini          0x0800d60c        0x4 c:/program files (x86)/gnu arm embedded toolchain/10 2021.10/bin/../lib/gcc/arm-none-eabi/10.3.1/thumb/v7e-m/nofp/crti.o
                0x0800d60c                _fini
 .fini          0x0800d610        0x8 c:/program files (x86)/gnu arm embedded toolchain/10 2021.10/bin/../lib/gcc/arm-none-eabi/10.3.1/thumb/v7e-m/nofp/crtn.o
 *(.rodata)
 .rodata        0x0800d618       0x24 c:/program files (x86)/gnu arm embedded toolchain/10 2021.10/bin/../lib/gcc/arm-none-eabi/10.3.1/thumb/v7e-m/nofp/crtbegin.o
 .rodata        0x0800d63c       0x19 ble.o
 *fill*         0x0800d655        0x3 
 .rodata        0x0800d658       0x59 main.o
 *fill*         0x0800d6b1        0x3 
 .rodata        0x0800d6b4       0x53 drivers/Src/stm32f407xx_rcc_driver.o
                0x0800d6b4                AHBPrescTable
                0x0800d6c4                APBPrescTable
 *fill*         0x0800d707        0x1 
 .rodata        0x0800d708       0x13 drivers/Src/stm32f407xx_spi_driver.o
 *fill*         0x0800d71b        0x1 
 .rodata        0x0800d71c       0x46 USB/Core/Src/usbd_desc.o
 *fill*         0x0800d762        0x2 
 .rodata        0x0800d764       0x24 c:/program files (x86)/gnu arm embedded toolchain/10 2021.10/bin/../lib/gcc/arm-none-eabi/10.3.1/thumb/v7e-m/nofp/crtend.o
 *(.rodata.*)
 .rodata._global_impure_ptr
                0x0800d788        0x4 c:/program files (x86)/gnu arm embedded toolchain/10 2021.10/bin/../lib/gcc/arm-none-eabi/10.3.1/../../../../arm-none-eabi/lib/thumb/v7e-m/nofp\libc_nano.a(lib_a-impure.o)
                0x0800d788                _global_impure_ptr
 .rodata.__sf_fake_stderr
                0x0800d78c       0x20 c:/program files (x86)/gnu arm embedded toolchain/10 2021.10/bin/../lib/gcc/arm-none-eabi/10.3.1/../../../../arm-none-eabi/lib/thumb/v7e-m/nofp\libc_nano.a(lib_a-findfp.o)
                0x0800d78c                __sf_fake_stderr
 .rodata.__sf_fake_stdin
                0x0800d7ac       0x20 c:/program files (x86)/gnu arm embedded toolchain/10 2021.10/bin/../lib/gcc/arm-none-eabi/10.3.1/../../../../arm-none-eabi/lib/thumb/v7e-m/nofp\libc_nano.a(lib_a-findfp.o)
                0x0800d7ac                __sf_fake_stdin
 .rodata.__sf_fake_stdout
                0x0800d7cc       0x20 c:/program files (x86)/gnu arm embedded toolchain/10 2021.10/bin/../lib/gcc/arm-none-eabi/10.3.1/../../../../arm-none-eabi/lib/thumb/v7e-m/nofp\libc_nano.a(lib_a-findfp.o)
                0x0800d7cc                __sf_fake_stdout
                0x0800d7ec                . = ALIGN (0x4)
                0x0800d7ec                _etext = .
                0x0800d7f8                _la_data = LOADADDR (.data)

.glue_7         0x0800d7ec        0x0
 .glue_7        0x0800d7ec        0x0 linker stubs

.glue_7t        0x0800d7ec        0x0
 .glue_7t       0x0800d7ec        0x0 linker stubs

.vfp11_veneer   0x0800d7ec        0x0
 .vfp11_veneer  0x0800d7ec        0x0 linker stubs

.v4_bx          0x0800d7ec        0x0
 .v4_bx         0x0800d7ec        0x0 linker stubs

.iplt           0x0800d7ec        0x0
 .iplt          0x0800d7ec        0x0 c:/program files (x86)/gnu arm embedded toolchain/10 2021.10/bin/../lib/gcc/arm-none-eabi/10.3.1/thumb/v7e-m/nofp/crtbegin.o

.eh_frame       0x0800d7ec        0x4
 .eh_frame      0x0800d7ec        0x0 c:/program files (x86)/gnu arm embedded toolchain/10 2021.10/bin/../lib/gcc/arm-none-eabi/10.3.1/thumb/v7e-m/nofp/crtbegin.o
 .eh_frame      0x0800d7ec        0x4 c:/program files (x86)/gnu arm embedded toolchain/10 2021.10/bin/../lib/gcc/arm-none-eabi/10.3.1/thumb/v7e-m/nofp/crtend.o

.ARM.extab      0x0800d7f0        0x0
 .ARM.extab     0x0800d7f0        0x0 c:/program files (x86)/gnu arm embedded toolchain/10 2021.10/bin/../lib/gcc/arm-none-eabi/10.3.1/../../../../arm-none-eabi/lib/thumb/v7e-m/nofp/crt0.o
 .ARM.extab     0x0800d7f0        0x0 c:/program files (x86)/gnu arm embedded toolchain/10 2021.10/bin/../lib/gcc/arm-none-eabi/10.3.1/thumb/v7e-m/nofp\libgcc.a(_udivmoddi4.o)

.ARM.exidx      0x0800d7f0        0x8
 .ARM.exidx     0x0800d7f0        0x8 c:/program files (x86)/gnu arm embedded toolchain/10 2021.10/bin/../lib/gcc/arm-none-eabi/10.3.1/../../../../arm-none-eabi/lib/thumb/v7e-m/nofp/crt0.o
                                 0x10 (size before relaxing)
 .ARM.exidx     0x0800d7f8        0x0 c:/program files (x86)/gnu arm embedded toolchain/10 2021.10/bin/../lib/gcc/arm-none-eabi/10.3.1/thumb/v7e-m/nofp\libgcc.a(_udivmoddi4.o)
                                  0x8 (size before relaxing)

.rel.dyn        0x0800d7f8        0x0
 .rel.iplt      0x0800d7f8        0x0 c:/program files (x86)/gnu arm embedded toolchain/10 2021.10/bin/../lib/gcc/arm-none-eabi/10.3.1/thumb/v7e-m/nofp/crtbegin.o

.data           0x20000000      0x318 load address 0x0800d7f8
                0x20000000                _sdata = .
 *(.data)
 .data          0x20000000        0x0 c:/program files (x86)/gnu arm embedded toolchain/10 2021.10/bin/../lib/gcc/arm-none-eabi/10.3.1/thumb/v7e-m/nofp/crti.o
 .data          0x20000000        0x4 c:/program files (x86)/gnu arm embedded toolchain/10 2021.10/bin/../lib/gcc/arm-none-eabi/10.3.1/thumb/v7e-m/nofp/crtbegin.o
                0x20000000                __dso_handle
 .data          0x20000004        0x0 c:/program files (x86)/gnu arm embedded toolchain/10 2021.10/bin/../lib/gcc/arm-none-eabi/10.3.1/../../../../arm-none-eabi/lib/thumb/v7e-m/nofp/crt0.o
 .data          0x20000004      0x18c ble.o
                0x20000004                EVENT_STATUP_DATA
                0x2000000c                ACI_GATT_INIT
                0x20000010                ACI_GATT_INIT_COMPLETE
                0x20000018                ACI_GAP_INIT
                0x20000020                ACI_GAP_INIT_COMPLETE
                0x20000028                ACI_GATT_UPDATE_CHAR_VALUE
                0x20000034                ACI_GATT_UPDATE_CHAR_COMPLETE
                0x2000003c                ACI_GAP_SET_AUTH
                0x2000005c                ACI_GAP_SET_AUTH_RESP
                0x20000064                ACI_HAL_SET_TX_POWER_LEVEL
                0x2000006c                ACI_HAL_SET_TX_POWER_LEVEL_COMPLETE
                0x20000074                ACI_HAL_SET_STANDBY
                0x20000078                ACI_HAL_SET_STANDBY_COMPLETE
                0x20000080                HCI_LE_SET_SCAN_RESPONSE_DATA
                0x200000a4                HCI_LE_SET_SCAN_RESPONSE_DATA_COMPLETE
                0x200000ac                ACI_GAP_SET_DISCOVERABLE
                0x200000bc                ACI_GAP_SET_DISCOVERABLE_COMPLETE
                0x200000c4                ADD_PRIMARY_SERVICE
                0x200000dc                ADD_PRIMARY_SERVICE_COMPLETE
                0x200000e4                ADD_CUSTOM_CHAR
                0x20000104                ADD_CUSTOM_CHAR_COMPLETE_UART
                0x2000010c                ADD_CUSTOM_CHAR_COMPLETE
                0x20000114                UPDATE_CHAR
                0x20000124                DISCONNECT
                0x20000128                EVENT_DISCONNECTED
                0x2000012c                EVENT_DISCONNECT_PENDING
                0x20000134                EVENT_CONNECTED
                0x2000013c                EVENT_GATT_CHANGED
                0x20000144                ACI_GAP_SET_NON_DISCOVERABLE
                0x20000148                ACI_GAP_SET_NON_DISCOVERABLE_COMPLETE
                0x20000150                pNVIC_ISPR0
                0x20000154                deviceName
                0x2000015c                UUID_NORDIC_UART_SERVICE
                0x2000016c                UUID_CHAR_WRITE
                0x2000017c                UUID_CHAR_READ
                0x2000018c                connectionHandler
 .data          0x20000190        0x0 led.o
 .data          0x20000190        0x2 LIS3DSH.o
                0x20000190                dummy
 *fill*         0x20000192        0x2 
 .data          0x20000194        0x9 main.o
                0x20000194                pNVIC_ISPR1
                0x20000198                moving_cnt
                0x2000019c                is_discoverable
 .data          0x2000019d        0x0 stm32_startup.o
 *fill*         0x2000019d        0x3 
 .data          0x200001a0        0x4 syscalls.o
                0x200001a0                environ
 .data          0x200001a4        0x0 drivers/Src/stm32f407xx_gpio_driver.o
 .data          0x200001a4        0x0 drivers/Src/stm32f407xx_i2c_driver.o
 .data          0x200001a4       0x18 drivers/Src/stm32f407xx_rcc_driver.o
                0x200001a4                SystemCoreClock
                0x200001a8                AHB_PreScaler
                0x200001b8                APB1_PreScaler
 .data          0x200001bc        0x0 drivers/Src/stm32f407xx_spi_driver.o
 .data          0x200001bc        0x0 drivers/Src/stm32f407xx_tim_driver.o
 .data          0x200001bc        0x0 drivers/Src/stm32f407xx_usart_driver.o
 .data          0x200001bc       0x8a USB/Class/CDC/Src/usbd_cdc.o
                0x200001c8                USBD_CDC
 *fill*         0x20000246        0x2 
 .data          0x20000248       0x14 USB/Class/CDC/Src/usbd_cdc_if.o
                0x20000248                USBD_Interface_fops_FS
 .data          0x2000025c        0x5 USB/Core/Src/stm32f4xx_hal.o
                0x2000025c                uwTickPrio
                0x20000260                uwTickFreq
 .data          0x20000261        0x0 USB/Core/Src/stm32f4xx_hal_pcd.o
 .data          0x20000261        0x0 USB/Core/Src/stm32f4xx_hal_pcd_ex.o
 .data          0x20000261        0x0 USB/Core/Src/stm32f4xx_ll_usb.o
 .data          0x20000261        0x0 USB/Core/Src/usbd_conf.o
 .data          0x20000261        0x0 USB/Core/Src/usbd_core.o
 .data          0x20000261        0x0 USB/Core/Src/usbd_ctlreq.o
 *fill*         0x20000261        0x3 
 .data          0x20000264       0x4e USB/Core/Src/usbd_desc.o
                0x20000264                FS_Desc
                0x20000280                USBD_FS_DeviceDesc
                0x20000294                USBD_LangIDDesc
                0x20000298                USBD_StringSerial
 .data          0x200002b2        0x0 USB/Core/Src/usbd_ioreq.o
 .data          0x200002b2        0x0 c:/program files (x86)/gnu arm embedded toolchain/10 2021.10/bin/../lib/gcc/arm-none-eabi/10.3.1/thumb/v7e-m/nofp\libgcc.a(_aeabi_uldivmod.o)
 .data          0x200002b2        0x0 c:/program files (x86)/gnu arm embedded toolchain/10 2021.10/bin/../lib/gcc/arm-none-eabi/10.3.1/thumb/v7e-m/nofp\libgcc.a(_udivmoddi4.o)
 .data          0x200002b2        0x0 c:/program files (x86)/gnu arm embedded toolchain/10 2021.10/bin/../lib/gcc/arm-none-eabi/10.3.1/thumb/v7e-m/nofp\libgcc.a(_dvmd_tls.o)
 .data          0x200002b2        0x0 c:/program files (x86)/gnu arm embedded toolchain/10 2021.10/bin/../lib/gcc/arm-none-eabi/10.3.1/../../../../arm-none-eabi/lib/thumb/v7e-m/nofp\libc_nano.a(lib_a-errno.o)
 .data          0x200002b2        0x0 c:/program files (x86)/gnu arm embedded toolchain/10 2021.10/bin/../lib/gcc/arm-none-eabi/10.3.1/../../../../arm-none-eabi/lib/thumb/v7e-m/nofp\libc_nano.a(lib_a-exit.o)
 .data          0x200002b2        0x0 c:/program files (x86)/gnu arm embedded toolchain/10 2021.10/bin/../lib/gcc/arm-none-eabi/10.3.1/../../../../arm-none-eabi/lib/thumb/v7e-m/nofp\libc_nano.a(lib_a-impure.o)
 .data          0x200002b2        0x0 c:/program files (x86)/gnu arm embedded toolchain/10 2021.10/bin/../lib/gcc/arm-none-eabi/10.3.1/../../../../arm-none-eabi/lib/thumb/v7e-m/nofp\libc_nano.a(lib_a-init.o)
 .data          0x200002b2        0x0 c:/program files (x86)/gnu arm embedded toolchain/10 2021.10/bin/../lib/gcc/arm-none-eabi/10.3.1/../../../../arm-none-eabi/lib/thumb/v7e-m/nofp\libc_nano.a(lib_a-malloc.o)
 .data          0x200002b2        0x0 c:/program files (x86)/gnu arm embedded toolchain/10 2021.10/bin/../lib/gcc/arm-none-eabi/10.3.1/../../../../arm-none-eabi/lib/thumb/v7e-m/nofp\libc_nano.a(lib_a-memcpy-stub.o)
 .data          0x200002b2        0x0 c:/program files (x86)/gnu arm embedded toolchain/10 2021.10/bin/../lib/gcc/arm-none-eabi/10.3.1/../../../../arm-none-eabi/lib/thumb/v7e-m/nofp\libc_nano.a(lib_a-memset.o)
 .data          0x200002b2        0x0 c:/program files (x86)/gnu arm embedded toolchain/10 2021.10/bin/../lib/gcc/arm-none-eabi/10.3.1/../../../../arm-none-eabi/lib/thumb/v7e-m/nofp\libc_nano.a(lib_a-nano-freer.o)
 .data          0x200002b2        0x0 c:/program files (x86)/gnu arm embedded toolchain/10 2021.10/bin/../lib/gcc/arm-none-eabi/10.3.1/../../../../arm-none-eabi/lib/thumb/v7e-m/nofp\libc_nano.a(lib_a-nano-mallocr.o)
 .data          0x200002b2        0x0 c:/program files (x86)/gnu arm embedded toolchain/10 2021.10/bin/../lib/gcc/arm-none-eabi/10.3.1/../../../../arm-none-eabi/lib/thumb/v7e-m/nofp\libc_nano.a(lib_a-puts.o)
 .data          0x200002b2        0x0 c:/program files (x86)/gnu arm embedded toolchain/10 2021.10/bin/../lib/gcc/arm-none-eabi/10.3.1/../../../../arm-none-eabi/lib/thumb/v7e-m/nofp\libc_nano.a(lib_a-sbrkr.o)
 .data          0x200002b2        0x0 c:/program files (x86)/gnu arm embedded toolchain/10 2021.10/bin/../lib/gcc/arm-none-eabi/10.3.1/../../../../arm-none-eabi/lib/thumb/v7e-m/nofp\libc_nano.a(lib_a-wbuf.o)
 .data          0x200002b2        0x0 c:/program files (x86)/gnu arm embedded toolchain/10 2021.10/bin/../lib/gcc/arm-none-eabi/10.3.1/../../../../arm-none-eabi/lib/thumb/v7e-m/nofp\libc_nano.a(lib_a-wsetup.o)
 .data          0x200002b2        0x0 c:/program files (x86)/gnu arm embedded toolchain/10 2021.10/bin/../lib/gcc/arm-none-eabi/10.3.1/../../../../arm-none-eabi/lib/thumb/v7e-m/nofp\libc_nano.a(lib_a-fflush.o)
 .data          0x200002b2        0x0 c:/program files (x86)/gnu arm embedded toolchain/10 2021.10/bin/../lib/gcc/arm-none-eabi/10.3.1/../../../../arm-none-eabi/lib/thumb/v7e-m/nofp\libc_nano.a(lib_a-findfp.o)
 .data          0x200002b2        0x0 c:/program files (x86)/gnu arm embedded toolchain/10 2021.10/bin/../lib/gcc/arm-none-eabi/10.3.1/../../../../arm-none-eabi/lib/thumb/v7e-m/nofp\libc_nano.a(lib_a-fwalk.o)
 .data          0x200002b2        0x0 c:/program files (x86)/gnu arm embedded toolchain/10 2021.10/bin/../lib/gcc/arm-none-eabi/10.3.1/../../../../arm-none-eabi/lib/thumb/v7e-m/nofp\libc_nano.a(lib_a-lock.o)
 .data          0x200002b2        0x0 c:/program files (x86)/gnu arm embedded toolchain/10 2021.10/bin/../lib/gcc/arm-none-eabi/10.3.1/../../../../arm-none-eabi/lib/thumb/v7e-m/nofp\libc_nano.a(lib_a-makebuf.o)
 .data          0x200002b2        0x0 c:/program files (x86)/gnu arm embedded toolchain/10 2021.10/bin/../lib/gcc/arm-none-eabi/10.3.1/../../../../arm-none-eabi/lib/thumb/v7e-m/nofp\libc_nano.a(lib_a-mlock.o)
 .data          0x200002b2        0x0 c:/program files (x86)/gnu arm embedded toolchain/10 2021.10/bin/../lib/gcc/arm-none-eabi/10.3.1/../../../../arm-none-eabi/lib/thumb/v7e-m/nofp\libc_nano.a(lib_a-reent.o)
 .data          0x200002b2        0x0 c:/program files (x86)/gnu arm embedded toolchain/10 2021.10/bin/../lib/gcc/arm-none-eabi/10.3.1/../../../../arm-none-eabi/lib/thumb/v7e-m/nofp\libc_nano.a(lib_a-stdio.o)
 .data          0x200002b2        0x0 c:/program files (x86)/gnu arm embedded toolchain/10 2021.10/bin/../lib/gcc/arm-none-eabi/10.3.1/../../../../arm-none-eabi/lib/thumb/v7e-m/nofp\libc_nano.a(lib_a-writer.o)
 .data          0x200002b2        0x0 c:/program files (x86)/gnu arm embedded toolchain/10 2021.10/bin/../lib/gcc/arm-none-eabi/10.3.1/../../../../arm-none-eabi/lib/thumb/v7e-m/nofp\libc_nano.a(lib_a-closer.o)
 .data          0x200002b2        0x0 c:/program files (x86)/gnu arm embedded toolchain/10 2021.10/bin/../lib/gcc/arm-none-eabi/10.3.1/../../../../arm-none-eabi/lib/thumb/v7e-m/nofp\libc_nano.a(lib_a-fstatr.o)
 .data          0x200002b2        0x0 c:/program files (x86)/gnu arm embedded toolchain/10 2021.10/bin/../lib/gcc/arm-none-eabi/10.3.1/../../../../arm-none-eabi/lib/thumb/v7e-m/nofp\libc_nano.a(lib_a-isattyr.o)
 .data          0x200002b2        0x0 c:/program files (x86)/gnu arm embedded toolchain/10 2021.10/bin/../lib/gcc/arm-none-eabi/10.3.1/../../../../arm-none-eabi/lib/thumb/v7e-m/nofp\libc_nano.a(lib_a-lseekr.o)
 .data          0x200002b2        0x0 c:/program files (x86)/gnu arm embedded toolchain/10 2021.10/bin/../lib/gcc/arm-none-eabi/10.3.1/../../../../arm-none-eabi/lib/thumb/v7e-m/nofp\libc_nano.a(lib_a-readr.o)
 .data          0x200002b2        0x0 c:/program files (x86)/gnu arm embedded toolchain/10 2021.10/bin/../lib/gcc/arm-none-eabi/10.3.1/thumb/v7e-m/nofp/crtend.o
 .data          0x200002b2        0x0 c:/program files (x86)/gnu arm embedded toolchain/10 2021.10/bin/../lib/gcc/arm-none-eabi/10.3.1/thumb/v7e-m/nofp/crtn.o
 *(.data.*)
 *fill*         0x200002b2        0x2 
 .data._impure_ptr
                0x200002b4        0x4 c:/program files (x86)/gnu arm embedded toolchain/10 2021.10/bin/../lib/gcc/arm-none-eabi/10.3.1/../../../../arm-none-eabi/lib/thumb/v7e-m/nofp\libc_nano.a(lib_a-impure.o)
                0x200002b4                _impure_ptr
 .data.impure_data
                0x200002b8       0x60 c:/program files (x86)/gnu arm embedded toolchain/10 2021.10/bin/../lib/gcc/arm-none-eabi/10.3.1/../../../../arm-none-eabi/lib/thumb/v7e-m/nofp\libc_nano.a(lib_a-impure.o)
                0x20000318                . = ALIGN (0x4)
                0x20000318                _edata = .

.init_array     0x20000318        0x4 load address 0x0800db10
 .init_array    0x20000318        0x4 c:/program files (x86)/gnu arm embedded toolchain/10 2021.10/bin/../lib/gcc/arm-none-eabi/10.3.1/thumb/v7e-m/nofp/crtbegin.o

.fini_array     0x2000031c        0x4 load address 0x0800db14
 .fini_array    0x2000031c        0x4 c:/program files (x86)/gnu arm embedded toolchain/10 2021.10/bin/../lib/gcc/arm-none-eabi/10.3.1/thumb/v7e-m/nofp/crtbegin.o

.igot.plt       0x20000320        0x0 load address 0x0800db18
 .igot.plt      0x20000320        0x0 c:/program files (x86)/gnu arm embedded toolchain/10 2021.10/bin/../lib/gcc/arm-none-eabi/10.3.1/thumb/v7e-m/nofp/crtbegin.o

.bss            0x20000320     0x1e28 load address 0x0800db18
                0x20000320                _sbss = .
                0x20000320                __bss_start__ = _sbss
 *(.bss)
 .bss           0x20000320        0x0 c:/program files (x86)/gnu arm embedded toolchain/10 2021.10/bin/../lib/gcc/arm-none-eabi/10.3.1/thumb/v7e-m/nofp/crti.o
 .bss           0x20000320       0x1c c:/program files (x86)/gnu arm embedded toolchain/10 2021.10/bin/../lib/gcc/arm-none-eabi/10.3.1/thumb/v7e-m/nofp/crtbegin.o
 .bss           0x2000033c        0x0 c:/program files (x86)/gnu arm embedded toolchain/10 2021.10/bin/../lib/gcc/arm-none-eabi/10.3.1/../../../../arm-none-eabi/lib/thumb/v7e-m/nofp/crt0.o
 .bss           0x2000033c      0x14c ble.o
                0x2000033c                GAP_SERVICE_HANDLE
                0x20000340                GAP_CHAR_NAME_HANDLE
                0x20000344                GAP_CHAR_APP_HANDLE
                0x20000348                buffer
                0x20000448                NORDIC_UART_SERVICE_HANDLE
                0x2000044c                WRITE_CHAR_HANDLE
                0x20000450                READ_CHAR_HANDLE
                0x20000452                stackInitCompleteFlag
                0x20000454                rxEvent
                0x20000458                flag
                0x2000045c                BLE
                0x20000468                SPI2Handle
 .bss           0x20000488        0xc led.o
                0x20000488                LED
 .bss           0x20000494        0x0 LIS3DSH.o
 .bss           0x20000494      0x30c main.o
                0x20000494                Timer5_Handle
                0x200004a0                hUsbDeviceFS
                0x2000077c                start_cnt
                0x2000077d                id_cnt
                0x2000077e                start_flag
                0x20000780                dataAvailable
                0x20000784                gatt_flag
                0x20000786                acc_x
                0x20000788                acc_y
                0x2000078a                acc_z
                0x2000078c                lost_cnt_sec
                0x20000790                dwt_cyc_unit
                0x20000794                USB_FS_GPIO
 .bss           0x200007a0        0x0 stm32_startup.o
 .bss           0x200007a0        0x8 syscalls.o
                0x200007a0                __env
 .bss           0x200007a8        0x0 drivers/Src/stm32f407xx_gpio_driver.o
 .bss           0x200007a8        0x0 drivers/Src/stm32f407xx_i2c_driver.o
 .bss           0x200007a8        0x0 drivers/Src/stm32f407xx_rcc_driver.o
 .bss           0x200007a8        0x0 drivers/Src/stm32f407xx_spi_driver.o
 .bss           0x200007a8       0x48 drivers/Src/stm32f407xx_tim_driver.o
                0x200007a8                htim6
 .bss           0x200007f0        0x0 drivers/Src/stm32f407xx_usart_driver.o
 .bss           0x200007f0        0x0 USB/Class/CDC/Src/usbd_cdc.o
 .bss           0x200007f0     0x1000 USB/Class/CDC/Src/usbd_cdc_if.o
                0x200007f0                UserRxBufferFS
                0x20000ff0                UserTxBufferFS
 .bss           0x200017f0        0x4 USB/Core/Src/stm32f4xx_hal.o
                0x200017f0                uwTick
 .bss           0x200017f4        0x0 USB/Core/Src/stm32f4xx_hal_pcd.o
 .bss           0x200017f4        0x0 USB/Core/Src/stm32f4xx_hal_pcd_ex.o
 .bss           0x200017f4        0x0 USB/Core/Src/stm32f4xx_ll_usb.o
 .bss           0x200017f4      0x738 USB/Core/Src/usbd_conf.o
                0x200017f4                hpcd_USB_OTG_FS
                0x20001d00                USB_FS
 .bss           0x20001f2c        0x0 USB/Core/Src/usbd_core.o
 .bss           0x20001f2c        0x1 USB/Core/Src/usbd_ctlreq.o
 *fill*         0x20001f2d        0x3 
 .bss           0x20001f30      0x200 USB/Core/Src/usbd_desc.o
                0x20001f30                USBD_StrDesc
 .bss           0x20002130        0x0 USB/Core/Src/usbd_ioreq.o
 .bss           0x20002130        0x0 c:/program files (x86)/gnu arm embedded toolchain/10 2021.10/bin/../lib/gcc/arm-none-eabi/10.3.1/thumb/v7e-m/nofp\libgcc.a(_aeabi_uldivmod.o)
 .bss           0x20002130        0x0 c:/program files (x86)/gnu arm embedded toolchain/10 2021.10/bin/../lib/gcc/arm-none-eabi/10.3.1/thumb/v7e-m/nofp\libgcc.a(_udivmoddi4.o)
 .bss           0x20002130        0x0 c:/program files (x86)/gnu arm embedded toolchain/10 2021.10/bin/../lib/gcc/arm-none-eabi/10.3.1/thumb/v7e-m/nofp\libgcc.a(_dvmd_tls.o)
 .bss           0x20002130        0x0 c:/program files (x86)/gnu arm embedded toolchain/10 2021.10/bin/../lib/gcc/arm-none-eabi/10.3.1/../../../../arm-none-eabi/lib/thumb/v7e-m/nofp\libc_nano.a(lib_a-errno.o)
 .bss           0x20002130        0x0 c:/program files (x86)/gnu arm embedded toolchain/10 2021.10/bin/../lib/gcc/arm-none-eabi/10.3.1/../../../../arm-none-eabi/lib/thumb/v7e-m/nofp\libc_nano.a(lib_a-exit.o)
 .bss           0x20002130        0x0 c:/program files (x86)/gnu arm embedded toolchain/10 2021.10/bin/../lib/gcc/arm-none-eabi/10.3.1/../../../../arm-none-eabi/lib/thumb/v7e-m/nofp\libc_nano.a(lib_a-impure.o)
 .bss           0x20002130        0x0 c:/program files (x86)/gnu arm embedded toolchain/10 2021.10/bin/../lib/gcc/arm-none-eabi/10.3.1/../../../../arm-none-eabi/lib/thumb/v7e-m/nofp\libc_nano.a(lib_a-init.o)
 .bss           0x20002130        0x0 c:/program files (x86)/gnu arm embedded toolchain/10 2021.10/bin/../lib/gcc/arm-none-eabi/10.3.1/../../../../arm-none-eabi/lib/thumb/v7e-m/nofp\libc_nano.a(lib_a-malloc.o)
 .bss           0x20002130        0x0 c:/program files (x86)/gnu arm embedded toolchain/10 2021.10/bin/../lib/gcc/arm-none-eabi/10.3.1/../../../../arm-none-eabi/lib/thumb/v7e-m/nofp\libc_nano.a(lib_a-memcpy-stub.o)
 .bss           0x20002130        0x0 c:/program files (x86)/gnu arm embedded toolchain/10 2021.10/bin/../lib/gcc/arm-none-eabi/10.3.1/../../../../arm-none-eabi/lib/thumb/v7e-m/nofp\libc_nano.a(lib_a-memset.o)
 .bss           0x20002130        0x0 c:/program files (x86)/gnu arm embedded toolchain/10 2021.10/bin/../lib/gcc/arm-none-eabi/10.3.1/../../../../arm-none-eabi/lib/thumb/v7e-m/nofp\libc_nano.a(lib_a-nano-freer.o)
 .bss           0x20002130        0x0 c:/program files (x86)/gnu arm embedded toolchain/10 2021.10/bin/../lib/gcc/arm-none-eabi/10.3.1/../../../../arm-none-eabi/lib/thumb/v7e-m/nofp\libc_nano.a(lib_a-nano-mallocr.o)
 .bss           0x20002130        0x0 c:/program files (x86)/gnu arm embedded toolchain/10 2021.10/bin/../lib/gcc/arm-none-eabi/10.3.1/../../../../arm-none-eabi/lib/thumb/v7e-m/nofp\libc_nano.a(lib_a-puts.o)
 .bss           0x20002130        0x0 c:/program files (x86)/gnu arm embedded toolchain/10 2021.10/bin/../lib/gcc/arm-none-eabi/10.3.1/../../../../arm-none-eabi/lib/thumb/v7e-m/nofp\libc_nano.a(lib_a-sbrkr.o)
 .bss           0x20002130        0x0 c:/program files (x86)/gnu arm embedded toolchain/10 2021.10/bin/../lib/gcc/arm-none-eabi/10.3.1/../../../../arm-none-eabi/lib/thumb/v7e-m/nofp\libc_nano.a(lib_a-wbuf.o)
 .bss           0x20002130        0x0 c:/program files (x86)/gnu arm embedded toolchain/10 2021.10/bin/../lib/gcc/arm-none-eabi/10.3.1/../../../../arm-none-eabi/lib/thumb/v7e-m/nofp\libc_nano.a(lib_a-wsetup.o)
 .bss           0x20002130        0x0 c:/program files (x86)/gnu arm embedded toolchain/10 2021.10/bin/../lib/gcc/arm-none-eabi/10.3.1/../../../../arm-none-eabi/lib/thumb/v7e-m/nofp\libc_nano.a(lib_a-fflush.o)
 .bss           0x20002130        0x0 c:/program files (x86)/gnu arm embedded toolchain/10 2021.10/bin/../lib/gcc/arm-none-eabi/10.3.1/../../../../arm-none-eabi/lib/thumb/v7e-m/nofp\libc_nano.a(lib_a-findfp.o)
 .bss           0x20002130        0x0 c:/program files (x86)/gnu arm embedded toolchain/10 2021.10/bin/../lib/gcc/arm-none-eabi/10.3.1/../../../../arm-none-eabi/lib/thumb/v7e-m/nofp\libc_nano.a(lib_a-fwalk.o)
 .bss           0x20002130        0x0 c:/program files (x86)/gnu arm embedded toolchain/10 2021.10/bin/../lib/gcc/arm-none-eabi/10.3.1/../../../../arm-none-eabi/lib/thumb/v7e-m/nofp\libc_nano.a(lib_a-lock.o)
 .bss           0x20002130        0x0 c:/program files (x86)/gnu arm embedded toolchain/10 2021.10/bin/../lib/gcc/arm-none-eabi/10.3.1/../../../../arm-none-eabi/lib/thumb/v7e-m/nofp\libc_nano.a(lib_a-makebuf.o)
 .bss           0x20002130        0x0 c:/program files (x86)/gnu arm embedded toolchain/10 2021.10/bin/../lib/gcc/arm-none-eabi/10.3.1/../../../../arm-none-eabi/lib/thumb/v7e-m/nofp\libc_nano.a(lib_a-mlock.o)
 .bss           0x20002130        0x0 c:/program files (x86)/gnu arm embedded toolchain/10 2021.10/bin/../lib/gcc/arm-none-eabi/10.3.1/../../../../arm-none-eabi/lib/thumb/v7e-m/nofp\libc_nano.a(lib_a-reent.o)
 .bss           0x20002130        0x0 c:/program files (x86)/gnu arm embedded toolchain/10 2021.10/bin/../lib/gcc/arm-none-eabi/10.3.1/../../../../arm-none-eabi/lib/thumb/v7e-m/nofp\libc_nano.a(lib_a-stdio.o)
 .bss           0x20002130        0x0 c:/program files (x86)/gnu arm embedded toolchain/10 2021.10/bin/../lib/gcc/arm-none-eabi/10.3.1/../../../../arm-none-eabi/lib/thumb/v7e-m/nofp\libc_nano.a(lib_a-writer.o)
 .bss           0x20002130        0x0 c:/program files (x86)/gnu arm embedded toolchain/10 2021.10/bin/../lib/gcc/arm-none-eabi/10.3.1/../../../../arm-none-eabi/lib/thumb/v7e-m/nofp\libc_nano.a(lib_a-closer.o)
 .bss           0x20002130        0x0 c:/program files (x86)/gnu arm embedded toolchain/10 2021.10/bin/../lib/gcc/arm-none-eabi/10.3.1/../../../../arm-none-eabi/lib/thumb/v7e-m/nofp\libc_nano.a(lib_a-fstatr.o)
 .bss           0x20002130        0x0 c:/program files (x86)/gnu arm embedded toolchain/10 2021.10/bin/../lib/gcc/arm-none-eabi/10.3.1/../../../../arm-none-eabi/lib/thumb/v7e-m/nofp\libc_nano.a(lib_a-isattyr.o)
 .bss           0x20002130        0x0 c:/program files (x86)/gnu arm embedded toolchain/10 2021.10/bin/../lib/gcc/arm-none-eabi/10.3.1/../../../../arm-none-eabi/lib/thumb/v7e-m/nofp\libc_nano.a(lib_a-lseekr.o)
 .bss           0x20002130        0x0 c:/program files (x86)/gnu arm embedded toolchain/10 2021.10/bin/../lib/gcc/arm-none-eabi/10.3.1/../../../../arm-none-eabi/lib/thumb/v7e-m/nofp\libc_nano.a(lib_a-readr.o)
 .bss           0x20002130        0x0 c:/program files (x86)/gnu arm embedded toolchain/10 2021.10/bin/../lib/gcc/arm-none-eabi/10.3.1/thumb/v7e-m/nofp/crtend.o
 .bss           0x20002130        0x0 c:/program files (x86)/gnu arm embedded toolchain/10 2021.10/bin/../lib/gcc/arm-none-eabi/10.3.1/thumb/v7e-m/nofp/crtn.o
 *(.bss.*)
 .bss.__malloc_free_list
                0x20002130        0x4 c:/program files (x86)/gnu arm embedded toolchain/10 2021.10/bin/../lib/gcc/arm-none-eabi/10.3.1/../../../../arm-none-eabi/lib/thumb/v7e-m/nofp\libc_nano.a(lib_a-nano-mallocr.o)
                0x20002130                __malloc_free_list
 .bss.__malloc_sbrk_start
                0x20002134        0x4 c:/program files (x86)/gnu arm embedded toolchain/10 2021.10/bin/../lib/gcc/arm-none-eabi/10.3.1/../../../../arm-none-eabi/lib/thumb/v7e-m/nofp\libc_nano.a(lib_a-nano-mallocr.o)
                0x20002134                __malloc_sbrk_start
 .bss.__lock___arc4random_mutex
                0x20002138        0x1 c:/program files (x86)/gnu arm embedded toolchain/10 2021.10/bin/../lib/gcc/arm-none-eabi/10.3.1/../../../../arm-none-eabi/lib/thumb/v7e-m/nofp\libc_nano.a(lib_a-lock.o)
                0x20002138                __lock___arc4random_mutex
 .bss.__lock___at_quick_exit_mutex
                0x20002139        0x1 c:/program files (x86)/gnu arm embedded toolchain/10 2021.10/bin/../lib/gcc/arm-none-eabi/10.3.1/../../../../arm-none-eabi/lib/thumb/v7e-m/nofp\libc_nano.a(lib_a-lock.o)
                0x20002139                __lock___at_quick_exit_mutex
 .bss.__lock___atexit_recursive_mutex
                0x2000213a        0x1 c:/program files (x86)/gnu arm embedded toolchain/10 2021.10/bin/../lib/gcc/arm-none-eabi/10.3.1/../../../../arm-none-eabi/lib/thumb/v7e-m/nofp\libc_nano.a(lib_a-lock.o)
                0x2000213a                __lock___atexit_recursive_mutex
 .bss.__lock___dd_hash_mutex
                0x2000213b        0x1 c:/program files (x86)/gnu arm embedded toolchain/10 2021.10/bin/../lib/gcc/arm-none-eabi/10.3.1/../../../../arm-none-eabi/lib/thumb/v7e-m/nofp\libc_nano.a(lib_a-lock.o)
                0x2000213b                __lock___dd_hash_mutex
 .bss.__lock___env_recursive_mutex
                0x2000213c        0x1 c:/program files (x86)/gnu arm embedded toolchain/10 2021.10/bin/../lib/gcc/arm-none-eabi/10.3.1/../../../../arm-none-eabi/lib/thumb/v7e-m/nofp\libc_nano.a(lib_a-lock.o)
                0x2000213c                __lock___env_recursive_mutex
 .bss.__lock___malloc_recursive_mutex
                0x2000213d        0x1 c:/program files (x86)/gnu arm embedded toolchain/10 2021.10/bin/../lib/gcc/arm-none-eabi/10.3.1/../../../../arm-none-eabi/lib/thumb/v7e-m/nofp\libc_nano.a(lib_a-lock.o)
                0x2000213d                __lock___malloc_recursive_mutex
 .bss.__lock___sfp_recursive_mutex
                0x2000213e        0x1 c:/program files (x86)/gnu arm embedded toolchain/10 2021.10/bin/../lib/gcc/arm-none-eabi/10.3.1/../../../../arm-none-eabi/lib/thumb/v7e-m/nofp\libc_nano.a(lib_a-lock.o)
                0x2000213e                __lock___sfp_recursive_mutex
 .bss.__lock___sinit_recursive_mutex
                0x2000213f        0x1 c:/program files (x86)/gnu arm embedded toolchain/10 2021.10/bin/../lib/gcc/arm-none-eabi/10.3.1/../../../../arm-none-eabi/lib/thumb/v7e-m/nofp\libc_nano.a(lib_a-lock.o)
                0x2000213f                __lock___sinit_recursive_mutex
 .bss.__lock___tz_mutex
                0x20002140        0x1 c:/program files (x86)/gnu arm embedded toolchain/10 2021.10/bin/../lib/gcc/arm-none-eabi/10.3.1/../../../../arm-none-eabi/lib/thumb/v7e-m/nofp\libc_nano.a(lib_a-lock.o)
                0x20002140                __lock___tz_mutex
 *fill*         0x20002141        0x3 
 .bss.errno     0x20002144        0x4 c:/program files (x86)/gnu arm embedded toolchain/10 2021.10/bin/../lib/gcc/arm-none-eabi/10.3.1/../../../../arm-none-eabi/lib/thumb/v7e-m/nofp\libc_nano.a(lib_a-reent.o)
                0x20002144                errno
 *(COMMON)
                0x20002148                . = ALIGN (0x4)
                0x20002148                _ebss = .
                0x20002148                __bss_end__ = _ebss
                0x20002148                . = ALIGN (0x4)
                0x20002148                end = .
                0x20002148                __end__ = .
OUTPUT(final.elf elf32-littlearm)
LOAD linker stubs

.ARM.attributes
                0x00000000       0x2a
 .ARM.attributes
                0x00000000       0x1e c:/program files (x86)/gnu arm embedded toolchain/10 2021.10/bin/../lib/gcc/arm-none-eabi/10.3.1/thumb/v7e-m/nofp/crti.o
 .ARM.attributes
                0x0000001e       0x2e c:/program files (x86)/gnu arm embedded toolchain/10 2021.10/bin/../lib/gcc/arm-none-eabi/10.3.1/thumb/v7e-m/nofp/crtbegin.o
 .ARM.attributes
                0x0000004c       0x1c c:/program files (x86)/gnu arm embedded toolchain/10 2021.10/bin/../lib/gcc/arm-none-eabi/10.3.1/../../../../arm-none-eabi/lib/thumb/v7e-m/nofp/crt0.o
 .ARM.attributes
                0x00000068       0x2e ble.o
 .ARM.attributes
                0x00000096       0x2e led.o
 .ARM.attributes
                0x000000c4       0x2e LIS3DSH.o
 .ARM.attributes
                0x000000f2       0x2e main.o
 .ARM.attributes
                0x00000120       0x2e stm32_startup.o
 .ARM.attributes
                0x0000014e       0x2e syscalls.o
 .ARM.attributes
                0x0000017c       0x2e drivers/Src/stm32f407xx_gpio_driver.o
 .ARM.attributes
                0x000001aa       0x2e drivers/Src/stm32f407xx_i2c_driver.o
 .ARM.attributes
                0x000001d8       0x2e drivers/Src/stm32f407xx_rcc_driver.o
 .ARM.attributes
                0x00000206       0x2e drivers/Src/stm32f407xx_spi_driver.o
 .ARM.attributes
                0x00000234       0x2e drivers/Src/stm32f407xx_tim_driver.o
 .ARM.attributes
                0x00000262       0x2e drivers/Src/stm32f407xx_usart_driver.o
 .ARM.attributes
                0x00000290       0x2e USB/Class/CDC/Src/usbd_cdc.o
 .ARM.attributes
                0x000002be       0x2e USB/Class/CDC/Src/usbd_cdc_if.o
 .ARM.attributes
                0x000002ec       0x2e USB/Core/Src/stm32f4xx_hal.o
 .ARM.attributes
                0x0000031a       0x2e USB/Core/Src/stm32f4xx_hal_pcd.o
 .ARM.attributes
                0x00000348       0x2e USB/Core/Src/stm32f4xx_hal_pcd_ex.o
 .ARM.attributes
                0x00000376       0x2e USB/Core/Src/stm32f4xx_ll_usb.o
 .ARM.attributes
                0x000003a4       0x2e USB/Core/Src/usbd_conf.o
 .ARM.attributes
                0x000003d2       0x2e USB/Core/Src/usbd_core.o
 .ARM.attributes
                0x00000400       0x2e USB/Core/Src/usbd_ctlreq.o
 .ARM.attributes
                0x0000042e       0x2e USB/Core/Src/usbd_desc.o
 .ARM.attributes
                0x0000045c       0x2e USB/Core/Src/usbd_ioreq.o
 .ARM.attributes
                0x0000048a       0x1e c:/program files (x86)/gnu arm embedded toolchain/10 2021.10/bin/../lib/gcc/arm-none-eabi/10.3.1/thumb/v7e-m/nofp\libgcc.a(_aeabi_uldivmod.o)
 .ARM.attributes
                0x000004a8       0x2e c:/program files (x86)/gnu arm embedded toolchain/10 2021.10/bin/../lib/gcc/arm-none-eabi/10.3.1/thumb/v7e-m/nofp\libgcc.a(_udivmoddi4.o)
 .ARM.attributes
                0x000004d6       0x1e c:/program files (x86)/gnu arm embedded toolchain/10 2021.10/bin/../lib/gcc/arm-none-eabi/10.3.1/thumb/v7e-m/nofp\libgcc.a(_dvmd_tls.o)
 .ARM.attributes
                0x000004f4       0x2e c:/program files (x86)/gnu arm embedded toolchain/10 2021.10/bin/../lib/gcc/arm-none-eabi/10.3.1/../../../../arm-none-eabi/lib/thumb/v7e-m/nofp\libc_nano.a(lib_a-errno.o)
 .ARM.attributes
                0x00000522       0x2e c:/program files (x86)/gnu arm embedded toolchain/10 2021.10/bin/../lib/gcc/arm-none-eabi/10.3.1/../../../../arm-none-eabi/lib/thumb/v7e-m/nofp\libc_nano.a(lib_a-exit.o)
 .ARM.attributes
                0x00000550       0x2e c:/program files (x86)/gnu arm embedded toolchain/10 2021.10/bin/../lib/gcc/arm-none-eabi/10.3.1/../../../../arm-none-eabi/lib/thumb/v7e-m/nofp\libc_nano.a(lib_a-impure.o)
 .ARM.attributes
                0x0000057e       0x2e c:/program files (x86)/gnu arm embedded toolchain/10 2021.10/bin/../lib/gcc/arm-none-eabi/10.3.1/../../../../arm-none-eabi/lib/thumb/v7e-m/nofp\libc_nano.a(lib_a-init.o)
 .ARM.attributes
                0x000005ac       0x2e c:/program files (x86)/gnu arm embedded toolchain/10 2021.10/bin/../lib/gcc/arm-none-eabi/10.3.1/../../../../arm-none-eabi/lib/thumb/v7e-m/nofp\libc_nano.a(lib_a-malloc.o)
 .ARM.attributes
                0x000005da       0x2e c:/program files (x86)/gnu arm embedded toolchain/10 2021.10/bin/../lib/gcc/arm-none-eabi/10.3.1/../../../../arm-none-eabi/lib/thumb/v7e-m/nofp\libc_nano.a(lib_a-memcpy-stub.o)
 .ARM.attributes
                0x00000608       0x2e c:/program files (x86)/gnu arm embedded toolchain/10 2021.10/bin/../lib/gcc/arm-none-eabi/10.3.1/../../../../arm-none-eabi/lib/thumb/v7e-m/nofp\libc_nano.a(lib_a-memset.o)
 .ARM.attributes
                0x00000636       0x2e c:/program files (x86)/gnu arm embedded toolchain/10 2021.10/bin/../lib/gcc/arm-none-eabi/10.3.1/../../../../arm-none-eabi/lib/thumb/v7e-m/nofp\libc_nano.a(lib_a-nano-freer.o)
 .ARM.attributes
                0x00000664       0x2e c:/program files (x86)/gnu arm embedded toolchain/10 2021.10/bin/../lib/gcc/arm-none-eabi/10.3.1/../../../../arm-none-eabi/lib/thumb/v7e-m/nofp\libc_nano.a(lib_a-nano-mallocr.o)
 .ARM.attributes
                0x00000692       0x2e c:/program files (x86)/gnu arm embedded toolchain/10 2021.10/bin/../lib/gcc/arm-none-eabi/10.3.1/../../../../arm-none-eabi/lib/thumb/v7e-m/nofp\libc_nano.a(lib_a-puts.o)
 .ARM.attributes
                0x000006c0       0x2e c:/program files (x86)/gnu arm embedded toolchain/10 2021.10/bin/../lib/gcc/arm-none-eabi/10.3.1/../../../../arm-none-eabi/lib/thumb/v7e-m/nofp\libc_nano.a(lib_a-sbrkr.o)
 .ARM.attributes
                0x000006ee       0x2e c:/program files (x86)/gnu arm embedded toolchain/10 2021.10/bin/../lib/gcc/arm-none-eabi/10.3.1/../../../../arm-none-eabi/lib/thumb/v7e-m/nofp\libc_nano.a(lib_a-wbuf.o)
 .ARM.attributes
                0x0000071c       0x2e c:/program files (x86)/gnu arm embedded toolchain/10 2021.10/bin/../lib/gcc/arm-none-eabi/10.3.1/../../../../arm-none-eabi/lib/thumb/v7e-m/nofp\libc_nano.a(lib_a-wsetup.o)
 .ARM.attributes
                0x0000074a       0x2e c:/program files (x86)/gnu arm embedded toolchain/10 2021.10/bin/../lib/gcc/arm-none-eabi/10.3.1/../../../../arm-none-eabi/lib/thumb/v7e-m/nofp\libc_nano.a(lib_a-fflush.o)
 .ARM.attributes
                0x00000778       0x2e c:/program files (x86)/gnu arm embedded toolchain/10 2021.10/bin/../lib/gcc/arm-none-eabi/10.3.1/../../../../arm-none-eabi/lib/thumb/v7e-m/nofp\libc_nano.a(lib_a-findfp.o)
 .ARM.attributes
                0x000007a6       0x2e c:/program files (x86)/gnu arm embedded toolchain/10 2021.10/bin/../lib/gcc/arm-none-eabi/10.3.1/../../../../arm-none-eabi/lib/thumb/v7e-m/nofp\libc_nano.a(lib_a-fwalk.o)
 .ARM.attributes
                0x000007d4       0x2e c:/program files (x86)/gnu arm embedded toolchain/10 2021.10/bin/../lib/gcc/arm-none-eabi/10.3.1/../../../../arm-none-eabi/lib/thumb/v7e-m/nofp\libc_nano.a(lib_a-lock.o)
 .ARM.attributes
                0x00000802       0x2e c:/program files (x86)/gnu arm embedded toolchain/10 2021.10/bin/../lib/gcc/arm-none-eabi/10.3.1/../../../../arm-none-eabi/lib/thumb/v7e-m/nofp\libc_nano.a(lib_a-makebuf.o)
 .ARM.attributes